Archive member included to satisfy reference by file (symbol)

c:/st/stm32cubeide_1.9.0/stm32cubeide/plugins/com.st.stm32cube.ide.mcu.externaltools.gnu-tools-for-stm32.10.3-2021.10.win32_1.0.0.202111181127/tools/bin/../lib/gcc/arm-none-eabi/10.3.1/../../../../arm-none-eabi/lib/thumb/v7e-m+dp/hard\libc_nano.a(lib_a-errno.o)
                              ./Core/Src/syscalls.o (__errno)
c:/st/stm32cubeide_1.9.0/stm32cubeide/plugins/com.st.stm32cube.ide.mcu.externaltools.gnu-tools-for-stm32.10.3-2021.10.win32_1.0.0.202111181127/tools/bin/../lib/gcc/arm-none-eabi/10.3.1/../../../../arm-none-eabi/lib/thumb/v7e-m+dp/hard\libc_nano.a(lib_a-exit.o)
                              c:/st/stm32cubeide_1.9.0/stm32cubeide/plugins/com.st.stm32cube.ide.mcu.externaltools.gnu-tools-for-stm32.10.3-2021.10.win32_1.0.0.202111181127/tools/bin/../lib/gcc/arm-none-eabi/10.3.1/../../../../arm-none-eabi/lib/thumb/v7e-m+dp/hard/crt0.o (exit)
c:/st/stm32cubeide_1.9.0/stm32cubeide/plugins/com.st.stm32cube.ide.mcu.externaltools.gnu-tools-for-stm32.10.3-2021.10.win32_1.0.0.202111181127/tools/bin/../lib/gcc/arm-none-eabi/10.3.1/../../../../arm-none-eabi/lib/thumb/v7e-m+dp/hard\libc_nano.a(lib_a-impure.o)
                              c:/st/stm32cubeide_1.9.0/stm32cubeide/plugins/com.st.stm32cube.ide.mcu.externaltools.gnu-tools-for-stm32.10.3-2021.10.win32_1.0.0.202111181127/tools/bin/../lib/gcc/arm-none-eabi/10.3.1/../../../../arm-none-eabi/lib/thumb/v7e-m+dp/hard\libc_nano.a(lib_a-exit.o) (_global_impure_ptr)
c:/st/stm32cubeide_1.9.0/stm32cubeide/plugins/com.st.stm32cube.ide.mcu.externaltools.gnu-tools-for-stm32.10.3-2021.10.win32_1.0.0.202111181127/tools/bin/../lib/gcc/arm-none-eabi/10.3.1/../../../../arm-none-eabi/lib/thumb/v7e-m+dp/hard\libc_nano.a(lib_a-init.o)
                              c:/st/stm32cubeide_1.9.0/stm32cubeide/plugins/com.st.stm32cube.ide.mcu.externaltools.gnu-tools-for-stm32.10.3-2021.10.win32_1.0.0.202111181127/tools/bin/../lib/gcc/arm-none-eabi/10.3.1/../../../../arm-none-eabi/lib/thumb/v7e-m+dp/hard/crt0.o (__libc_init_array)
c:/st/stm32cubeide_1.9.0/stm32cubeide/plugins/com.st.stm32cube.ide.mcu.externaltools.gnu-tools-for-stm32.10.3-2021.10.win32_1.0.0.202111181127/tools/bin/../lib/gcc/arm-none-eabi/10.3.1/../../../../arm-none-eabi/lib/thumb/v7e-m+dp/hard\libc_nano.a(lib_a-memset.o)
                              c:/st/stm32cubeide_1.9.0/stm32cubeide/plugins/com.st.stm32cube.ide.mcu.externaltools.gnu-tools-for-stm32.10.3-2021.10.win32_1.0.0.202111181127/tools/bin/../lib/gcc/arm-none-eabi/10.3.1/../../../../arm-none-eabi/lib/thumb/v7e-m+dp/hard/crt0.o (memset)
c:/st/stm32cubeide_1.9.0/stm32cubeide/plugins/com.st.stm32cube.ide.mcu.externaltools.gnu-tools-for-stm32.10.3-2021.10.win32_1.0.0.202111181127/tools/bin/../lib/gcc/arm-none-eabi/10.3.1/thumb/v7e-m+dp/hard\libgcc.a(_aeabi_uldivmod.o)
                              ./Drivers/STM32H7xx_HAL_Driver/stm32h7xx_hal_uart.o (__aeabi_uldivmod)
c:/st/stm32cubeide_1.9.0/stm32cubeide/plugins/com.st.stm32cube.ide.mcu.externaltools.gnu-tools-for-stm32.10.3-2021.10.win32_1.0.0.202111181127/tools/bin/../lib/gcc/arm-none-eabi/10.3.1/thumb/v7e-m+dp/hard\libgcc.a(_udivmoddi4.o)
                              c:/st/stm32cubeide_1.9.0/stm32cubeide/plugins/com.st.stm32cube.ide.mcu.externaltools.gnu-tools-for-stm32.10.3-2021.10.win32_1.0.0.202111181127/tools/bin/../lib/gcc/arm-none-eabi/10.3.1/thumb/v7e-m+dp/hard\libgcc.a(_aeabi_uldivmod.o) (__udivmoddi4)
c:/st/stm32cubeide_1.9.0/stm32cubeide/plugins/com.st.stm32cube.ide.mcu.externaltools.gnu-tools-for-stm32.10.3-2021.10.win32_1.0.0.202111181127/tools/bin/../lib/gcc/arm-none-eabi/10.3.1/thumb/v7e-m+dp/hard\libgcc.a(_dvmd_tls.o)
                              c:/st/stm32cubeide_1.9.0/stm32cubeide/plugins/com.st.stm32cube.ide.mcu.externaltools.gnu-tools-for-stm32.10.3-2021.10.win32_1.0.0.202111181127/tools/bin/../lib/gcc/arm-none-eabi/10.3.1/thumb/v7e-m+dp/hard\libgcc.a(_aeabi_uldivmod.o) (__aeabi_ldiv0)

Discarded input sections

 .text          0x0000000000000000        0x0 c:/st/stm32cubeide_1.9.0/stm32cubeide/plugins/com.st.stm32cube.ide.mcu.externaltools.gnu-tools-for-stm32.10.3-2021.10.win32_1.0.0.202111181127/tools/bin/../lib/gcc/arm-none-eabi/10.3.1/thumb/v7e-m+dp/hard/crti.o
 .data          0x0000000000000000        0x0 c:/st/stm32cubeide_1.9.0/stm32cubeide/plugins/com.st.stm32cube.ide.mcu.externaltools.gnu-tools-for-stm32.10.3-2021.10.win32_1.0.0.202111181127/tools/bin/../lib/gcc/arm-none-eabi/10.3.1/thumb/v7e-m+dp/hard/crti.o
 .bss           0x0000000000000000        0x0 c:/st/stm32cubeide_1.9.0/stm32cubeide/plugins/com.st.stm32cube.ide.mcu.externaltools.gnu-tools-for-stm32.10.3-2021.10.win32_1.0.0.202111181127/tools/bin/../lib/gcc/arm-none-eabi/10.3.1/thumb/v7e-m+dp/hard/crti.o
[...]
Memory Configuration

Name             Origin             Length             Attributes
RAM_D1           0x0000000024000000 0x0000000000080000 xrw
FLASH            0x0000000008000000 0x0000000000100000 xr
DTCMRAM          0x0000000020000000 0x0000000000020000 xrw
RAM_D2           0x0000000030000000 0x0000000000048000 xrw
RAM_D3           0x0000000038000000 0x0000000000010000 xrw
ITCMRAM          0x0000000000000000 0x0000000000010000 xrw
*default*        0x0000000000000000 0xffffffffffffffff

Linker script and memory map

LOAD c:/st/stm32cubeide_1.9.0/stm32cubeide/plugins/com.st.stm32cube.ide.mcu.externaltools.gnu-tools-for-stm32.10.3-2021.10.win32_1.0.0.202111181127/tools/bin/../lib/gcc/arm-none-eabi/10.3.1/thumb/v7e-m+dp/hard/crti.o
LOAD c:/st/stm32cubeide_1.9.0/stm32cubeide/plugins/com.st.stm32cube.ide.mcu.externaltools.gnu-tools-for-stm32.10.3-2021.10.win32_1.0.0.202111181127/tools/bin/../lib/gcc/arm-none-eabi/10.3.1/thumb/v7e-m+dp/hard/crtbegin.o
LOAD c:/st/stm32cubeide_1.9.0/stm32cubeide/plugins/com.st.stm32cube.ide.mcu.externaltools.gnu-tools-for-stm32.10.3-2021.10.win32_1.0.0.202111181127/tools/bin/../lib/gcc/arm-none-eabi/10.3.1/../../../../arm-none-eabi/lib/thumb/v7e-m+dp/hard/crt0.o
LOAD ./Common/Src/system_stm32h7xx_dualcore_boot_cm4_cm7.o
LOAD ./Core/Src/main.o
LOAD ./Core/Src/stm32h7xx_hal_msp.o
LOAD ./Core/Src/stm32h7xx_it.o
LOAD ./Core/Src/syscalls.o
LOAD ./Core/Src/sysmem.o
LOAD ./Core/Startup/startup_stm32h747xihx.o
LOAD ./Drivers/STM32H7xx_HAL_Driver/stm32h7xx_hal.o
LOAD ./Drivers/STM32H7xx_HAL_Driver/stm32h7xx_hal_cortex.o
LOAD ./Drivers/STM32H7xx_HAL_Driver/stm32h7xx_hal_dma.o
LOAD ./Drivers/STM32H7xx_HAL_Driver/stm32h7xx_hal_dma_ex.o
LOAD ./Drivers/STM32H7xx_HAL_Driver/stm32h7xx_hal_exti.o
LOAD ./Drivers/STM32H7xx_HAL_Driver/stm32h7xx_hal_flash.o
LOAD ./Drivers/STM32H7xx_HAL_Driver/stm32h7xx_hal_flash_ex.o
LOAD ./Drivers/STM32H7xx_HAL_Driver/stm32h7xx_hal_gpio.o
LOAD ./Drivers/STM32H7xx_HAL_Driver/stm32h7xx_hal_hsem.o
LOAD ./Drivers/STM32H7xx_HAL_Driver/stm32h7xx_hal_i2c.o
LOAD ./Drivers/STM32H7xx_HAL_Driver/stm32h7xx_hal_i2c_ex.o
LOAD ./Drivers/STM32H7xx_HAL_Driver/stm32h7xx_hal_mdma.o
LOAD ./Drivers/STM32H7xx_HAL_Driver/stm32h7xx_hal_pcd.o
LOAD ./Drivers/STM32H7xx_HAL_Driver/stm32h7xx_hal_pcd_ex.o
LOAD ./Drivers/STM32H7xx_HAL_Driver/stm32h7xx_hal_pwr.o
LOAD ./Drivers/STM32H7xx_HAL_Driver/stm32h7xx_hal_pwr_ex.o
LOAD ./Drivers/STM32H7xx_HAL_Driver/stm32h7xx_hal_rcc.o
LOAD ./Drivers/STM32H7xx_HAL_Driver/stm32h7xx_hal_rcc_ex.o
LOAD ./Drivers/STM32H7xx_HAL_Driver/stm32h7xx_hal_tim.o
LOAD ./Drivers/STM32H7xx_HAL_Driver/stm32h7xx_hal_tim_ex.o
LOAD ./Drivers/STM32H7xx_HAL_Driver/stm32h7xx_hal_uart.o
LOAD ./Drivers/STM32H7xx_HAL_Driver/stm32h7xx_hal_uart_ex.o
LOAD ./Drivers/STM32H7xx_HAL_Driver/stm32h7xx_ll_usb.o
LOAD ./Middlewares/ST/STM32_USB_Device_Library/usbd_cdc.o
LOAD ./Middlewares/ST/STM32_USB_Device_Library/usbd_core.o
LOAD ./Middlewares/ST/STM32_USB_Device_Library/usbd_ctlreq.o
LOAD ./Middlewares/ST/STM32_USB_Device_Library/usbd_ioreq.o
LOAD ./USB_DEVICE/App/usb_device.o
LOAD ./USB_DEVICE/App/usbd_cdc_if.o
LOAD ./USB_DEVICE/App/usbd_desc.o
LOAD ./USB_DEVICE/Target/usbd_conf.o
START GROUP
LOAD c:/st/stm32cubeide_1.9.0/stm32cubeide/plugins/com.st.stm32cube.ide.mcu.externaltools.gnu-tools-for-stm32.10.3-2021.10.win32_1.0.0.202111181127/tools/bin/../lib/gcc/arm-none-eabi/10.3.1/../../../../arm-none-eabi/lib/thumb/v7e-m+dp/hard\libc_nano.a
LOAD c:/st/stm32cubeide_1.9.0/stm32cubeide/plugins/com.st.stm32cube.ide.mcu.externaltools.gnu-tools-for-stm32.10.3-2021.10.win32_1.0.0.202111181127/tools/bin/../lib/gcc/arm-none-eabi/10.3.1/../../../../arm-none-eabi/lib/thumb/v7e-m+dp/hard\libm.a
END GROUP
START GROUP
LOAD c:/st/stm32cubeide_1.9.0/stm32cubeide/plugins/com.st.stm32cube.ide.mcu.externaltools.gnu-tools-for-stm32.10.3-2021.10.win32_1.0.0.202111181127/tools/bin/../lib/gcc/arm-none-eabi/10.3.1/thumb/v7e-m+dp/hard\libgcc.a
LOAD c:/st/stm32cubeide_1.9.0/stm32cubeide/plugins/com.st.stm32cube.ide.mcu.externaltools.gnu-tools-for-stm32.10.3-2021.10.win32_1.0.0.202111181127/tools/bin/../lib/gcc/arm-none-eabi/10.3.1/../../../../arm-none-eabi/lib/thumb/v7e-m+dp/hard\libc_nano.a
END GROUP
START GROUP
LOAD c:/st/stm32cubeide_1.9.0/stm32cubeide/plugins/com.st.stm32cube.ide.mcu.externaltools.gnu-tools-for-stm32.10.3-2021.10.win32_1.0.0.202111181127/tools/bin/../lib/gcc/arm-none-eabi/10.3.1/thumb/v7e-m+dp/hard\libgcc.a
LOAD c:/st/stm32cubeide_1.9.0/stm32cubeide/plugins/com.st.stm32cube.ide.mcu.externaltools.gnu-tools-for-stm32.10.3-2021.10.win32_1.0.0.202111181127/tools/bin/../lib/gcc/arm-none-eabi/10.3.1/../../../../arm-none-eabi/lib/thumb/v7e-m+dp/hard\libc_nano.a
LOAD c:/st/stm32cubeide_1.9.0/stm32cubeide/plugins/com.st.stm32cube.ide.mcu.externaltools.gnu-tools-for-stm32.10.3-2021.10.win32_1.0.0.202111181127/tools/bin/../lib/gcc/arm-none-eabi/10.3.1/../../../../arm-none-eabi/lib/thumb/v7e-m+dp/hard\libnosys.a
END GROUP
START GROUP
LOAD c:/st/stm32cubeide_1.9.0/stm32cubeide/plugins/com.st.stm32cube.ide.mcu.externaltools.gnu-tools-for-stm32.10.3-2021.10.win32_1.0.0.202111181127/tools/bin/../lib/gcc/arm-none-eabi/10.3.1/thumb/v7e-m+dp/hard\libgcc.a
LOAD c:/st/stm32cubeide_1.9.0/stm32cubeide/plugins/com.st.stm32cube.ide.mcu.externaltools.gnu-tools-for-stm32.10.3-2021.10.win32_1.0.0.202111181127/tools/bin/../lib/gcc/arm-none-eabi/10.3.1/../../../../arm-none-eabi/lib/thumb/v7e-m+dp/hard\libc_nano.a
LOAD c:/st/stm32cubeide_1.9.0/stm32cubeide/plugins/com.st.stm32cube.ide.mcu.externaltools.gnu-tools-for-stm32.10.3-2021.10.win32_1.0.0.202111181127/tools/bin/../lib/gcc/arm-none-eabi/10.3.1/../../../../arm-none-eabi/lib/thumb/v7e-m+dp/hard\libnosys.a
END GROUP
LOAD c:/st/stm32cubeide_1.9.0/stm32cubeide/plugins/com.st.stm32cube.ide.mcu.externaltools.gnu-tools-for-stm32.10.3-2021.10.win32_1.0.0.202111181127/tools/bin/../lib/gcc/arm-none-eabi/10.3.1/thumb/v7e-m+dp/hard/crtend.o
LOAD c:/st/stm32cubeide_1.9.0/stm32cubeide/plugins/com.st.stm32cube.ide.mcu.externaltools.gnu-tools-for-stm32.10.3-2021.10.win32_1.0.0.202111181127/tools/bin/../lib/gcc/arm-none-eabi/10.3.1/thumb/v7e-m+dp/hard/crtn.o
                0x0000000024080000                _estack = (ORIGIN (RAM_D1) + LENGTH (RAM_D1))
                0x0000000000000200                _Min_Heap_Size = 0x200
                0x0000000000000400                _Min_Stack_Size = 0x400

.isr_vector     0x0000000008000000      0x298
                0x0000000008000000                . = ALIGN (0x4)
 *(.isr_vector)
 .isr_vector    0x0000000008000000      0x298 ./Core/Startup/startup_stm32h747xihx.o
                0x0000000008000000                g_pfnVectors
                0x0000000008000298                . = ALIGN (0x4)

.text           0x0000000008000298     0xa41c
                0x0000000008000298                . = ALIGN (0x4)
 *(.text)
 .text          0x0000000008000298       0x40 c:/st/stm32cubeide_1.9.0/stm32cubeide/plugins/com.st.stm32cube.ide.mcu.externaltools.gnu-tools-for-stm32.10.3-2021.10.win32_1.0.0.202111181127/tools/bin/../lib/gcc/arm-none-eabi/10.3.1/thumb/v7e-m+dp/hard/crtbegin.o
 .text          0x00000000080002d8       0x30 c:/st/stm32cubeide_1.9.0/stm32cubeide/plugins/com.st.stm32cube.ide.mcu.externaltools.gnu-tools-for-stm32.10.3-2021.10.win32_1.0.0.202111181127/tools/bin/../lib/gcc/arm-none-eabi/10.3.1/thumb/v7e-m+dp/hard\libgcc.a(_aeabi_uldivmod.o)
                0x00000000080002d8                __aeabi_uldivmod
 .text          0x0000000008000308      0x2d0 c:/st/stm32cubeide_1.9.0/stm32cubeide/plugins/com.st.stm32cube.ide.mcu.externaltools.gnu-tools-for-stm32.10.3-2021.10.win32_1.0.0.202111181127/tools/bin/../lib/gcc/arm-none-eabi/10.3.1/thumb/v7e-m+dp/hard\libgcc.a(_udivmoddi4.o)
                0x0000000008000308                __udivmoddi4
 .text          0x00000000080005d8        0x4 c:/st/stm32cubeide_1.9.0/stm32cubeide/plugins/com.st.stm32cube.ide.mcu.externaltools.gnu-tools-for-stm32.10.3-2021.10.win32_1.0.0.202111181127/tools/bin/../lib/gcc/arm-none-eabi/10.3.1/thumb/v7e-m+dp/hard\libgcc.a(_dvmd_tls.o)
                0x00000000080005d8                __aeabi_idiv0
                0x00000000080005d8                __aeabi_ldiv0
 *(.text*)
 .text.SystemInit
                0x00000000080005dc      0x12c ./Common/Src/system_stm32h7xx_dualcore_boot_cm4_cm7.o
                0x00000000080005dc                SystemInit
 .text.main     0x0000000008000708       0x70 ./Core/Src/main.o
                0x0000000008000708                main
 .text.SystemClock_Config
                0x0000000008000778       0xf8 ./Core/Src/main.o
                0x0000000008000778                SystemClock_Config
 .text.MX_USART1_UART_Init
                0x0000000008000870       0x98 ./Core/Src/main.o
 .text.MX_GPIO_Init
                0x0000000008000908       0xe0 ./Core/Src/main.o
 .text.Error_Handler
                0x00000000080009e8        0xa ./Core/Src/main.o
                0x00000000080009e8                Error_Handler
 *fill*         0x00000000080009f2        0x2 
 .text.HAL_MspInit
                0x00000000080009f4       0x34 ./Core/Src/stm32h7xx_hal_msp.o
                0x00000000080009f4                HAL_MspInit
 .text.HAL_UART_MspInit
                0x0000000008000a28       0xcc ./Core/Src/stm32h7xx_hal_msp.o
                0x0000000008000a28                HAL_UART_MspInit
 .text.NMI_Handler
                0x0000000008000af4        0x6 ./Core/Src/stm32h7xx_it.o
                0x0000000008000af4                NMI_Handler
 .text.HardFault_Handler
                0x0000000008000afa        0x6 ./Core/Src/stm32h7xx_it.o
                0x0000000008000afa                HardFault_Handler
 .text.MemManage_Handler
                0x0000000008000b00        0x6 ./Core/Src/stm32h7xx_it.o
                0x0000000008000b00                MemManage_Handler
 .text.BusFault_Handler
                0x0000000008000b06        0x6 ./Core/Src/stm32h7xx_it.o
                0x0000000008000b06                BusFault_Handler
 .text.UsageFault_Handler
                0x0000000008000b0c        0x6 ./Core/Src/stm32h7xx_it.o
                0x0000000008000b0c                UsageFault_Handler
 .text.SVC_Handler
                0x0000000008000b12        0xe ./Core/Src/stm32h7xx_it.o
                0x0000000008000b12                SVC_Handler
 .text.DebugMon_Handler
                0x0000000008000b20        0xe ./Core/Src/stm32h7xx_it.o
                0x0000000008000b20                DebugMon_Handler
 .text.PendSV_Handler
                0x0000000008000b2e        0xe ./Core/Src/stm32h7xx_it.o
                0x0000000008000b2e                PendSV_Handler
 .text.SysTick_Handler
                0x0000000008000b3c        0xc ./Core/Src/stm32h7xx_it.o
                0x0000000008000b3c                SysTick_Handler
 .text.OTG_HS_EP1_OUT_IRQHandler
                0x0000000008000b48       0x14 ./Core/Src/stm32h7xx_it.o
                0x0000000008000b48                OTG_HS_EP1_OUT_IRQHandler
 .text.OTG_HS_EP1_IN_IRQHandler
                0x0000000008000b5c       0x14 ./Core/Src/stm32h7xx_it.o
                0x0000000008000b5c                OTG_HS_EP1_IN_IRQHandler
 .text.OTG_HS_IRQHandler
                0x0000000008000b70       0x14 ./Core/Src/stm32h7xx_it.o
                0x0000000008000b70                OTG_HS_IRQHandler
 .text.Reset_Handler
                0x0000000008000b84       0x50 ./Core/Startup/startup_stm32h747xihx.o
                0x0000000008000b84                Reset_Handler
 .text.Default_Handler
                0x0000000008000bd4        0x2 ./Core/Startup/startup_stm32h747xihx.o
                0x0000000008000bd4                RTC_Alarm_IRQHandler
                0x0000000008000bd4                EXTI2_IRQHandler
                0x0000000008000bd4                TIM8_CC_IRQHandler
                0x0000000008000bd4                HRTIM1_Master_IRQHandler
                0x0000000008000bd4                UART8_IRQHandler
                0x0000000008000bd4                SPI4_IRQHandler
                0x0000000008000bd4                TIM1_CC_IRQHandler
                0x0000000008000bd4                BDMA_Channel6_IRQHandler
                0x0000000008000bd4                DMA2_Stream5_IRQHandler
                0x0000000008000bd4                HRTIM1_FLT_IRQHandler
                0x0000000008000bd4                JPEG_IRQHandler
                0x0000000008000bd4                DMA1_Stream5_IRQHandler
                0x0000000008000bd4                BDMA_Channel1_IRQHandler
                0x0000000008000bd4                HRTIM1_TIMD_IRQHandler
                0x0000000008000bd4                TAMP_STAMP_IRQHandler
                0x0000000008000bd4                EXTI3_IRQHandler
                0x0000000008000bd4                LPTIM4_IRQHandler
                0x0000000008000bd4                TIM8_TRG_COM_TIM14_IRQHandler
                0x0000000008000bd4                LPTIM2_IRQHandler
                0x0000000008000bd4                DFSDM1_FLT1_IRQHandler
                0x0000000008000bd4                DMAMUX2_OVR_IRQHandler
                0x0000000008000bd4                TIM8_UP_TIM13_IRQHandler
                0x0000000008000bd4                I2C3_ER_IRQHandler
                0x0000000008000bd4                DFSDM1_FLT2_IRQHandler
                0x0000000008000bd4                MDMA_IRQHandler
                0x0000000008000bd4                LPTIM3_IRQHandler
                0x0000000008000bd4                HSEM1_IRQHandler
                0x0000000008000bd4                EXTI0_IRQHandler
                0x0000000008000bd4                I2C2_EV_IRQHandler
                0x0000000008000bd4                DMA1_Stream2_IRQHandler
                0x0000000008000bd4                FPU_IRQHandler
                0x0000000008000bd4                OTG_HS_WKUP_IRQHandler
                0x0000000008000bd4                FDCAN1_IT1_IRQHandler
                0x0000000008000bd4                LTDC_ER_IRQHandler
                0x0000000008000bd4                DMA2_Stream2_IRQHandler
                0x0000000008000bd4                HRTIM1_TIME_IRQHandler
                0x0000000008000bd4                SPI1_IRQHandler
                0x0000000008000bd4                TIM6_DAC_IRQHandler
                0x0000000008000bd4                DCMI_IRQHandler
                0x0000000008000bd4                HRTIM1_TIMC_IRQHandler
                0x0000000008000bd4                DMA2_Stream3_IRQHandler
                0x0000000008000bd4                SAI2_IRQHandler
                0x0000000008000bd4                DFSDM1_FLT3_IRQHandler
                0x0000000008000bd4                USART6_IRQHandler
                0x0000000008000bd4                TIM17_IRQHandler
                0x0000000008000bd4                USART3_IRQHandler
                0x0000000008000bd4                BDMA_Channel7_IRQHandler
                0x0000000008000bd4                LPTIM5_IRQHandler
                0x0000000008000bd4                UART5_IRQHandler
                0x0000000008000bd4                ADC3_IRQHandler
                0x0000000008000bd4                DMA2_Stream0_IRQHandler
                0x0000000008000bd4                TIM4_IRQHandler
                0x0000000008000bd4                BDMA_Channel2_IRQHandler
                0x0000000008000bd4                QUADSPI_IRQHandler
                0x0000000008000bd4                I2C1_EV_IRQHandler
                0x0000000008000bd4                DMA1_Stream6_IRQHandler
                0x0000000008000bd4                DMAMUX1_OVR_IRQHandler
                0x0000000008000bd4                DMA1_Stream1_IRQHandler
                0x0000000008000bd4                TIM16_IRQHandler
                0x0000000008000bd4                UART4_IRQHandler
                0x0000000008000bd4                BDMA_Channel5_IRQHandler
                0x0000000008000bd4                TIM3_IRQHandler
                0x0000000008000bd4                RCC_IRQHandler
                0x0000000008000bd4                TIM8_BRK_TIM12_IRQHandler
                0x0000000008000bd4                TIM1_TRG_COM_IRQHandler
                0x0000000008000bd4                Default_Handler
                0x0000000008000bd4                ECC_IRQHandler
                0x0000000008000bd4                CEC_IRQHandler
                0x0000000008000bd4                EXTI15_10_IRQHandler
                0x0000000008000bd4                BDMA_Channel0_IRQHandler
                0x0000000008000bd4                ADC_IRQHandler
                0x0000000008000bd4                DMA1_Stream7_IRQHandler
                0x0000000008000bd4                HRTIM1_TIMA_IRQHandler
                0x0000000008000bd4                SPI5_IRQHandler
                0x0000000008000bd4                TIM7_IRQHandler
                0x0000000008000bd4                SDMMC1_IRQHandler
                0x0000000008000bd4                TIM5_IRQHandler
                0x0000000008000bd4                DMA2_Stream7_IRQHandler
                0x0000000008000bd4                TIM15_IRQHandler
                0x0000000008000bd4                PVD_AVD_IRQHandler
                0x0000000008000bd4                I2C3_EV_IRQHandler
                0x0000000008000bd4                EXTI9_5_IRQHandler
                0x0000000008000bd4                RTC_WKUP_IRQHandler
                0x0000000008000bd4                LTDC_IRQHandler
                0x0000000008000bd4                SAI3_IRQHandler
                0x0000000008000bd4                ETH_WKUP_IRQHandler
                0x0000000008000bd4                SPDIF_RX_IRQHandler
                0x0000000008000bd4                SPI2_IRQHandler
                0x0000000008000bd4                DMA1_Stream0_IRQHandler
                0x0000000008000bd4                CRS_IRQHandler
                0x0000000008000bd4                CM7_SEV_IRQHandler
                0x0000000008000bd4                EXTI4_IRQHandler
                0x0000000008000bd4                RNG_IRQHandler
                0x0000000008000bd4                CM4_SEV_IRQHandler
                0x0000000008000bd4                HRTIM1_TIMB_IRQHandler
                0x0000000008000bd4                FDCAN2_IT1_IRQHandler
                0x0000000008000bd4                DSI_IRQHandler
                0x0000000008000bd4                ETH_IRQHandler
                0x0000000008000bd4                TIM1_UP_IRQHandler
                0x0000000008000bd4                WWDG_RST_IRQHandler
                0x0000000008000bd4                BDMA_Channel4_IRQHandler
                0x0000000008000bd4                WWDG_IRQHandler
                0x0000000008000bd4                SPI6_IRQHandler
                0x0000000008000bd4                MDIOS_IRQHandler
                0x0000000008000bd4                I2C4_EV_IRQHandler
                0x0000000008000bd4                FDCAN2_IT0_IRQHandler
                0x0000000008000bd4                LPUART1_IRQHandler
                0x0000000008000bd4                FDCAN1_IT0_IRQHandler
                0x0000000008000bd4                TIM2_IRQHandler
                0x0000000008000bd4                OTG_FS_WKUP_IRQHandler
                0x0000000008000bd4                HSEM2_IRQHandler
                0x0000000008000bd4                DMA2D_IRQHandler
                0x0000000008000bd4                TIM1_BRK_IRQHandler
                0x0000000008000bd4                EXTI1_IRQHandler
                0x0000000008000bd4                SDMMC2_IRQHandler
                0x0000000008000bd4                OTG_FS_EP1_OUT_IRQHandler
                0x0000000008000bd4                BDMA_Channel3_IRQHandler
                0x0000000008000bd4                HOLD_CORE_IRQHandler
                0x0000000008000bd4                UART7_IRQHandler
                0x0000000008000bd4                MDIOS_WKUP_IRQHandler
                0x0000000008000bd4                USART2_IRQHandler
                0x0000000008000bd4                DFSDM1_FLT0_IRQHandler
                0x0000000008000bd4                SAI4_IRQHandler
                0x0000000008000bd4                I2C2_ER_IRQHandler
                0x0000000008000bd4                DMA2_Stream1_IRQHandler
                0x0000000008000bd4                FLASH_IRQHandler
                0x0000000008000bd4                DMA2_Stream4_IRQHandler
                0x0000000008000bd4                USART1_IRQHandler
                0x0000000008000bd4                OTG_FS_IRQHandler
                0x0000000008000bd4                SPI3_IRQHandler
                0x0000000008000bd4                WAKEUP_PIN_IRQHandler
                0x0000000008000bd4                DMA1_Stream4_IRQHandler
                0x0000000008000bd4                OTG_FS_EP1_IN_IRQHandler
                0x0000000008000bd4                I2C1_ER_IRQHandler
                0x0000000008000bd4                FMC_IRQHandler
                0x0000000008000bd4                FDCAN_CAL_IRQHandler
                0x0000000008000bd4                SWPMI1_IRQHandler
                0x0000000008000bd4                COMP1_IRQHandler
                0x0000000008000bd4                LPTIM1_IRQHandler
                0x0000000008000bd4                I2C4_ER_IRQHandler
                0x0000000008000bd4                DMA2_Stream6_IRQHandler
                0x0000000008000bd4                SAI1_IRQHandler
                0x0000000008000bd4                DMA1_Stream3_IRQHandler
 *fill*         0x0000000008000bd6        0x2 
 .text.HAL_Init
                0x0000000008000bd8       0x78 ./Drivers/STM32H7xx_HAL_Driver/stm32h7xx_hal.o
                0x0000000008000bd8                HAL_Init
 .text.HAL_InitTick
                0x0000000008000c50       0x6c ./Drivers/STM32H7xx_HAL_Driver/stm32h7xx_hal.o
                0x0000000008000c50                HAL_InitTick
 .text.HAL_IncTick
                0x0000000008000cbc       0x28 ./Drivers/STM32H7xx_HAL_Driver/stm32h7xx_hal.o
                0x0000000008000cbc                HAL_IncTick
 .text.HAL_GetTick
                0x0000000008000ce4       0x18 ./Drivers/STM32H7xx_HAL_Driver/stm32h7xx_hal.o
                0x0000000008000ce4                HAL_GetTick
 .text.HAL_Delay
                0x0000000008000cfc       0x48 ./Drivers/STM32H7xx_HAL_Driver/stm32h7xx_hal.o
                0x0000000008000cfc                HAL_Delay
 .text.HAL_GetREVID
                0x0000000008000d44       0x18 ./Drivers/STM32H7xx_HAL_Driver/stm32h7xx_hal.o
                0x0000000008000d44                HAL_GetREVID
 .text.__NVIC_SetPriorityGrouping
                0x0000000008000d5c       0x48 ./Drivers/STM32H7xx_HAL_Driver/stm32h7xx_hal_cortex.o
 .text.__NVIC_GetPriorityGrouping
                0x0000000008000da4       0x1c ./Drivers/STM32H7xx_HAL_Driver/stm32h7xx_hal_cortex.o
 .text.__NVIC_EnableIRQ
                0x0000000008000dc0       0x3c ./Drivers/STM32H7xx_HAL_Driver/stm32h7xx_hal_cortex.o
 .text.__NVIC_SetPriority
                0x0000000008000dfc       0x54 ./Drivers/STM32H7xx_HAL_Driver/stm32h7xx_hal_cortex.o
 .text.NVIC_EncodePriority
                0x0000000008000e50       0x66 ./Drivers/STM32H7xx_HAL_Driver/stm32h7xx_hal_cortex.o
 *fill*         0x0000000008000eb6        0x2 
 .text.SysTick_Config
                0x0000000008000eb8       0x44 ./Drivers/STM32H7xx_HAL_Driver/stm32h7xx_hal_cortex.o
 .text.HAL_NVIC_SetPriorityGrouping
                0x0000000008000efc       0x16 ./Drivers/STM32H7xx_HAL_Driver/stm32h7xx_hal_cortex.o
                0x0000000008000efc                HAL_NVIC_SetPriorityGrouping
 .text.HAL_NVIC_SetPriority
                0x0000000008000f12       0x34 ./Drivers/STM32H7xx_HAL_Driver/stm32h7xx_hal_cortex.o
                0x0000000008000f12                HAL_NVIC_SetPriority
 .text.HAL_NVIC_EnableIRQ
                0x0000000008000f46       0x1c ./Drivers/STM32H7xx_HAL_Driver/stm32h7xx_hal_cortex.o
                0x0000000008000f46                HAL_NVIC_EnableIRQ
 .text.HAL_SYSTICK_Config
                0x0000000008000f62       0x18 ./Drivers/STM32H7xx_HAL_Driver/stm32h7xx_hal_cortex.o
                0x0000000008000f62                HAL_SYSTICK_Config
 *fill*         0x0000000008000f7a        0x2 
 .text.HAL_GPIO_Init
                0x0000000008000f7c      0x360 ./Drivers/STM32H7xx_HAL_Driver/stm32h7xx_hal_gpio.o
                0x0000000008000f7c                HAL_GPIO_Init
 .text.HAL_HSEM_FastTake
                0x00000000080012dc       0x34 ./Drivers/STM32H7xx_HAL_Driver/stm32h7xx_hal_hsem.o
                0x00000000080012dc                HAL_HSEM_FastTake
 .text.HAL_HSEM_Release
                0x0000000008001310       0x28 ./Drivers/STM32H7xx_HAL_Driver/stm32h7xx_hal_hsem.o
                0x0000000008001310                HAL_HSEM_Release
 .text.HAL_PCD_Init
                0x0000000008001338      0x248 ./Drivers/STM32H7xx_HAL_Driver/stm32h7xx_hal_pcd.o
                0x0000000008001338                HAL_PCD_Init
 .text.HAL_PCD_Start
                0x0000000008001580       0x66 ./Drivers/STM32H7xx_HAL_Driver/stm32h7xx_hal_pcd.o
                0x0000000008001580                HAL_PCD_Start
 .text.HAL_PCD_IRQHandler
                0x00000000080015e6      0x998 ./Drivers/STM32H7xx_HAL_Driver/stm32h7xx_hal_pcd.o
                0x00000000080015e6                HAL_PCD_IRQHandler
 .text.HAL_PCD_SetAddress
                0x0000000008001f7e       0x4a ./Drivers/STM32H7xx_HAL_Driver/stm32h7xx_hal_pcd.o
                0x0000000008001f7e                HAL_PCD_SetAddress
 .text.HAL_PCD_EP_Open
                0x0000000008001fc8       0xd0 ./Drivers/STM32H7xx_HAL_Driver/stm32h7xx_hal_pcd.o
                0x0000000008001fc8                HAL_PCD_EP_Open
 .text.HAL_PCD_EP_Close
                0x0000000008002098       0x94 ./Drivers/STM32H7xx_HAL_Driver/stm32h7xx_hal_pcd.o
                0x0000000008002098                HAL_PCD_EP_Close
 .text.HAL_PCD_EP_Receive
                0x000000000800212c       0x96 ./Drivers/STM32H7xx_HAL_Driver/stm32h7xx_hal_pcd.o
                0x000000000800212c                HAL_PCD_EP_Receive
 .text.HAL_PCD_EP_GetRxCount
                0x00000000080021c2       0x30 ./Drivers/STM32H7xx_HAL_Driver/stm32h7xx_hal_pcd.o
                0x00000000080021c2                HAL_PCD_EP_GetRxCount
 .text.HAL_PCD_EP_Transmit
                0x00000000080021f2       0x94 ./Drivers/STM32H7xx_HAL_Driver/stm32h7xx_hal_pcd.o
                0x00000000080021f2                HAL_PCD_EP_Transmit
 .text.HAL_PCD_EP_SetStall
                0x0000000008002286       0xc8 ./Drivers/STM32H7xx_HAL_Driver/stm32h7xx_hal_pcd.o
                0x0000000008002286                HAL_PCD_EP_SetStall
 .text.HAL_PCD_EP_ClrStall
                0x000000000800234e       0xac ./Drivers/STM32H7xx_HAL_Driver/stm32h7xx_hal_pcd.o
                0x000000000800234e                HAL_PCD_EP_ClrStall
 .text.HAL_PCD_EP_Abort
                0x00000000080023fa       0x62 ./Drivers/STM32H7xx_HAL_Driver/stm32h7xx_hal_pcd.o
                0x00000000080023fa                HAL_PCD_EP_Abort
 .text.PCD_WriteEmptyTxFifo
                0x000000000800245c      0x11a ./Drivers/STM32H7xx_HAL_Driver/stm32h7xx_hal_pcd.o
 *fill*         0x0000000008002576        0x2 
 .text.PCD_EP_OutXfrComplete_int
                0x0000000008002578      0x1d0 ./Drivers/STM32H7xx_HAL_Driver/stm32h7xx_hal_pcd.o
 .text.PCD_EP_OutSetupPacket_int
                0x0000000008002748       0x8c ./Drivers/STM32H7xx_HAL_Driver/stm32h7xx_hal_pcd.o
 .text.HAL_PCDEx_SetTxFiFo
                0x00000000080027d4       0x8e ./Drivers/STM32H7xx_HAL_Driver/stm32h7xx_hal_pcd_ex.o
                0x00000000080027d4                HAL_PCDEx_SetTxFiFo
 .text.HAL_PCDEx_SetRxFiFo
                0x0000000008002862       0x22 ./Drivers/STM32H7xx_HAL_Driver/stm32h7xx_hal_pcd_ex.o
                0x0000000008002862                HAL_PCDEx_SetRxFiFo
 .text.HAL_PCDEx_ActivateLPM
                0x0000000008002884       0x48 ./Drivers/STM32H7xx_HAL_Driver/stm32h7xx_hal_pcd_ex.o
                0x0000000008002884                HAL_PCDEx_ActivateLPM
 .text.HAL_PCDEx_LPM_Callback
                0x00000000080028cc       0x18 ./Drivers/STM32H7xx_HAL_Driver/stm32h7xx_hal_pcd_ex.o
                0x00000000080028cc                HAL_PCDEx_LPM_Callback
 .text.HAL_PWREx_ConfigSupply
                0x00000000080028e4       0xb4 ./Drivers/STM32H7xx_HAL_Driver/stm32h7xx_hal_pwr_ex.o
                0x00000000080028e4                HAL_PWREx_ConfigSupply
 .text.HAL_PWREx_EnableUSBVoltageDetector
                0x0000000008002998       0x20 ./Drivers/STM32H7xx_HAL_Driver/stm32h7xx_hal_pwr_ex.o
                0x0000000008002998                HAL_PWREx_EnableUSBVoltageDetector
 .text.HAL_RCC_OscConfig
                0x00000000080029b8      0x85c ./Drivers/STM32H7xx_HAL_Driver/stm32h7xx_hal_rcc.o
                0x00000000080029b8                HAL_RCC_OscConfig
 .text.HAL_RCC_ClockConfig
                0x0000000008003214      0x36c ./Drivers/STM32H7xx_HAL_Driver/stm32h7xx_hal_rcc.o
                0x0000000008003214                HAL_RCC_ClockConfig
 .text.HAL_RCC_MCOConfig
                0x0000000008003580       0xd4 ./Drivers/STM32H7xx_HAL_Driver/stm32h7xx_hal_rcc.o
                0x0000000008003580                HAL_RCC_MCOConfig
 .text.HAL_RCC_GetSysClockFreq
                0x0000000008003654      0x2f4 ./Drivers/STM32H7xx_HAL_Driver/stm32h7xx_hal_rcc.o
                0x0000000008003654                HAL_RCC_GetSysClockFreq
 .text.HAL_RCC_GetHCLKFreq
                0x0000000008003948       0x60 ./Drivers/STM32H7xx_HAL_Driver/stm32h7xx_hal_rcc.o
                0x0000000008003948                HAL_RCC_GetHCLKFreq
 .text.HAL_RCC_GetPCLK1Freq
                0x00000000080039a8       0x2c ./Drivers/STM32H7xx_HAL_Driver/stm32h7xx_hal_rcc.o
                0x00000000080039a8                HAL_RCC_GetPCLK1Freq
 .text.HAL_RCC_GetPCLK2Freq
                0x00000000080039d4       0x2c ./Drivers/STM32H7xx_HAL_Driver/stm32h7xx_hal_rcc.o
                0x00000000080039d4                HAL_RCC_GetPCLK2Freq
 .text.HAL_RCCEx_PeriphCLKConfig
                0x0000000008003a00      0xedc ./Drivers/STM32H7xx_HAL_Driver/stm32h7xx_hal_rcc_ex.o
                0x0000000008003a00                HAL_RCCEx_PeriphCLKConfig
 .text.HAL_RCCEx_GetD3PCLK1Freq
                0x00000000080048dc       0x2c ./Drivers/STM32H7xx_HAL_Driver/stm32h7xx_hal_rcc_ex.o
                0x00000000080048dc                HAL_RCCEx_GetD3PCLK1Freq
 .text.HAL_RCCEx_GetPLL2ClockFreq
                0x0000000008004908      0x2a8 ./Drivers/STM32H7xx_HAL_Driver/stm32h7xx_hal_rcc_ex.o
                0x0000000008004908                HAL_RCCEx_GetPLL2ClockFreq
 .text.HAL_RCCEx_GetPLL3ClockFreq
                0x0000000008004bb0      0x2a8 ./Drivers/STM32H7xx_HAL_Driver/stm32h7xx_hal_rcc_ex.o
                0x0000000008004bb0                HAL_RCCEx_GetPLL3ClockFreq
 .text.RCCEx_PLL2_Config
                0x0000000008004e58      0x164 ./Drivers/STM32H7xx_HAL_Driver/stm32h7xx_hal_rcc_ex.o
 .text.RCCEx_PLL3_Config
                0x0000000008004fbc      0x164 ./Drivers/STM32H7xx_HAL_Driver/stm32h7xx_hal_rcc_ex.o
 .text.HAL_UART_Init
                0x0000000008005120       0xa0 ./Drivers/STM32H7xx_HAL_Driver/stm32h7xx_hal_uart.o
                0x0000000008005120                HAL_UART_Init
 .text.UART_SetConfig
                0x00000000080051c0      0xad0 ./Drivers/STM32H7xx_HAL_Driver/stm32h7xx_hal_uart.o
                0x00000000080051c0                UART_SetConfig
 .text.UART_AdvFeatureConfig
                0x0000000008005c90      0x144 ./Drivers/STM32H7xx_HAL_Driver/stm32h7xx_hal_uart.o
                0x0000000008005c90                UART_AdvFeatureConfig
 .text.UART_CheckIdleState
                0x0000000008005dd4       0x96 ./Drivers/STM32H7xx_HAL_Driver/stm32h7xx_hal_uart.o
                0x0000000008005dd4                UART_CheckIdleState
 .text.UART_WaitOnFlagUntilTimeout
                0x0000000008005e6a      0x190 ./Drivers/STM32H7xx_HAL_Driver/stm32h7xx_hal_uart.o
                0x0000000008005e6a                UART_WaitOnFlagUntilTimeout
 .text.HAL_UARTEx_DisableFifoMode
                0x0000000008005ffa       0x72 ./Drivers/STM32H7xx_HAL_Driver/stm32h7xx_hal_uart_ex.o
                0x0000000008005ffa                HAL_UARTEx_DisableFifoMode
 .text.HAL_UARTEx_SetTxFifoThreshold
                0x000000000800606c       0x7c ./Drivers/STM32H7xx_HAL_Driver/stm32h7xx_hal_uart_ex.o
                0x000000000800606c                HAL_UARTEx_SetTxFifoThreshold
 .text.HAL_UARTEx_SetRxFifoThreshold
                0x00000000080060e8       0x7c ./Drivers/STM32H7xx_HAL_Driver/stm32h7xx_hal_uart_ex.o
                0x00000000080060e8                HAL_UARTEx_SetRxFifoThreshold
 .text.UARTEx_SetNbDataToProcess
                0x0000000008006164       0x9c ./Drivers/STM32H7xx_HAL_Driver/stm32h7xx_hal_uart_ex.o
 .text.USB_CoreInit
                0x0000000008006200       0xdc ./Drivers/STM32H7xx_HAL_Driver/stm32h7xx_ll_usb.o
                0x0000000008006200                USB_CoreInit
 .text.USB_SetTurnaroundTime
                0x00000000080062dc      0x144 ./Drivers/STM32H7xx_HAL_Driver/stm32h7xx_ll_usb.o
                0x00000000080062dc                USB_SetTurnaroundTime
 .text.USB_EnableGlobalInt
                0x0000000008006420       0x22 ./Drivers/STM32H7xx_HAL_Driver/stm32h7xx_ll_usb.o
                0x0000000008006420                USB_EnableGlobalInt
 .text.USB_DisableGlobalInt
                0x0000000008006442       0x22 ./Drivers/STM32H7xx_HAL_Driver/stm32h7xx_ll_usb.o
                0x0000000008006442                USB_DisableGlobalInt
 .text.USB_SetCurrentMode
                0x0000000008006464       0x98 ./Drivers/STM32H7xx_HAL_Driver/stm32h7xx_ll_usb.o
                0x0000000008006464                USB_SetCurrentMode
 .text.USB_DevInit
                0x00000000080064fc      0x2bc ./Drivers/STM32H7xx_HAL_Driver/stm32h7xx_ll_usb.o
                0x00000000080064fc                USB_DevInit
 .text.USB_FlushTxFifo
                0x00000000080067b8       0x68 ./Drivers/STM32H7xx_HAL_Driver/stm32h7xx_ll_usb.o
                0x00000000080067b8                USB_FlushTxFifo
 .text.USB_FlushRxFifo
                0x0000000008006820       0x60 ./Drivers/STM32H7xx_HAL_Driver/stm32h7xx_ll_usb.o
                0x0000000008006820                USB_FlushRxFifo
 .text.USB_SetDevSpeed
                0x0000000008006880       0x32 ./Drivers/STM32H7xx_HAL_Driver/stm32h7xx_ll_usb.o
                0x0000000008006880                USB_SetDevSpeed
 .text.USB_GetDevSpeed
                0x00000000080068b2       0x4a ./Drivers/STM32H7xx_HAL_Driver/stm32h7xx_ll_usb.o
                0x00000000080068b2                USB_GetDevSpeed
 .text.USB_ActivateEndpoint
                0x00000000080068fc      0x110 ./Drivers/STM32H7xx_HAL_Driver/stm32h7xx_ll_usb.o
                0x00000000080068fc                USB_ActivateEndpoint
 .text.USB_DeactivateEndpoint
                0x0000000008006a0c      0x1b8 ./Drivers/STM32H7xx_HAL_Driver/stm32h7xx_ll_usb.o
                0x0000000008006a0c                USB_DeactivateEndpoint
 .text.USB_EPStartXfer
                0x0000000008006bc4      0x4a0 ./Drivers/STM32H7xx_HAL_Driver/stm32h7xx_ll_usb.o
                0x0000000008006bc4                USB_EPStartXfer
 .text.USB_EP0StartXfer
                0x0000000008007064      0x2b8 ./Drivers/STM32H7xx_HAL_Driver/stm32h7xx_ll_usb.o
                0x0000000008007064                USB_EP0StartXfer
 .text.USB_EPStopXfer
                0x000000000800731c      0x154 ./Drivers/STM32H7xx_HAL_Driver/stm32h7xx_ll_usb.o
                0x000000000800731c                USB_EPStopXfer
 .text.USB_WritePacket
                0x0000000008007470       0x7c ./Drivers/STM32H7xx_HAL_Driver/stm32h7xx_ll_usb.o
                0x0000000008007470                USB_WritePacket
 .text.USB_ReadPacket
                0x00000000080074ec       0xb0 ./Drivers/STM32H7xx_HAL_Driver/stm32h7xx_ll_usb.o
                0x00000000080074ec                USB_ReadPacket
 .text.USB_EPSetStall
                0x000000000800759c       0xdc ./Drivers/STM32H7xx_HAL_Driver/stm32h7xx_ll_usb.o
                0x000000000800759c                USB_EPSetStall
 .text.USB_EPClearStall
                0x0000000008007678       0xcc ./Drivers/STM32H7xx_HAL_Driver/stm32h7xx_ll_usb.o
                0x0000000008007678                USB_EPClearStall
 .text.USB_SetDevAddress
                0x0000000008007744       0x4c ./Drivers/STM32H7xx_HAL_Driver/stm32h7xx_ll_usb.o
                0x0000000008007744                USB_SetDevAddress
 .text.USB_DevConnect
                0x0000000008007790       0x42 ./Drivers/STM32H7xx_HAL_Driver/stm32h7xx_ll_usb.o
                0x0000000008007790                USB_DevConnect
 .text.USB_DevDisconnect
                0x00000000080077d2       0x42 ./Drivers/STM32H7xx_HAL_Driver/stm32h7xx_ll_usb.o
                0x00000000080077d2                USB_DevDisconnect
 .text.USB_ReadInterrupts
                0x0000000008007814       0x26 ./Drivers/STM32H7xx_HAL_Driver/stm32h7xx_ll_usb.o
                0x0000000008007814                USB_ReadInterrupts
 .text.USB_ReadDevAllOutEpInterrupt
                0x000000000800783a       0x34 ./Drivers/STM32H7xx_HAL_Driver/stm32h7xx_ll_usb.o
                0x000000000800783a                USB_ReadDevAllOutEpInterrupt
 .text.USB_ReadDevAllInEpInterrupt
                0x000000000800786e       0x34 ./Drivers/STM32H7xx_HAL_Driver/stm32h7xx_ll_usb.o
                0x000000000800786e                USB_ReadDevAllInEpInterrupt
 .text.USB_ReadDevOutEPInterrupt
                0x00000000080078a2       0x3c ./Drivers/STM32H7xx_HAL_Driver/stm32h7xx_ll_usb.o
                0x00000000080078a2                USB_ReadDevOutEPInterrupt
 .text.USB_ReadDevInEPInterrupt
                0x00000000080078de       0x5c ./Drivers/STM32H7xx_HAL_Driver/stm32h7xx_ll_usb.o
                0x00000000080078de                USB_ReadDevInEPInterrupt
 .text.USB_GetMode
                0x000000000800793a       0x1c ./Drivers/STM32H7xx_HAL_Driver/stm32h7xx_ll_usb.o
                0x000000000800793a                USB_GetMode
 *fill*         0x0000000008007956        0x2 
 .text.USB_ActivateSetup
                0x0000000008007958       0x48 ./Drivers/STM32H7xx_HAL_Driver/stm32h7xx_ll_usb.o
                0x0000000008007958                USB_ActivateSetup
 .text.USB_EP0_OutStart
                0x00000000080079a0       0xbc ./Drivers/STM32H7xx_HAL_Driver/stm32h7xx_ll_usb.o
                0x00000000080079a0                USB_EP0_OutStart
 .text.USB_CoreReset
                0x0000000008007a5c       0x68 ./Drivers/STM32H7xx_HAL_Driver/stm32h7xx_ll_usb.o
 .text.USBD_CDC_Init
                0x0000000008007ac4      0x1f0 ./Middlewares/ST/STM32_USB_Device_Library/usbd_cdc.o
 .text.USBD_CDC_DeInit
                0x0000000008007cb4      0x104 ./Middlewares/ST/STM32_USB_Device_Library/usbd_cdc.o
 .text.USBD_CDC_Setup
                0x0000000008007db8      0x1b8 ./Middlewares/ST/STM32_USB_Device_Library/usbd_cdc.o
 .text.USBD_CDC_DataIn
                0x0000000008007f70       0xfe ./Middlewares/ST/STM32_USB_Device_Library/usbd_cdc.o
 .text.USBD_CDC_DataOut
                0x000000000800806e       0x70 ./Middlewares/ST/STM32_USB_Device_Library/usbd_cdc.o
 .text.USBD_CDC_EP0_RxReady
                0x00000000080080de       0x76 ./Middlewares/ST/STM32_USB_Device_Library/usbd_cdc.o
 .text.USBD_CDC_GetFSCfgDesc
                0x0000000008008154       0x70 ./Middlewares/ST/STM32_USB_Device_Library/usbd_cdc.o
 .text.USBD_CDC_GetHSCfgDesc
                0x00000000080081c4       0x70 ./Middlewares/ST/STM32_USB_Device_Library/usbd_cdc.o
 .text.USBD_CDC_GetOtherSpeedCfgDesc
                0x0000000008008234       0x70 ./Middlewares/ST/STM32_USB_Device_Library/usbd_cdc.o
 .text.USBD_CDC_GetDeviceQualifierDescriptor
                0x00000000080082a4       0x20 ./Middlewares/ST/STM32_USB_Device_Library/usbd_cdc.o
                0x00000000080082a4                USBD_CDC_GetDeviceQualifierDescriptor
 .text.USBD_CDC_RegisterInterface
                0x00000000080082c4       0x34 ./Middlewares/ST/STM32_USB_Device_Library/usbd_cdc.o
                0x00000000080082c4                USBD_CDC_RegisterInterface
 .text.USBD_CDC_SetTxBuffer
                0x00000000080082f8       0x44 ./Middlewares/ST/STM32_USB_Device_Library/usbd_cdc.o
                0x00000000080082f8                USBD_CDC_SetTxBuffer
 .text.USBD_CDC_SetRxBuffer
                0x000000000800833c       0x3a ./Middlewares/ST/STM32_USB_Device_Library/usbd_cdc.o
                0x000000000800833c                USBD_CDC_SetRxBuffer
 *fill*         0x0000000008008376        0x2 
 .text.USBD_CDC_TransmitPacket
                0x0000000008008378       0x8c ./Middlewares/ST/STM32_USB_Device_Library/usbd_cdc.o
                0x0000000008008378                USBD_CDC_TransmitPacket
 .text.USBD_CDC_ReceivePacket
                0x0000000008008404       0x6c ./Middlewares/ST/STM32_USB_Device_Library/usbd_cdc.o
                0x0000000008008404                USBD_CDC_ReceivePacket
 .text.USBD_Init
                0x0000000008008470       0x60 ./Middlewares/ST/STM32_USB_Device_Library/usbd_core.o
                0x0000000008008470                USBD_Init
 .text.USBD_RegisterClass
                0x00000000080084d0       0x6c ./Middlewares/ST/STM32_USB_Device_Library/usbd_core.o
                0x00000000080084d0                USBD_RegisterClass
 .text.USBD_Start
                0x000000000800853c       0x18 ./Middlewares/ST/STM32_USB_Device_Library/usbd_core.o
                0x000000000800853c                USBD_Start
 .text.USBD_RunTestMode
                0x0000000008008554       0x16 ./Middlewares/ST/STM32_USB_Device_Library/usbd_core.o
                0x0000000008008554                USBD_RunTestMode
 .text.USBD_SetClassConfig
                0x000000000800856a       0x38 ./Middlewares/ST/STM32_USB_Device_Library/usbd_core.o
                0x000000000800856a                USBD_SetClassConfig
 .text.USBD_ClrClassConfig
                0x00000000080085a2       0x34 ./Middlewares/ST/STM32_USB_Device_Library/usbd_core.o
                0x00000000080085a2                USBD_ClrClassConfig
 .text.USBD_LL_SetupStage
                0x00000000080085d6       0xaa ./Middlewares/ST/STM32_USB_Device_Library/usbd_core.o
                0x00000000080085d6                USBD_LL_SetupStage
 .text.USBD_LL_DataOutStage
                0x0000000008008680      0x166 ./Middlewares/ST/STM32_USB_Device_Library/usbd_core.o
                0x0000000008008680                USBD_LL_DataOutStage
 .text.USBD_LL_DataInStage
                0x00000000080087e6      0x164 ./Middlewares/ST/STM32_USB_Device_Library/usbd_core.o
                0x00000000080087e6                USBD_LL_DataInStage
 .text.USBD_LL_Reset
                0x000000000800894a       0xa4 ./Middlewares/ST/STM32_USB_Device_Library/usbd_core.o
                0x000000000800894a                USBD_LL_Reset
 .text.USBD_LL_SetSpeed
                0x00000000080089ee       0x20 ./Middlewares/ST/STM32_USB_Device_Library/usbd_core.o
                0x00000000080089ee                USBD_LL_SetSpeed
 .text.USBD_LL_Suspend
                0x0000000008008a0e       0x2c ./Middlewares/ST/STM32_USB_Device_Library/usbd_core.o
                0x0000000008008a0e                USBD_LL_Suspend
 .text.USBD_LL_Resume
                0x0000000008008a3a       0x30 ./Middlewares/ST/STM32_USB_Device_Library/usbd_core.o
                0x0000000008008a3a                USBD_LL_Resume
 .text.USBD_LL_SOF
                0x0000000008008a6a       0x40 ./Middlewares/ST/STM32_USB_Device_Library/usbd_core.o
                0x0000000008008a6a                USBD_LL_SOF
 .text.USBD_LL_IsoINIncomplete
                0x0000000008008aaa       0x64 ./Middlewares/ST/STM32_USB_Device_Library/usbd_core.o
                0x0000000008008aaa                USBD_LL_IsoINIncomplete
 .text.USBD_LL_IsoOUTIncomplete
                0x0000000008008b0e       0x64 ./Middlewares/ST/STM32_USB_Device_Library/usbd_core.o
                0x0000000008008b0e                USBD_LL_IsoOUTIncomplete
 .text.USBD_LL_DevConnected
                0x0000000008008b72       0x16 ./Middlewares/ST/STM32_USB_Device_Library/usbd_core.o
                0x0000000008008b72                USBD_LL_DevConnected
 .text.USBD_LL_DevDisconnected
                0x0000000008008b88       0x46 ./Middlewares/ST/STM32_USB_Device_Library/usbd_core.o
                0x0000000008008b88                USBD_LL_DevDisconnected
 .text.USBD_CoreFindIF
                0x0000000008008bce       0x1a ./Middlewares/ST/STM32_USB_Device_Library/usbd_core.o
                0x0000000008008bce                USBD_CoreFindIF
 .text.USBD_CoreFindEP
                0x0000000008008be8       0x1a ./Middlewares/ST/STM32_USB_Device_Library/usbd_core.o
                0x0000000008008be8                USBD_CoreFindEP
 .text.USBD_GetEpDesc
                0x0000000008008c02       0x74 ./Middlewares/ST/STM32_USB_Device_Library/usbd_core.o
                0x0000000008008c02                USBD_GetEpDesc
 .text.USBD_GetNextDesc
                0x0000000008008c76       0x3a ./Middlewares/ST/STM32_USB_Device_Library/usbd_core.o
                0x0000000008008c76                USBD_GetNextDesc
 .text.SWAPBYTE
                0x0000000008008cb0       0x3c ./Middlewares/ST/STM32_USB_Device_Library/usbd_ctlreq.o
 .text.USBD_StdDevReq
                0x0000000008008cec       0xe4 ./Middlewares/ST/STM32_USB_Device_Library/usbd_ctlreq.o
                0x0000000008008cec                USBD_StdDevReq
 .text.USBD_StdItfReq
                0x0000000008008dd0       0xd8 ./Middlewares/ST/STM32_USB_Device_Library/usbd_ctlreq.o
                0x0000000008008dd0                USBD_StdItfReq
 .text.USBD_StdEPReq
                0x0000000008008ea8      0x33a ./Middlewares/ST/STM32_USB_Device_Library/usbd_ctlreq.o
                0x0000000008008ea8                USBD_StdEPReq
 *fill*         0x00000000080091e2        0x2 
 .text.USBD_GetDescriptor
                0x00000000080091e4      0x2d4 ./Middlewares/ST/STM32_USB_Device_Library/usbd_ctlreq.o
 .text.USBD_SetAddress
                0x00000000080094b8       0x88 ./Middlewares/ST/STM32_USB_Device_Library/usbd_ctlreq.o
 .text.USBD_SetConfig
                0x0000000008009540      0x154 ./Middlewares/ST/STM32_USB_Device_Library/usbd_ctlreq.o
 .text.USBD_GetConfig
                0x0000000008009694       0x6c ./Middlewares/ST/STM32_USB_Device_Library/usbd_ctlreq.o
 .text.USBD_GetStatus
                0x0000000008009700       0x68 ./Middlewares/ST/STM32_USB_Device_Library/usbd_ctlreq.o
 .text.USBD_SetFeature
                0x0000000008009768       0x52 ./Middlewares/ST/STM32_USB_Device_Library/usbd_ctlreq.o
 .text.USBD_ClrFeature
                0x00000000080097ba       0x44 ./Middlewares/ST/STM32_USB_Device_Library/usbd_ctlreq.o
 .text.USBD_ParseSetupRequest
                0x00000000080097fe       0x74 ./Middlewares/ST/STM32_USB_Device_Library/usbd_ctlreq.o
                0x00000000080097fe                USBD_ParseSetupRequest
 .text.USBD_CtlError
                0x0000000008009872       0x22 ./Middlewares/ST/STM32_USB_Device_Library/usbd_ctlreq.o
                0x0000000008009872                USBD_CtlError
 .text.USBD_GetString
                0x0000000008009894       0x8c ./Middlewares/ST/STM32_USB_Device_Library/usbd_ctlreq.o
                0x0000000008009894                USBD_GetString
 .text.USBD_GetLen
                0x0000000008009920       0x34 ./Middlewares/ST/STM32_USB_Device_Library/usbd_ctlreq.o
 .text.USBD_CtlSendData
                0x0000000008009954       0x36 ./Middlewares/ST/STM32_USB_Device_Library/usbd_ioreq.o
                0x0000000008009954                USBD_CtlSendData
 .text.USBD_CtlContinueSendData
                0x000000000800998a       0x22 ./Middlewares/ST/STM32_USB_Device_Library/usbd_ioreq.o
                0x000000000800998a                USBD_CtlContinueSendData
 .text.USBD_CtlPrepareRx
                0x00000000080099ac       0x3a ./Middlewares/ST/STM32_USB_Device_Library/usbd_ioreq.o
                0x00000000080099ac                USBD_CtlPrepareRx
 .text.USBD_CtlContinueRx
                0x00000000080099e6       0x22 ./Middlewares/ST/STM32_USB_Device_Library/usbd_ioreq.o
                0x00000000080099e6                USBD_CtlContinueRx
 .text.USBD_CtlSendStatus
                0x0000000008009a08       0x26 ./Middlewares/ST/STM32_USB_Device_Library/usbd_ioreq.o
                0x0000000008009a08                USBD_CtlSendStatus
 .text.USBD_CtlReceiveStatus
                0x0000000008009a2e       0x26 ./Middlewares/ST/STM32_USB_Device_Library/usbd_ioreq.o
                0x0000000008009a2e                USBD_CtlReceiveStatus
 .text.MX_USB_DEVICE_Init
                0x0000000008009a54       0x64 ./USB_DEVICE/App/usb_device.o
                0x0000000008009a54                MX_USB_DEVICE_Init
 .text.CDC_Init_HS
                0x0000000008009ab8       0x28 ./USB_DEVICE/App/usbd_cdc_if.o
 .text.CDC_DeInit_HS
                0x0000000008009ae0       0x10 ./USB_DEVICE/App/usbd_cdc_if.o
 .text.CDC_Control_HS
                0x0000000008009af0       0xbc ./USB_DEVICE/App/usbd_cdc_if.o
 .text.CDC_Receive_HS
                0x0000000008009bac       0x28 ./USB_DEVICE/App/usbd_cdc_if.o
 .text.CDC_Transmit_HS
                0x0000000008009bd4       0x4c ./USB_DEVICE/App/usbd_cdc_if.o
                0x0000000008009bd4                CDC_Transmit_HS
 .text.CDC_TransmitCplt_HS
                0x0000000008009c20       0x22 ./USB_DEVICE/App/usbd_cdc_if.o
 *fill*         0x0000000008009c42        0x2 
 .text.USBD_HS_DeviceDescriptor
                0x0000000008009c44       0x24 ./USB_DEVICE/App/usbd_desc.o
                0x0000000008009c44                USBD_HS_DeviceDescriptor
 .text.USBD_HS_LangIDStrDescriptor
                0x0000000008009c68       0x24 ./USB_DEVICE/App/usbd_desc.o
                0x0000000008009c68                USBD_HS_LangIDStrDescriptor
 .text.USBD_HS_ProductStrDescriptor
                0x0000000008009c8c       0x3c ./USB_DEVICE/App/usbd_desc.o
                0x0000000008009c8c                USBD_HS_ProductStrDescriptor
 .text.USBD_HS_ManufacturerStrDescriptor
                0x0000000008009cc8       0x28 ./USB_DEVICE/App/usbd_desc.o
                0x0000000008009cc8                USBD_HS_ManufacturerStrDescriptor
 .text.USBD_HS_SerialStrDescriptor
                0x0000000008009cf0       0x24 ./USB_DEVICE/App/usbd_desc.o
                0x0000000008009cf0                USBD_HS_SerialStrDescriptor
 .text.USBD_HS_ConfigStrDescriptor
                0x0000000008009d14       0x3c ./USB_DEVICE/App/usbd_desc.o
                0x0000000008009d14                USBD_HS_ConfigStrDescriptor
 .text.USBD_HS_InterfaceStrDescriptor
                0x0000000008009d50       0x3c ./USB_DEVICE/App/usbd_desc.o
                0x0000000008009d50                USBD_HS_InterfaceStrDescriptor
 .text.Get_SerialNum
                0x0000000008009d8c       0x58 ./USB_DEVICE/App/usbd_desc.o
 .text.IntToUnicode
                0x0000000008009de4       0x7e ./USB_DEVICE/App/usbd_desc.o
 *fill*         0x0000000008009e62        0x2 
 .text.HAL_PCD_MspInit
                0x0000000008009e64      0x254 ./USB_DEVICE/Target/usbd_conf.o
                0x0000000008009e64                HAL_PCD_MspInit
 .text.HAL_PCD_SetupStageCallback
                0x000000000800a0b8       0x24 ./USB_DEVICE/Target/usbd_conf.o
                0x000000000800a0b8                HAL_PCD_SetupStageCallback
 .text.HAL_PCD_DataOutStageCallback
                0x000000000800a0dc       0x36 ./USB_DEVICE/Target/usbd_conf.o
                0x000000000800a0dc                HAL_PCD_DataOutStageCallback
 .text.HAL_PCD_DataInStageCallback
                0x000000000800a112       0x34 ./USB_DEVICE/Target/usbd_conf.o
                0x000000000800a112                HAL_PCD_DataInStageCallback
 .text.HAL_PCD_SOFCallback
                0x000000000800a146       0x1c ./USB_DEVICE/Target/usbd_conf.o
                0x000000000800a146                HAL_PCD_SOFCallback
 .text.HAL_PCD_ResetCallback
                0x000000000800a162       0x50 ./USB_DEVICE/Target/usbd_conf.o
                0x000000000800a162                HAL_PCD_ResetCallback
 *fill*         0x000000000800a1b2        0x2 
 .text.HAL_PCD_SuspendCallback
                0x000000000800a1b4       0x4c ./USB_DEVICE/Target/usbd_conf.o
                0x000000000800a1b4                HAL_PCD_SuspendCallback
 .text.HAL_PCD_ResumeCallback
                0x000000000800a200       0x1c ./USB_DEVICE/Target/usbd_conf.o
                0x000000000800a200                HAL_PCD_ResumeCallback
 .text.HAL_PCD_ISOOUTIncompleteCallback
                0x000000000800a21c       0x24 ./USB_DEVICE/Target/usbd_conf.o
                0x000000000800a21c                HAL_PCD_ISOOUTIncompleteCallback
 .text.HAL_PCD_ISOINIncompleteCallback
                0x000000000800a240       0x24 ./USB_DEVICE/Target/usbd_conf.o
                0x000000000800a240                HAL_PCD_ISOINIncompleteCallback
 .text.HAL_PCD_ConnectCallback
                0x000000000800a264       0x1c ./USB_DEVICE/Target/usbd_conf.o
                0x000000000800a264                HAL_PCD_ConnectCallback
 .text.HAL_PCD_DisconnectCallback
                0x000000000800a280       0x1c ./USB_DEVICE/Target/usbd_conf.o
                0x000000000800a280                HAL_PCD_DisconnectCallback
 .text.USBD_LL_Init
                0x000000000800a29c       0xa4 ./USB_DEVICE/Target/usbd_conf.o
                0x000000000800a29c                USBD_LL_Init
 .text.USBD_LL_Start
                0x000000000800a340       0x36 ./USB_DEVICE/Target/usbd_conf.o
                0x000000000800a340                USBD_LL_Start
 .text.USBD_LL_OpenEP
                0x000000000800a376       0x4c ./USB_DEVICE/Target/usbd_conf.o
                0x000000000800a376                USBD_LL_OpenEP
 .text.USBD_LL_CloseEP
                0x000000000800a3c2       0x3e ./USB_DEVICE/Target/usbd_conf.o
                0x000000000800a3c2                USBD_LL_CloseEP
 .text.USBD_LL_StallEP
                0x000000000800a400       0x3e ./USB_DEVICE/Target/usbd_conf.o
                0x000000000800a400                USBD_LL_StallEP
 .text.USBD_LL_ClearStallEP
                0x000000000800a43e       0x3e ./USB_DEVICE/Target/usbd_conf.o
                0x000000000800a43e                USBD_LL_ClearStallEP
 .text.USBD_LL_IsStallEP
                0x000000000800a47c       0x58 ./USB_DEVICE/Target/usbd_conf.o
                0x000000000800a47c                USBD_LL_IsStallEP
 .text.USBD_LL_SetUSBAddress
                0x000000000800a4d4       0x3e ./USB_DEVICE/Target/usbd_conf.o
                0x000000000800a4d4                USBD_LL_SetUSBAddress
 .text.USBD_LL_Transmit
                0x000000000800a512       0x42 ./USB_DEVICE/Target/usbd_conf.o
                0x000000000800a512                USBD_LL_Transmit
 .text.USBD_LL_PrepareReceive
                0x000000000800a554       0x42 ./USB_DEVICE/Target/usbd_conf.o
                0x000000000800a554                USBD_LL_PrepareReceive
 .text.USBD_LL_GetRxDataSize
                0x000000000800a596       0x26 ./USB_DEVICE/Target/usbd_conf.o
                0x000000000800a596                USBD_LL_GetRxDataSize
 .text.USBD_static_malloc
                0x000000000800a5bc       0x1c ./USB_DEVICE/Target/usbd_conf.o
                0x000000000800a5bc                USBD_static_malloc
 .text.USBD_static_free
                0x000000000800a5d8       0x14 ./USB_DEVICE/Target/usbd_conf.o
                0x000000000800a5d8                USBD_static_free
 .text.USBD_Get_USB_Status
                0x000000000800a5ec       0x58 ./USB_DEVICE/Target/usbd_conf.o
                0x000000000800a5ec                USBD_Get_USB_Status
 .text.__libc_init_array
                0x000000000800a644       0x48 c:/st/stm32cubeide_1.9.0/stm32cubeide/plugins/com.st.stm32cube.ide.mcu.externaltools.gnu-tools-for-stm32.10.3-2021.10.win32_1.0.0.202111181127/tools/bin/../lib/gcc/arm-none-eabi/10.3.1/../../../../arm-none-eabi/lib/thumb/v7e-m+dp/hard\libc_nano.a(lib_a-init.o)
                0x000000000800a644                __libc_init_array
 .text.memset   0x000000000800a68c       0x10 c:/st/stm32cubeide_1.9.0/stm32cubeide/plugins/com.st.stm32cube.ide.mcu.externaltools.gnu-tools-for-stm32.10.3-2021.10.win32_1.0.0.202111181127/tools/bin/../lib/gcc/arm-none-eabi/10.3.1/../../../../arm-none-eabi/lib/thumb/v7e-m+dp/hard\libc_nano.a(lib_a-memset.o)
                0x000000000800a68c                memset
 *(.glue_7)
 .glue_7        0x000000000800a69c        0x0 linker stubs
 *(.glue_7t)
 .glue_7t       0x000000000800a69c        0x0 linker stubs
 *(.eh_frame)
 .eh_frame      0x000000000800a69c        0x0 c:/st/stm32cubeide_1.9.0/stm32cubeide/plugins/com.st.stm32cube.ide.mcu.externaltools.gnu-tools-for-stm32.10.3-2021.10.win32_1.0.0.202111181127/tools/bin/../lib/gcc/arm-none-eabi/10.3.1/thumb/v7e-m+dp/hard/crtbegin.o
 *(.init)
 .init          0x000000000800a69c        0x4 c:/st/stm32cubeide_1.9.0/stm32cubeide/plugins/com.st.stm32cube.ide.mcu.externaltools.gnu-tools-for-stm32.10.3-2021.10.win32_1.0.0.202111181127/tools/bin/../lib/gcc/arm-none-eabi/10.3.1/thumb/v7e-m+dp/hard/crti.o
                0x000000000800a69c                _init
 .init          0x000000000800a6a0        0x8 c:/st/stm32cubeide_1.9.0/stm32cubeide/plugins/com.st.stm32cube.ide.mcu.externaltools.gnu-tools-for-stm32.10.3-2021.10.win32_1.0.0.202111181127/tools/bin/../lib/gcc/arm-none-eabi/10.3.1/thumb/v7e-m+dp/hard/crtn.o
 *(.fini)
 .fini          0x000000000800a6a8        0x4 c:/st/stm32cubeide_1.9.0/stm32cubeide/plugins/com.st.stm32cube.ide.mcu.externaltools.gnu-tools-for-stm32.10.3-2021.10.win32_1.0.0.202111181127/tools/bin/../lib/gcc/arm-none-eabi/10.3.1/thumb/v7e-m+dp/hard/crti.o
                0x000000000800a6a8                _fini
 .fini          0x000000000800a6ac        0x8 c:/st/stm32cubeide_1.9.0/stm32cubeide/plugins/com.st.stm32cube.ide.mcu.externaltools.gnu-tools-for-stm32.10.3-2021.10.win32_1.0.0.202111181127/tools/bin/../lib/gcc/arm-none-eabi/10.3.1/thumb/v7e-m+dp/hard/crtn.o
                0x000000000800a6b4                . = ALIGN (0x4)
                0x000000000800a6b4                _etext = .

.vfp11_veneer   0x000000000800a6b4        0x0
 .vfp11_veneer  0x000000000800a6b4        0x0 linker stubs

.v4_bx          0x000000000800a6b4        0x0
 .v4_bx         0x000000000800a6b4        0x0 linker stubs

.iplt           0x000000000800a6b4        0x0
 .iplt          0x000000000800a6b4        0x0 c:/st/stm32cubeide_1.9.0/stm32cubeide/plugins/com.st.stm32cube.ide.mcu.externaltools.gnu-tools-for-stm32.10.3-2021.10.win32_1.0.0.202111181127/tools/bin/../lib/gcc/arm-none-eabi/10.3.1/thumb/v7e-m+dp/hard/crtbegin.o

.rodata         0x000000000800a6b4       0x90
                0x000000000800a6b4                . = ALIGN (0x4)
 *(.rodata)
 .rodata        0x000000000800a6b4        0xe ./Core/Src/main.o
 *fill*         0x000000000800a6c2        0x2 
 .rodata        0x000000000800a6c4       0x46 ./USB_DEVICE/App/usbd_desc.o
 *(.rodata*)
 *fill*         0x000000000800a70a        0x2 
 .rodata.D1CorePrescTable
                0x000000000800a70c       0x10 ./Common/Src/system_stm32h7xx_dualcore_boot_cm4_cm7.o
                0x000000000800a70c                D1CorePrescTable
 .rodata.UARTPrescTable
                0x000000000800a71c       0x18 ./Drivers/STM32H7xx_HAL_Driver/stm32h7xx_hal_uart.o
                0x000000000800a71c                UARTPrescTable
 .rodata.numerator.1
                0x000000000800a734        0x8 ./Drivers/STM32H7xx_HAL_Driver/stm32h7xx_hal_uart_ex.o
 .rodata.denominator.0
                0x000000000800a73c        0x8 ./Drivers/STM32H7xx_HAL_Driver/stm32h7xx_hal_uart_ex.o
                0x000000000800a744                . = ALIGN (0x4)

.ARM.extab      0x000000000800a744        0x0
                0x000000000800a744                . = ALIGN (0x4)
 *(.ARM.extab* .gnu.linkonce.armextab.*)
                0x000000000800a744                . = ALIGN (0x4)

.ARM            0x000000000800a744        0x8
                0x000000000800a744                . = ALIGN (0x4)
                0x000000000800a744                __exidx_start = .
 *(.ARM.exidx*)
 .ARM.exidx     0x000000000800a744        0x8 c:/st/stm32cubeide_1.9.0/stm32cubeide/plugins/com.st.stm32cube.ide.mcu.externaltools.gnu-tools-for-stm32.10.3-2021.10.win32_1.0.0.202111181127/tools/bin/../lib/gcc/arm-none-eabi/10.3.1/thumb/v7e-m+dp/hard\libgcc.a(_udivmoddi4.o)
                0x000000000800a74c                __exidx_end = .
                0x000000000800a74c                . = ALIGN (0x4)

.rel.dyn        0x000000000800a74c        0x0
 .rel.iplt      0x000000000800a74c        0x0 c:/st/stm32cubeide_1.9.0/stm32cubeide/plugins/com.st.stm32cube.ide.mcu.externaltools.gnu-tools-for-stm32.10.3-2021.10.win32_1.0.0.202111181127/tools/bin/../lib/gcc/arm-none-eabi/10.3.1/thumb/v7e-m+dp/hard/crtbegin.o

.preinit_array  0x000000000800a74c        0x0
                0x000000000800a74c                . = ALIGN (0x4)
                0x000000000800a74c                PROVIDE (__preinit_array_start = .)
 *(.preinit_array*)
                0x000000000800a74c                PROVIDE (__preinit_array_end = .)
                0x000000000800a74c                . = ALIGN (0x4)

.init_array     0x000000000800a74c        0x4
                0x000000000800a74c                . = ALIGN (0x4)
                0x000000000800a74c                PROVIDE (__init_array_start = .)
 *(SORT_BY_NAME(.init_array.*))
 *(.init_array*)
 .init_array    0x000000000800a74c        0x4 c:/st/stm32cubeide_1.9.0/stm32cubeide/plugins/com.st.stm32cube.ide.mcu.externaltools.gnu-tools-for-stm32.10.3-2021.10.win32_1.0.0.202111181127/tools/bin/../lib/gcc/arm-none-eabi/10.3.1/thumb/v7e-m+dp/hard/crtbegin.o
                0x000000000800a750                PROVIDE (__init_array_end = .)
                0x000000000800a750                . = ALIGN (0x4)

.fini_array     0x000000000800a750        0x4
                0x000000000800a750                . = ALIGN (0x4)
                [!provide]                        PROVIDE (__fini_array_start = .)
 *(SORT_BY_NAME(.fini_array.*))
 *(.fini_array*)
 .fini_array    0x000000000800a750        0x4 c:/st/stm32cubeide_1.9.0/stm32cubeide/plugins/com.st.stm32cube.ide.mcu.externaltools.gnu-tools-for-stm32.10.3-2021.10.win32_1.0.0.202111181127/tools/bin/../lib/gcc/arm-none-eabi/10.3.1/thumb/v7e-m+dp/hard/crtbegin.o
                [!provide]                        PROVIDE (__fini_array_end = .)
                0x000000000800a754                . = ALIGN (0x4)
                0x000000000800a754                _sidata = LOADADDR (.data)

.data           0x0000000024000000      0x100 load address 0x000000000800a754
                0x0000000024000000                . = ALIGN (0x4)
                0x0000000024000000                _sdata = .
 *(.data)
 *(.data*)
 .data.SystemCoreClock
                0x0000000024000000        0x4 ./Common/Src/system_stm32h7xx_dualcore_boot_cm4_cm7.o
                0x0000000024000000                SystemCoreClock
 .data.SystemD2Clock
                0x0000000024000004        0x4 ./Common/Src/system_stm32h7xx_dualcore_boot_cm4_cm7.o
                0x0000000024000004                SystemD2Clock
 .data.uwTickPrio
                0x0000000024000008        0x4 ./Drivers/STM32H7xx_HAL_Driver/stm32h7xx_hal.o
                0x0000000024000008                uwTickPrio
 .data.uwTickFreq
                0x000000002400000c        0x1 ./Drivers/STM32H7xx_HAL_Driver/stm32h7xx_hal.o
                0x000000002400000c                uwTickFreq
 *fill*         0x000000002400000d        0x3 
 .data.USBD_CDC_DeviceQualifierDesc
                0x0000000024000010        0xa ./Middlewares/ST/STM32_USB_Device_Library/usbd_cdc.o
 *fill*         0x000000002400001a        0x2 
 .data.USBD_CDC
                0x000000002400001c       0x38 ./Middlewares/ST/STM32_USB_Device_Library/usbd_cdc.o
                0x000000002400001c                USBD_CDC
 .data.USBD_CDC_CfgDesc
                0x0000000024000054       0x43 ./Middlewares/ST/STM32_USB_Device_Library/usbd_cdc.o
 .data.CDCInEpAdd
                0x0000000024000097        0x1 ./Middlewares/ST/STM32_USB_Device_Library/usbd_cdc.o
 .data.CDCOutEpAdd
                0x0000000024000098        0x1 ./Middlewares/ST/STM32_USB_Device_Library/usbd_cdc.o
 .data.CDCCmdEpAdd
                0x0000000024000099        0x1 ./Middlewares/ST/STM32_USB_Device_Library/usbd_cdc.o
 *fill*         0x000000002400009a        0x2 
 .data.USBD_Interface_fops_HS
                0x000000002400009c       0x14 ./USB_DEVICE/App/usbd_cdc_if.o
                0x000000002400009c                USBD_Interface_fops_HS
 .data.HS_Desc  0x00000000240000b0       0x1c ./USB_DEVICE/App/usbd_desc.o
                0x00000000240000b0                HS_Desc
 .data.USBD_HS_DeviceDesc
                0x00000000240000cc       0x12 ./USB_DEVICE/App/usbd_desc.o
                0x00000000240000cc                USBD_HS_DeviceDesc
 *fill*         0x00000000240000de        0x2 
 .data.USBD_LangIDDesc
                0x00000000240000e0        0x4 ./USB_DEVICE/App/usbd_desc.o
                0x00000000240000e0                USBD_LangIDDesc
 .data.USBD_StringSerial
                0x00000000240000e4       0x1a ./USB_DEVICE/App/usbd_desc.o
                0x00000000240000e4                USBD_StringSerial
 *(.RamFunc)
 *(.RamFunc*)
                0x0000000024000100                . = ALIGN (0x4)
 *fill*         0x00000000240000fe        0x2 
                0x0000000024000100                _edata = .

.igot.plt       0x0000000024000100        0x0 load address 0x000000000800a854
 .igot.plt      0x0000000024000100        0x0 c:/st/stm32cubeide_1.9.0/stm32cubeide/plugins/com.st.stm32cube.ide.mcu.externaltools.gnu-tools-for-stm32.10.3-2021.10.win32_1.0.0.202111181127/tools/bin/../lib/gcc/arm-none-eabi/10.3.1/thumb/v7e-m+dp/hard/crtbegin.o
                0x0000000024000100                . = ALIGN (0x4)

.bss            0x0000000024000100     0x1cbc load address 0x000000000800a854
                0x0000000024000100                _sbss = .
                0x0000000024000100                __bss_start__ = _sbss
 *(.bss)
 .bss           0x0000000024000100       0x1c c:/st/stm32cubeide_1.9.0/stm32cubeide/plugins/com.st.stm32cube.ide.mcu.externaltools.gnu-tools-for-stm32.10.3-2021.10.win32_1.0.0.202111181127/tools/bin/../lib/gcc/arm-none-eabi/10.3.1/thumb/v7e-m+dp/hard/crtbegin.o
 *(.bss*)
 .bss.huart1    0x000000002400011c       0x90 ./Core/Src/main.o
                0x000000002400011c                huart1
 .bss.uwTick    0x00000000240001ac        0x4 ./Drivers/STM32H7xx_HAL_Driver/stm32h7xx_hal.o
                0x00000000240001ac                uwTick
 .bss.cfgidx.0  0x00000000240001b0        0x1 ./Middlewares/ST/STM32_USB_Device_Library/usbd_ctlreq.o
 *fill*         0x00000000240001b1        0x3 
 .bss.hUsbDeviceHS
                0x00000000240001b4      0x2dc ./USB_DEVICE/App/usb_device.o
                0x00000000240001b4                hUsbDeviceHS
 .bss.UserRxBufferHS
                0x0000000024000490      0x800 ./USB_DEVICE/App/usbd_cdc_if.o
                0x0000000024000490                UserRxBufferHS
 .bss.UserTxBufferHS
                0x0000000024000c90      0x800 ./USB_DEVICE/App/usbd_cdc_if.o
                0x0000000024000c90                UserTxBufferHS
 .bss.USBD_StrDesc
                0x0000000024001490      0x200 ./USB_DEVICE/App/usbd_desc.o
                0x0000000024001490                USBD_StrDesc
 .bss.hpcd_USB_OTG_HS
                0x0000000024001690      0x50c ./USB_DEVICE/Target/usbd_conf.o
                0x0000000024001690                hpcd_USB_OTG_HS
 .bss.mem.0     0x0000000024001b9c      0x220 ./USB_DEVICE/Target/usbd_conf.o
 *(COMMON)
                0x0000000024001dbc                . = ALIGN (0x4)
                0x0000000024001dbc                _ebss = .
                0x0000000024001dbc                __bss_end__ = _ebss

._user_heap_stack
                0x0000000024001dbc      0x604 load address 0x000000000800a854
                0x0000000024001dc0                . = ALIGN (0x8)
 *fill*         0x0000000024001dbc        0x4 
                [!provide]                        PROVIDE (end = .)
                0x0000000024001dc0                PROVIDE (_end = .)
                0x0000000024001fc0                . = (. + _Min_Heap_Size)
 *fill*         0x0000000024001dc0      0x200 
                0x00000000240023c0                . = (. + _Min_Stack_Size)
 *fill*         0x0000000024001fc0      0x400 
                0x00000000240023c0                . = ALIGN (0x8)

/DISCARD/
 libc.a(*)
 libm.a(*)
 libgcc.a(*)

.ARM.attributes
                0x0000000000000000       0x2e
 *(.ARM.attributes)
 .ARM.attributes
                0x0000000000000000       0x1e c:/st/stm32cubeide_1.9.0/stm32cubeide/plugins/com.st.stm32cube.ide.mcu.externaltools.gnu-tools-for-stm32.10.3-2021.10.win32_1.0.0.202111181127/tools/bin/../lib/gcc/arm-none-eabi/10.3.1/thumb/v7e-m+dp/hard/crti.o
 .ARM.attributes
                0x000000000000001e       0x32 c:/st/stm32cubeide_1.9.0/stm32cubeide/plugins/com.st.stm32cube.ide.mcu.externaltools.gnu-tools-for-stm32.10.3-2021.10.win32_1.0.0.202111181127/tools/bin/../lib/gcc/arm-none-eabi/10.3.1/thumb/v7e-m+dp/hard/crtbegin.o
 .ARM.attributes
                0x0000000000000050       0x32 ./Common/Src/system_stm32h7xx_dualcore_boot_cm4_cm7.o
 .ARM.attributes
                0x0000000000000082       0x32 ./Core/Src/main.o
 .ARM.attributes
                0x00000000000000b4       0x32 ./Core/Src/stm32h7xx_hal_msp.o
 .ARM.attributes
                0x00000000000000e6       0x32 ./Core/Src/stm32h7xx_it.o
 .ARM.attributes
                0x0000000000000118       0x21 ./Core/Startup/startup_stm32h747xihx.o
 .ARM.attributes
                0x0000000000000139       0x32 ./Drivers/STM32H7xx_HAL_Driver/stm32h7xx_hal.o
 .ARM.attributes
                0x000000000000016b       0x32 ./Drivers/STM32H7xx_HAL_Driver/stm32h7xx_hal_cortex.o
 .ARM.attributes
                0x000000000000019d       0x32 ./Drivers/STM32H7xx_HAL_Driver/stm32h7xx_hal_gpio.o
 .ARM.attributes
                0x00000000000001cf       0x32 ./Drivers/STM32H7xx_HAL_Driver/stm32h7xx_hal_hsem.o
 .ARM.attributes
                0x0000000000000201       0x32 ./Drivers/STM32H7xx_HAL_Driver/stm32h7xx_hal_pcd.o
 .ARM.attributes
                0x0000000000000233       0x32 ./Drivers/STM32H7xx_HAL_Driver/stm32h7xx_hal_pcd_ex.o
 .ARM.attributes
                0x0000000000000265       0x32 ./Drivers/STM32H7xx_HAL_Driver/stm32h7xx_hal_pwr_ex.o
 .ARM.attributes
                0x0000000000000297       0x32 ./Drivers/STM32H7xx_HAL_Driver/stm32h7xx_hal_rcc.o
 .ARM.attributes
                0x00000000000002c9       0x32 ./Drivers/STM32H7xx_HAL_Driver/stm32h7xx_hal_rcc_ex.o
 .ARM.attributes
                0x00000000000002fb       0x32 ./Drivers/STM32H7xx_HAL_Driver/stm32h7xx_hal_uart.o
 .ARM.attributes
                0x000000000000032d       0x32 ./Drivers/STM32H7xx_HAL_Driver/stm32h7xx_hal_uart_ex.o
 .ARM.attributes
                0x000000000000035f       0x32 ./Drivers/STM32H7xx_HAL_Driver/stm32h7xx_ll_usb.o
 .ARM.attributes
                0x0000000000000391       0x32 ./Middlewares/ST/STM32_USB_Device_Library/usbd_cdc.o
 .ARM.attributes
                0x00000000000003c3       0x32 ./Middlewares/ST/STM32_USB_Device_Library/usbd_core.o
 .ARM.attributes
                0x00000000000003f5       0x32 ./Middlewares/ST/STM32_USB_Device_Library/usbd_ctlreq.o
 .ARM.attributes
                0x0000000000000427       0x32 ./Middlewares/ST/STM32_USB_Device_Library/usbd_ioreq.o
 .ARM.attributes
                0x0000000000000459       0x32 ./USB_DEVICE/App/usb_device.o
 .ARM.attributes
                0x000000000000048b       0x32 ./USB_DEVICE/App/usbd_cdc_if.o
 .ARM.attributes
                0x00000000000004bd       0x32 ./USB_DEVICE/App/usbd_desc.o
 .ARM.attributes
                0x00000000000004ef       0x32 ./USB_DEVICE/Target/usbd_conf.o
 .ARM.attributes
                0x0000000000000521       0x32 c:/st/stm32cubeide_1.9.0/stm32cubeide/plugins/com.st.stm32cube.ide.mcu.externaltools.gnu-tools-for-stm32.10.3-2021.10.win32_1.0.0.202111181127/tools/bin/../lib/gcc/arm-none-eabi/10.3.1/../../../../arm-none-eabi/lib/thumb/v7e-m+dp/hard\libc_nano.a(lib_a-init.o)
 .ARM.attributes
                0x0000000000000553       0x32 c:/st/stm32cubeide_1.9.0/stm32cubeide/plugins/com.st.stm32cube.ide.mcu.externaltools.gnu-tools-for-stm32.10.3-2021.10.win32_1.0.0.202111181127/tools/bin/../lib/gcc/arm-none-eabi/10.3.1/../../../../arm-none-eabi/lib/thumb/v7e-m+dp/hard\libc_nano.a(lib_a-memset.o)
 .ARM.attributes
                0x0000000000000585       0x1e c:/st/stm32cubeide_1.9.0/stm32cubeide/plugins/com.st.stm32cube.ide.mcu.externaltools.gnu-tools-for-stm32.10.3-2021.10.win32_1.0.0.202111181127/tools/bin/../lib/gcc/arm-none-eabi/10.3.1/thumb/v7e-m+dp/hard\libgcc.a(_aeabi_uldivmod.o)
 .ARM.attributes
                0x00000000000005a3       0x32 c:/st/stm32cubeide_1.9.0/stm32cubeide/plugins/com.st.stm32cube.ide.mcu.externaltools.gnu-tools-for-stm32.10.3-2021.10.win32_1.0.0.202111181127/tools/bin/../lib/gcc/arm-none-eabi/10.3.1/thumb/v7e-m+dp/hard\libgcc.a(_udivmoddi4.o)
 .ARM.attributes
                0x00000000000005d5       0x1e c:/st/stm32cubeide_1.9.0/stm32cubeide/plugins/com.st.stm32cube.ide.mcu.externaltools.gnu-tools-for-stm32.10.3-2021.10.win32_1.0.0.202111181127/tools/bin/../lib/gcc/arm-none-eabi/10.3.1/thumb/v7e-m+dp/hard\libgcc.a(_dvmd_tls.o)
 .ARM.attributes
                0x00000000000005f3       0x1e c:/st/stm32cubeide_1.9.0/stm32cubeide/plugins/com.st.stm32cube.ide.mcu.externaltools.gnu-tools-for-stm32.10.3-2021.10.win32_1.0.0.202111181127/tools/bin/../lib/gcc/arm-none-eabi/10.3.1/thumb/v7e-m+dp/hard/crtn.o
OUTPUT(STM32H747I-DISCO_USB_CM7.elf elf32-littlearm)
LOAD linker stubs
LOAD c:/st/stm32cubeide_1.9.0/stm32cubeide/plugins/com.st.stm32cube.ide.mcu.externaltools.gnu-tools-for-stm32.10.3-2021.10.win32_1.0.0.202111181127/tools/bin/../lib/gcc/arm-none-eabi/10.3.1/../../../../arm-none-eabi/lib/thumb/v7e-m+dp/hard\libc.a
LOAD c:/st/stm32cubeide_1.9.0/stm32cubeide/plugins/com.st.stm32cube.ide.mcu.externaltools.gnu-tools-for-stm32.10.3-2021.10.win32_1.0.0.202111181127/tools/bin/../lib/gcc/arm-none-eabi/10.3.1/../../../../arm-none-eabi/lib/thumb/v7e-m+dp/hard\libm.a
LOAD c:/st/stm32cubeide_1.9.0/stm32cubeide/plugins/com.st.stm32cube.ide.mcu.externaltools.gnu-tools-for-stm32.10.3-2021.10.win32_1.0.0.202111181127/tools/bin/../lib/gcc/arm-none-eabi/10.3.1/thumb/v7e-m+dp/hard\libgcc.a

.debug_info     0x0000000000000000    0x1b461
 .debug_info    0x0000000000000000      0xdca ./Common/Src/system_stm32h7xx_dualcore_boot_cm4_cm7.o
 .debug_info    0x0000000000000dca     0x1431 ./Core/Src/main.o
 .debug_info    0x00000000000021fb     0x107a ./Core/Src/stm32h7xx_hal_msp.o
 .debug_info    0x0000000000003275      0x708 ./Core/Src/stm32h7xx_it.o
 .debug_info    0x000000000000397d       0x22 ./Core/Startup/startup_stm32h747xihx.o
 .debug_info    0x000000000000399f     0x182c ./Drivers/STM32H7xx_HAL_Driver/stm32h7xx_hal.o
 .debug_info    0x00000000000051cb     0x1191 ./Drivers/STM32H7xx_HAL_Driver/stm32h7xx_hal_cortex.o
 .debug_info    0x000000000000635c      0xde0 ./Drivers/STM32H7xx_HAL_Driver/stm32h7xx_hal_gpio.o
 .debug_info    0x000000000000713c      0x3fd ./Drivers/STM32H7xx_HAL_Driver/stm32h7xx_hal_hsem.o
 .debug_info    0x0000000000007539     0x169b ./Drivers/STM32H7xx_HAL_Driver/stm32h7xx_hal_pcd.o
 .debug_info    0x0000000000008bd4      0x8fb ./Drivers/STM32H7xx_HAL_Driver/stm32h7xx_hal_pcd_ex.o
 .debug_info    0x00000000000094cf     0x12c2 ./Drivers/STM32H7xx_HAL_Driver/stm32h7xx_hal_pwr_ex.o
 .debug_info    0x000000000000a791      0xf48 ./Drivers/STM32H7xx_HAL_Driver/stm32h7xx_hal_rcc.o
 .debug_info    0x000000000000b6d9     0x13a1 ./Drivers/STM32H7xx_HAL_Driver/stm32h7xx_hal_rcc_ex.o
 .debug_info    0x000000000000ca7a     0x4c42 ./Drivers/STM32H7xx_HAL_Driver/stm32h7xx_hal_uart.o
 .debug_info    0x00000000000116bc     0x100b ./Drivers/STM32H7xx_HAL_Driver/stm32h7xx_hal_uart_ex.o
 .debug_info    0x00000000000126c7     0x1b2b ./Drivers/STM32H7xx_HAL_Driver/stm32h7xx_ll_usb.o
 .debug_info    0x00000000000141f2     0x1398 ./Middlewares/ST/STM32_USB_Device_Library/usbd_cdc.o
 .debug_info    0x000000000001558a      0xef5 ./Middlewares/ST/STM32_USB_Device_Library/usbd_core.o
 .debug_info    0x000000000001647f      0xb8d ./Middlewares/ST/STM32_USB_Device_Library/usbd_ctlreq.o
 .debug_info    0x000000000001700c      0x7e8 ./Middlewares/ST/STM32_USB_Device_Library/usbd_ioreq.o
 .debug_info    0x00000000000177f4      0x781 ./USB_DEVICE/App/usb_device.o
 .debug_info    0x0000000000017f75      0x97d ./USB_DEVICE/App/usbd_cdc_if.o
 .debug_info    0x00000000000188f2      0x49d ./USB_DEVICE/App/usbd_desc.o
 .debug_info    0x0000000000018d8f     0x26d2 ./USB_DEVICE/Target/usbd_conf.o

.debug_abbrev   0x0000000000000000     0x38f5
 .debug_abbrev  0x0000000000000000      0x147 ./Common/Src/system_stm32h7xx_dualcore_boot_cm4_cm7.o
 .debug_abbrev  0x0000000000000147      0x2bc ./Core/Src/main.o
 .debug_abbrev  0x0000000000000403      0x1fa ./Core/Src/stm32h7xx_hal_msp.o
 .debug_abbrev  0x00000000000005fd      0x199 ./Core/Src/stm32h7xx_it.o
 .debug_abbrev  0x0000000000000796       0x12 ./Core/Startup/startup_stm32h747xihx.o
 .debug_abbrev  0x00000000000007a8      0x289 ./Drivers/STM32H7xx_HAL_Driver/stm32h7xx_hal.o
 .debug_abbrev  0x0000000000000a31      0x329 ./Drivers/STM32H7xx_HAL_Driver/stm32h7xx_hal_cortex.o
 .debug_abbrev  0x0000000000000d5a      0x1ec ./Drivers/STM32H7xx_HAL_Driver/stm32h7xx_hal_gpio.o
 .debug_abbrev  0x0000000000000f46      0x1d0 ./Drivers/STM32H7xx_HAL_Driver/stm32h7xx_hal_hsem.o
 .debug_abbrev  0x0000000000001116      0x2d2 ./Drivers/STM32H7xx_HAL_Driver/stm32h7xx_hal_pcd.o
 .debug_abbrev  0x00000000000013e8      0x24a ./Drivers/STM32H7xx_HAL_Driver/stm32h7xx_hal_pcd_ex.o
 .debug_abbrev  0x0000000000001632      0x2bc ./Drivers/STM32H7xx_HAL_Driver/stm32h7xx_hal_pwr_ex.o
 .debug_abbrev  0x00000000000018ee      0x2b8 ./Drivers/STM32H7xx_HAL_Driver/stm32h7xx_hal_rcc.o
 .debug_abbrev  0x0000000000001ba6      0x25c ./Drivers/STM32H7xx_HAL_Driver/stm32h7xx_hal_rcc_ex.o
 .debug_abbrev  0x0000000000001e02      0x325 ./Drivers/STM32H7xx_HAL_Driver/stm32h7xx_hal_uart.o
 .debug_abbrev  0x0000000000002127      0x2bd ./Drivers/STM32H7xx_HAL_Driver/stm32h7xx_hal_uart_ex.o
 .debug_abbrev  0x00000000000023e4      0x296 ./Drivers/STM32H7xx_HAL_Driver/stm32h7xx_ll_usb.o
 .debug_abbrev  0x000000000000267a      0x2be ./Middlewares/ST/STM32_USB_Device_Library/usbd_cdc.o
 .debug_abbrev  0x0000000000002938      0x263 ./Middlewares/ST/STM32_USB_Device_Library/usbd_core.o
 .debug_abbrev  0x0000000000002b9b      0x25c ./Middlewares/ST/STM32_USB_Device_Library/usbd_ctlreq.o
 .debug_abbrev  0x0000000000002df7      0x18a ./Middlewares/ST/STM32_USB_Device_Library/usbd_ioreq.o
 .debug_abbrev  0x0000000000002f81      0x19d ./USB_DEVICE/App/usb_device.o
 .debug_abbrev  0x000000000000311e      0x290 ./USB_DEVICE/App/usbd_cdc_if.o
 .debug_abbrev  0x00000000000033ae      0x209 ./USB_DEVICE/App/usbd_desc.o
 .debug_abbrev  0x00000000000035b7      0x33e ./USB_DEVICE/Target/usbd_conf.o

.debug_aranges  0x0000000000000000     0x1260
 .debug_aranges
                0x0000000000000000       0x28 ./Common/Src/system_stm32h7xx_dualcore_boot_cm4_cm7.o
 .debug_aranges
                0x0000000000000028       0x40 ./Core/Src/main.o
 .debug_aranges
                0x0000000000000068       0x30 ./Core/Src/stm32h7xx_hal_msp.o
 .debug_aranges
                0x0000000000000098       0x78 ./Core/Src/stm32h7xx_it.o
 .debug_aranges
                0x0000000000000110       0x28 ./Core/Startup/startup_stm32h747xihx.o
 .debug_aranges
                0x0000000000000138      0x200 ./Drivers/STM32H7xx_HAL_Driver/stm32h7xx_hal.o
 .debug_aranges
                0x0000000000000338      0x120 ./Drivers/STM32H7xx_HAL_Driver/stm32h7xx_hal_cortex.o
 .debug_aranges
                0x0000000000000458       0x58 ./Drivers/STM32H7xx_HAL_Driver/stm32h7xx_hal_gpio.o
 .debug_aranges
                0x00000000000004b0       0x70 ./Drivers/STM32H7xx_HAL_Driver/stm32h7xx_hal_hsem.o
 .debug_aranges
                0x0000000000000520      0x140 ./Drivers/STM32H7xx_HAL_Driver/stm32h7xx_hal_pcd.o
 .debug_aranges
                0x0000000000000660       0x60 ./Drivers/STM32H7xx_HAL_Driver/stm32h7xx_hal_pcd_ex.o
 .debug_aranges
                0x00000000000006c0      0x170 ./Drivers/STM32H7xx_HAL_Driver/stm32h7xx_hal_pwr_ex.o
 .debug_aranges
                0x0000000000000830       0x88 ./Drivers/STM32H7xx_HAL_Driver/stm32h7xx_hal_rcc.o
 .debug_aranges
                0x00000000000008b8      0x100 ./Drivers/STM32H7xx_HAL_Driver/stm32h7xx_hal_rcc_ex.o
 .debug_aranges
                0x00000000000009b8      0x248 ./Drivers/STM32H7xx_HAL_Driver/stm32h7xx_hal_uart.o
 .debug_aranges
                0x0000000000000c00       0xa0 ./Drivers/STM32H7xx_HAL_Driver/stm32h7xx_hal_uart_ex.o
 .debug_aranges
                0x0000000000000ca0      0x1a0 ./Drivers/STM32H7xx_HAL_Driver/stm32h7xx_ll_usb.o
 .debug_aranges
                0x0000000000000e40       0x90 ./Middlewares/ST/STM32_USB_Device_Library/usbd_cdc.o
 .debug_aranges
                0x0000000000000ed0       0xd8 ./Middlewares/ST/STM32_USB_Device_Library/usbd_core.o
 .debug_aranges
                0x0000000000000fa8       0x90 ./Middlewares/ST/STM32_USB_Device_Library/usbd_ctlreq.o
 .debug_aranges
                0x0000000000001038       0x50 ./Middlewares/ST/STM32_USB_Device_Library/usbd_ioreq.o
 .debug_aranges
                0x0000000000001088       0x20 ./USB_DEVICE/App/usb_device.o
 .debug_aranges
                0x00000000000010a8       0x48 ./USB_DEVICE/App/usbd_cdc_if.o
 .debug_aranges
                0x00000000000010f0       0x60 ./USB_DEVICE/App/usbd_desc.o
 .debug_aranges
                0x0000000000001150      0x110 ./USB_DEVICE/Target/usbd_conf.o

.debug_ranges   0x0000000000000000     0x1108
 .debug_ranges  0x0000000000000000       0x18 ./Common/Src/system_stm32h7xx_dualcore_boot_cm4_cm7.o
 .debug_ranges  0x0000000000000018       0x30 ./Core/Src/main.o
 .debug_ranges  0x0000000000000048       0x20 ./Core/Src/stm32h7xx_hal_msp.o
 .debug_ranges  0x0000000000000068       0x68 ./Core/Src/stm32h7xx_it.o
 .debug_ranges  0x00000000000000d0       0x20 ./Core/Startup/startup_stm32h747xihx.o
 .debug_ranges  0x00000000000000f0      0x1f0 ./Drivers/STM32H7xx_HAL_Driver/stm32h7xx_hal.o
 .debug_ranges  0x00000000000002e0      0x110 ./Drivers/STM32H7xx_HAL_Driver/stm32h7xx_hal_cortex.o
 .debug_ranges  0x00000000000003f0       0x48 ./Drivers/STM32H7xx_HAL_Driver/stm32h7xx_hal_gpio.o
 .debug_ranges  0x0000000000000438       0x60 ./Drivers/STM32H7xx_HAL_Driver/stm32h7xx_hal_hsem.o
 .debug_ranges  0x0000000000000498      0x130 ./Drivers/STM32H7xx_HAL_Driver/stm32h7xx_hal_pcd.o
 .debug_ranges  0x00000000000005c8       0x50 ./Drivers/STM32H7xx_HAL_Driver/stm32h7xx_hal_pcd_ex.o
 .debug_ranges  0x0000000000000618      0x160 ./Drivers/STM32H7xx_HAL_Driver/stm32h7xx_hal_pwr_ex.o
 .debug_ranges  0x0000000000000778       0x78 ./Drivers/STM32H7xx_HAL_Driver/stm32h7xx_hal_rcc.o
 .debug_ranges  0x00000000000007f0       0xf0 ./Drivers/STM32H7xx_HAL_Driver/stm32h7xx_hal_rcc_ex.o
 .debug_ranges  0x00000000000008e0      0x268 ./Drivers/STM32H7xx_HAL_Driver/stm32h7xx_hal_uart.o
 .debug_ranges  0x0000000000000b48       0x90 ./Drivers/STM32H7xx_HAL_Driver/stm32h7xx_hal_uart_ex.o
 .debug_ranges  0x0000000000000bd8      0x190 ./Drivers/STM32H7xx_HAL_Driver/stm32h7xx_ll_usb.o
 .debug_ranges  0x0000000000000d68       0x80 ./Middlewares/ST/STM32_USB_Device_Library/usbd_cdc.o
 .debug_ranges  0x0000000000000de8       0xc8 ./Middlewares/ST/STM32_USB_Device_Library/usbd_core.o
 .debug_ranges  0x0000000000000eb0       0x80 ./Middlewares/ST/STM32_USB_Device_Library/usbd_ctlreq.o
 .debug_ranges  0x0000000000000f30       0x40 ./Middlewares/ST/STM32_USB_Device_Library/usbd_ioreq.o
 .debug_ranges  0x0000000000000f70       0x10 ./USB_DEVICE/App/usb_device.o
 .debug_ranges  0x0000000000000f80       0x38 ./USB_DEVICE/App/usbd_cdc_if.o
 .debug_ranges  0x0000000000000fb8       0x50 ./USB_DEVICE/App/usbd_desc.o
 .debug_ranges  0x0000000000001008      0x100 ./USB_DEVICE/Target/usbd_conf.o

.debug_macro    0x0000000000000000    0x41d05
 .debug_macro   0x0000000000000000      0x2b8 ./Common/Src/system_stm32h7xx_dualcore_boot_cm4_cm7.o
 .debug_macro   0x00000000000002b8      0xa96 ./Common/Src/system_stm32h7xx_dualcore_boot_cm4_cm7.o
 .debug_macro   0x0000000000000d4e       0x2e ./Common/Src/system_stm32h7xx_dualcore_boot_cm4_cm7.o
 .debug_macro   0x0000000000000d7c       0x49 ./Common/Src/system_stm32h7xx_dualcore_boot_cm4_cm7.o
 .debug_macro   0x0000000000000dc5       0x22 ./Common/Src/system_stm32h7xx_dualcore_boot_cm4_cm7.o
 .debug_macro   0x0000000000000de7       0x8e ./Common/Src/system_stm32h7xx_dualcore_boot_cm4_cm7.o
 .debug_macro   0x0000000000000e75       0x51 ./Common/Src/system_stm32h7xx_dualcore_boot_cm4_cm7.o
 .debug_macro   0x0000000000000ec6      0x103 ./Common/Src/system_stm32h7xx_dualcore_boot_cm4_cm7.o
 .debug_macro   0x0000000000000fc9       0x6a ./Common/Src/system_stm32h7xx_dualcore_boot_cm4_cm7.o
 .debug_macro   0x0000000000001033      0x1df ./Common/Src/system_stm32h7xx_dualcore_boot_cm4_cm7.o
 .debug_macro   0x0000000000001212       0x1c ./Common/Src/system_stm32h7xx_dualcore_boot_cm4_cm7.o
 .debug_macro   0x000000000000122e       0x22 ./Common/Src/system_stm32h7xx_dualcore_boot_cm4_cm7.o
 .debug_macro   0x0000000000001250       0xfb ./Common/Src/system_stm32h7xx_dualcore_boot_cm4_cm7.o
 .debug_macro   0x000000000000134b     0x1305 ./Common/Src/system_stm32h7xx_dualcore_boot_cm4_cm7.o
 .debug_macro   0x0000000000002650      0x11f ./Common/Src/system_stm32h7xx_dualcore_boot_cm4_cm7.o
 .debug_macro   0x000000000000276f       0x27 ./Common/Src/system_stm32h7xx_dualcore_boot_cm4_cm7.o
 .debug_macro   0x0000000000002796    0x2c716 ./Common/Src/system_stm32h7xx_dualcore_boot_cm4_cm7.o
 .debug_macro   0x000000000002eeac       0x6d ./Common/Src/system_stm32h7xx_dualcore_boot_cm4_cm7.o
 .debug_macro   0x000000000002ef19      0x238 ./Common/Src/system_stm32h7xx_dualcore_boot_cm4_cm7.o
 .debug_macro   0x000000000002f151     0x3d22 ./Common/Src/system_stm32h7xx_dualcore_boot_cm4_cm7.o
 .debug_macro   0x0000000000032e73      0x174 ./Common/Src/system_stm32h7xx_dualcore_boot_cm4_cm7.o
 .debug_macro   0x0000000000032fe7       0x52 ./Common/Src/system_stm32h7xx_dualcore_boot_cm4_cm7.o
 .debug_macro   0x0000000000033039       0x1d ./Common/Src/system_stm32h7xx_dualcore_boot_cm4_cm7.o
 .debug_macro   0x0000000000033056       0x3c ./Common/Src/system_stm32h7xx_dualcore_boot_cm4_cm7.o
 .debug_macro   0x0000000000033092       0x34 ./Common/Src/system_stm32h7xx_dualcore_boot_cm4_cm7.o
 .debug_macro   0x00000000000330c6       0x16 ./Common/Src/system_stm32h7xx_dualcore_boot_cm4_cm7.o
 .debug_macro   0x00000000000330dc       0x43 ./Common/Src/system_stm32h7xx_dualcore_boot_cm4_cm7.o
 .debug_macro   0x000000000003311f       0x34 ./Common/Src/system_stm32h7xx_dualcore_boot_cm4_cm7.o
 .debug_macro   0x0000000000033153       0x10 ./Common/Src/system_stm32h7xx_dualcore_boot_cm4_cm7.o
 .debug_macro   0x0000000000033163       0x58 ./Common/Src/system_stm32h7xx_dualcore_boot_cm4_cm7.o
 .debug_macro   0x00000000000331bb       0x71 ./Common/Src/system_stm32h7xx_dualcore_boot_cm4_cm7.o
 .debug_macro   0x000000000003322c       0x1c ./Common/Src/system_stm32h7xx_dualcore_boot_cm4_cm7.o
 .debug_macro   0x0000000000033248      0x12a ./Common/Src/system_stm32h7xx_dualcore_boot_cm4_cm7.o
 .debug_macro   0x0000000000033372      0x341 ./Common/Src/system_stm32h7xx_dualcore_boot_cm4_cm7.o
 .debug_macro   0x00000000000336b3      0x19b ./Common/Src/system_stm32h7xx_dualcore_boot_cm4_cm7.o
 .debug_macro   0x000000000003384e       0x5d ./Common/Src/system_stm32h7xx_dualcore_boot_cm4_cm7.o
 .debug_macro   0x00000000000338ab     0x3ae3 ./Common/Src/system_stm32h7xx_dualcore_boot_cm4_cm7.o
 .debug_macro   0x000000000003738e     0x106b ./Common/Src/system_stm32h7xx_dualcore_boot_cm4_cm7.o
 .debug_macro   0x00000000000383f9      0x14d ./Common/Src/system_stm32h7xx_dualcore_boot_cm4_cm7.o
 .debug_macro   0x0000000000038546      0x130 ./Common/Src/system_stm32h7xx_dualcore_boot_cm4_cm7.o
 .debug_macro   0x0000000000038676      0x3c5 ./Common/Src/system_stm32h7xx_dualcore_boot_cm4_cm7.o
 .debug_macro   0x0000000000038a3b       0xac ./Common/Src/system_stm32h7xx_dualcore_boot_cm4_cm7.o
 .debug_macro   0x0000000000038ae7      0x72d ./Common/Src/system_stm32h7xx_dualcore_boot_cm4_cm7.o
 .debug_macro   0x0000000000039214      0x228 ./Common/Src/system_stm32h7xx_dualcore_boot_cm4_cm7.o
 .debug_macro   0x000000000003943c       0x66 ./Common/Src/system_stm32h7xx_dualcore_boot_cm4_cm7.o
 .debug_macro   0x00000000000394a2      0x3c9 ./Common/Src/system_stm32h7xx_dualcore_boot_cm4_cm7.o
 .debug_macro   0x000000000003986b      0x407 ./Common/Src/system_stm32h7xx_dualcore_boot_cm4_cm7.o
 .debug_macro   0x0000000000039c72      0x27c ./Common/Src/system_stm32h7xx_dualcore_boot_cm4_cm7.o
 .debug_macro   0x0000000000039eee      0x3ca ./Common/Src/system_stm32h7xx_dualcore_boot_cm4_cm7.o
 .debug_macro   0x000000000003a2b8      0x4a2 ./Common/Src/system_stm32h7xx_dualcore_boot_cm4_cm7.o
 .debug_macro   0x000000000003a75a       0x51 ./Common/Src/system_stm32h7xx_dualcore_boot_cm4_cm7.o
 .debug_macro   0x000000000003a7ab       0x4a ./Common/Src/system_stm32h7xx_dualcore_boot_cm4_cm7.o
 .debug_macro   0x000000000003a7f5      0x22c ./Common/Src/system_stm32h7xx_dualcore_boot_cm4_cm7.o
 .debug_macro   0x000000000003aa21       0x67 ./Common/Src/system_stm32h7xx_dualcore_boot_cm4_cm7.o
 .debug_macro   0x000000000003aa88       0xa5 ./Common/Src/system_stm32h7xx_dualcore_boot_cm4_cm7.o
 .debug_macro   0x000000000003ab2d      0x218 ./Common/Src/system_stm32h7xx_dualcore_boot_cm4_cm7.o
 .debug_macro   0x000000000003ad45      0x2ea ./Common/Src/system_stm32h7xx_dualcore_boot_cm4_cm7.o
 .debug_macro   0x000000000003b02f       0x35 ./Common/Src/system_stm32h7xx_dualcore_boot_cm4_cm7.o
 .debug_macro   0x000000000003b064      0x67e ./Common/Src/system_stm32h7xx_dualcore_boot_cm4_cm7.o
 .debug_macro   0x000000000003b6e2       0xa6 ./Common/Src/system_stm32h7xx_dualcore_boot_cm4_cm7.o
 .debug_macro   0x000000000003b788      0x248 ./Common/Src/system_stm32h7xx_dualcore_boot_cm4_cm7.o
 .debug_macro   0x000000000003b9d0       0x90 ./Common/Src/system_stm32h7xx_dualcore_boot_cm4_cm7.o
 .debug_macro   0x000000000003ba60      0x798 ./Common/Src/system_stm32h7xx_dualcore_boot_cm4_cm7.o
 .debug_macro   0x000000000003c1f8      0x41a ./Core/Src/main.o
 .debug_macro   0x000000000003c612       0xe8 ./Core/Src/main.o
 .debug_macro   0x000000000003c6fa       0x1c ./Core/Src/main.o
 .debug_macro   0x000000000003c716       0x35 ./Core/Src/main.o
 .debug_macro   0x000000000003c74b       0x10 ./Core/Src/main.o
 .debug_macro   0x000000000003c75b       0x10 ./Core/Src/main.o
 .debug_macro   0x000000000003c76b       0x1c ./Core/Src/main.o
 .debug_macro   0x000000000003c787       0x52 ./Core/Src/main.o
 .debug_macro   0x000000000003c7d9       0x22 ./Core/Src/main.o
 .debug_macro   0x000000000003c7fb       0x10 ./Core/Src/main.o
 .debug_macro   0x000000000003c80b       0x52 ./Core/Src/main.o
 .debug_macro   0x000000000003c85d       0xd5 ./Core/Src/main.o
 .debug_macro   0x000000000003c932       0x1c ./Core/Src/main.o
 .debug_macro   0x000000000003c94e       0x3d ./Core/Src/main.o
 .debug_macro   0x000000000003c98b       0x16 ./Core/Src/main.o
 .debug_macro   0x000000000003c9a1      0x145 ./Core/Src/main.o
 .debug_macro   0x000000000003cae6       0x16 ./Core/Src/main.o
 .debug_macro   0x000000000003cafc       0x16 ./Core/Src/main.o
 .debug_macro   0x000000000003cb12       0x29 ./Core/Src/main.o
 .debug_macro   0x000000000003cb3b       0x16 ./Core/Src/main.o
 .debug_macro   0x000000000003cb51       0x20 ./Core/Src/main.o
 .debug_macro   0x000000000003cb71       0x65 ./Core/Src/main.o
 .debug_macro   0x000000000003cbd6      0x20f ./Core/Src/main.o
 .debug_macro   0x000000000003cde5      0x2c7 ./Core/Src/stm32h7xx_hal_msp.o
 .debug_macro   0x000000000003d0ac      0x2d1 ./Core/Src/stm32h7xx_it.o
 .debug_macro   0x000000000003d37d      0x2e2 ./Drivers/STM32H7xx_HAL_Driver/stm32h7xx_hal.o
 .debug_macro   0x000000000003d65f      0x2b8 ./Drivers/STM32H7xx_HAL_Driver/stm32h7xx_hal_cortex.o
 .debug_macro   0x000000000003d917      0x2cc ./Drivers/STM32H7xx_HAL_Driver/stm32h7xx_hal_gpio.o
 .debug_macro   0x000000000003dbe3      0x2ca ./Drivers/STM32H7xx_HAL_Driver/stm32h7xx_hal_hsem.o
 .debug_macro   0x000000000003dead      0x2c4 ./Drivers/STM32H7xx_HAL_Driver/stm32h7xx_hal_pcd.o
 .debug_macro   0x000000000003e171      0x2b8 ./Drivers/STM32H7xx_HAL_Driver/stm32h7xx_hal_pcd_ex.o
 .debug_macro   0x000000000003e429      0x2f1 ./Drivers/STM32H7xx_HAL_Driver/stm32h7xx_hal_pwr_ex.o
 .debug_macro   0x000000000003e71a      0x2dc ./Drivers/STM32H7xx_HAL_Driver/stm32h7xx_hal_rcc.o
 .debug_macro   0x000000000003e9f6      0x2d6 ./Drivers/STM32H7xx_HAL_Driver/stm32h7xx_hal_rcc_ex.o
 .debug_macro   0x000000000003eccc      0x2e3 ./Drivers/STM32H7xx_HAL_Driver/stm32h7xx_hal_uart.o
 .debug_macro   0x000000000003efaf      0x2c4 ./Drivers/STM32H7xx_HAL_Driver/stm32h7xx_hal_uart_ex.o
 .debug_macro   0x000000000003f273      0x2b8 ./Drivers/STM32H7xx_HAL_Driver/stm32h7xx_ll_usb.o
 .debug_macro   0x000000000003f52b      0x445 ./Middlewares/ST/STM32_USB_Device_Library/usbd_cdc.o
 .debug_macro   0x000000000003f970       0x16 ./Middlewares/ST/STM32_USB_Device_Library/usbd_cdc.o
 .debug_macro   0x000000000003f986       0x97 ./Middlewares/ST/STM32_USB_Device_Library/usbd_cdc.o
 .debug_macro   0x000000000003fa1d       0xfd ./Middlewares/ST/STM32_USB_Device_Library/usbd_cdc.o
 .debug_macro   0x000000000003fb1a       0x95 ./Middlewares/ST/STM32_USB_Device_Library/usbd_cdc.o
 .debug_macro   0x000000000003fbaf      0x42c ./Middlewares/ST/STM32_USB_Device_Library/usbd_core.o
 .debug_macro   0x000000000003ffdb      0x215 ./Middlewares/ST/STM32_USB_Device_Library/usbd_core.o
 .debug_macro   0x00000000000401f0      0x436 ./Middlewares/ST/STM32_USB_Device_Library/usbd_ctlreq.o
 .debug_macro   0x0000000000040626      0x432 ./Middlewares/ST/STM32_USB_Device_Library/usbd_ioreq.o
 .debug_macro   0x0000000000040a58      0x45f ./USB_DEVICE/App/usb_device.o
 .debug_macro   0x0000000000040eb7       0xee ./USB_DEVICE/App/usb_device.o