Archive member included to satisfy reference by file (symbol)

c:/st/stm32cubeide_1.9.0/stm32cubeide/plugins/com.st.stm32cube.ide.mcu.externaltools.gnu-tools-for-stm32.10.3-2021.10.win32_1.0.0.202111181127/tools/bin/../lib/gcc/arm-none-eabi/10.3.1/../../../../arm-none-eabi/lib/thumb/v7e-m+dp/hard\libc_nano.a(lib_a-errno.o)
                              ./Core/Src/syscalls.o (__errno)
c:/st/stm32cubeide_1.9.0/stm32cubeide/plugins/com.st.stm32cube.ide.mcu.externaltools.gnu-tools-for-stm32.10.3-2021.10.win32_1.0.0.202111181127/tools/bin/../lib/gcc/arm-none-eabi/10.3.1/../../../../arm-none-eabi/lib/thumb/v7e-m+dp/hard\libc_nano.a(lib_a-exit.o)
                              c:/st/stm32cubeide_1.9.0/stm32cubeide/plugins/com.st.stm32cube.ide.mcu.externaltools.gnu-tools-for-stm32.10.3-2021.10.win32_1.0.0.202111181127/tools/bin/../lib/gcc/arm-none-eabi/10.3.1/../../../../arm-none-eabi/lib/thumb/v7e-m+dp/hard/crt0.o (exit)
c:/st/stm32cubeide_1.9.0/stm32cubeide/plugins/com.st.stm32cube.ide.mcu.externaltools.gnu-tools-for-stm32.10.3-2021.10.win32_1.0.0.202111181127/tools/bin/../lib/gcc/arm-none-eabi/10.3.1/../../../../arm-none-eabi/lib/thumb/v7e-m+dp/hard\libc_nano.a(lib_a-impure.o)
                              c:/st/stm32cubeide_1.9.0/stm32cubeide/plugins/com.st.stm32cube.ide.mcu.externaltools.gnu-tools-for-stm32.10.3-2021.10.win32_1.0.0.202111181127/tools/bin/../lib/gcc/arm-none-eabi/10.3.1/../../../../arm-none-eabi/lib/thumb/v7e-m+dp/hard\libc_nano.a(lib_a-exit.o) (_global_impure_ptr)
c:/st/stm32cubeide_1.9.0/stm32cubeide/plugins/com.st.stm32cube.ide.mcu.externaltools.gnu-tools-for-stm32.10.3-2021.10.win32_1.0.0.202111181127/tools/bin/../lib/gcc/arm-none-eabi/10.3.1/../../../../arm-none-eabi/lib/thumb/v7e-m+dp/hard\libc_nano.a(lib_a-init.o)
                              c:/st/stm32cubeide_1.9.0/stm32cubeide/plugins/com.st.stm32cube.ide.mcu.externaltools.gnu-tools-for-stm32.10.3-2021.10.win32_1.0.0.202111181127/tools/bin/../lib/gcc/arm-none-eabi/10.3.1/../../../../arm-none-eabi/lib/thumb/v7e-m+dp/hard/crt0.o (__libc_init_array)
c:/st/stm32cubeide_1.9.0/stm32cubeide/plugins/com.st.stm32cube.ide.mcu.externaltools.gnu-tools-for-stm32.10.3-2021.10.win32_1.0.0.202111181127/tools/bin/../lib/gcc/arm-none-eabi/10.3.1/../../../../arm-none-eabi/lib/thumb/v7e-m+dp/hard\libc_nano.a(lib_a-memset.o)
                              c:/st/stm32cubeide_1.9.0/stm32cubeide/plugins/com.st.stm32cube.ide.mcu.externaltools.gnu-tools-for-stm32.10.3-2021.10.win32_1.0.0.202111181127/tools/bin/../lib/gcc/arm-none-eabi/10.3.1/../../../../arm-none-eabi/lib/thumb/v7e-m+dp/hard/crt0.o (memset)
c:/st/stm32cubeide_1.9.0/stm32cubeide/plugins/com.st.stm32cube.ide.mcu.externaltools.gnu-tools-for-stm32.10.3-2021.10.win32_1.0.0.202111181127/tools/bin/../lib/gcc/arm-none-eabi/10.3.1/../../../../arm-none-eabi/lib/thumb/v7e-m+dp/hard\libc_nano.a(lib_a-strlen.o)
                              ./Core/Src/Lcd/lcd.o (strlen)
c:/st/stm32cubeide_1.9.0/stm32cubeide/plugins/com.st.stm32cube.ide.mcu.externaltools.gnu-tools-for-stm32.10.3-2021.10.win32_1.0.0.202111181127/tools/bin/../lib/gcc/arm-none-eabi/10.3.1/thumb/v7e-m+dp/hard\libgcc.a(_aeabi_uldivmod.o)
                              ./Drivers/STM32H7xx_HAL_Driver/Src/stm32h7xx_hal_uart.o (__aeabi_uldivmod)
c:/st/stm32cubeide_1.9.0/stm32cubeide/plugins/com.st.stm32cube.ide.mcu.externaltools.gnu-tools-for-stm32.10.3-2021.10.win32_1.0.0.202111181127/tools/bin/../lib/gcc/arm-none-eabi/10.3.1/thumb/v7e-m+dp/hard\libgcc.a(_udivmoddi4.o)
                              c:/st/stm32cubeide_1.9.0/stm32cubeide/plugins/com.st.stm32cube.ide.mcu.externaltools.gnu-tools-for-stm32.10.3-2021.10.win32_1.0.0.202111181127/tools/bin/../lib/gcc/arm-none-eabi/10.3.1/thumb/v7e-m+dp/hard\libgcc.a(_aeabi_uldivmod.o) (__udivmoddi4)
c:/st/stm32cubeide_1.9.0/stm32cubeide/plugins/com.st.stm32cube.ide.mcu.externaltools.gnu-tools-for-stm32.10.3-2021.10.win32_1.0.0.202111181127/tools/bin/../lib/gcc/arm-none-eabi/10.3.1/thumb/v7e-m+dp/hard\libgcc.a(_dvmd_tls.o)
                              c:/st/stm32cubeide_1.9.0/stm32cubeide/plugins/com.st.stm32cube.ide.mcu.externaltools.gnu-tools-for-stm32.10.3-2021.10.win32_1.0.0.202111181127/tools/bin/../lib/gcc/arm-none-eabi/10.3.1/thumb/v7e-m+dp/hard\libgcc.a(_aeabi_uldivmod.o) (__aeabi_ldiv0)

Discarded input sections

 .text          0x0000000000000000        0x0 c:/st/stm32cubeide_1.9.0/stm32cubeide/plugins/com.st.stm32cube.ide.mcu.externaltools.gnu-tools-for-stm32.10.3-2021.10.win32_1.0.0.202111181127/tools/bin/../lib/gcc/arm-none-eabi/10.3.1/thumb/v7e-m+dp/hard/crti.o
 .data          0x0000000000000000        0x0 c:/st/stm32cubeide_1.9.0/stm32cubeide/plugins/com.st.stm32cube.ide.mcu.externaltools.gnu-tools-for-stm32.10.3-2021.10.win32_1.0.0.202111181127/tools/bin/../lib/gcc/arm-none-eabi/10.3.1/thumb/v7e-m+dp/hard/crti.o
[...]
Memory Configuration

Name             Origin             Length             Attributes
FLASH            0x0000000008000000 0x0000000000200000 xr
DTCMRAM          0x0000000020000000 0x0000000000020000 xrw
RAM_D1           0x0000000024000000 0x0000000000080000 xrw
RAM_D2           0x0000000030000000 0x0000000000048000 xrw
RAM_D3           0x0000000038000000 0x0000000000010000 xrw
ITCMRAM          0x0000000000000000 0x0000000000010000 xrw
*default*        0x0000000000000000 0xffffffffffffffff

Linker script and memory map

LOAD c:/st/stm32cubeide_1.9.0/stm32cubeide/plugins/com.st.stm32cube.ide.mcu.externaltools.gnu-tools-for-stm32.10.3-2021.10.win32_1.0.0.202111181127/tools/bin/../lib/gcc/arm-none-eabi/10.3.1/thumb/v7e-m+dp/hard/crti.o
LOAD c:/st/stm32cubeide_1.9.0/stm32cubeide/plugins/com.st.stm32cube.ide.mcu.externaltools.gnu-tools-for-stm32.10.3-2021.10.win32_1.0.0.202111181127/tools/bin/../lib/gcc/arm-none-eabi/10.3.1/thumb/v7e-m+dp/hard/crtbegin.o
LOAD c:/st/stm32cubeide_1.9.0/stm32cubeide/plugins/com.st.stm32cube.ide.mcu.externaltools.gnu-tools-for-stm32.10.3-2021.10.win32_1.0.0.202111181127/tools/bin/../lib/gcc/arm-none-eabi/10.3.1/../../../../arm-none-eabi/lib/thumb/v7e-m+dp/hard/crt0.o
LOAD ./Core/Src/Lcd/FT801.o
LOAD ./Core/Src/Lcd/lcd.o
LOAD ./Core/Src/main.o
LOAD ./Core/Src/mode.o
LOAD ./Core/Src/stm32h7xx_hal_msp.o
LOAD ./Core/Src/stm32h7xx_it.o
LOAD ./Core/Src/syscalls.o
LOAD ./Core/Src/sysmem.o
LOAD ./Core/Src/system_stm32h7xx.o
LOAD ./Core/Startup/startup_stm32h743vitx.o
LOAD ./Drivers/STM32H7xx_HAL_Driver/Src/stm32h7xx_hal.o
LOAD ./Drivers/STM32H7xx_HAL_Driver/Src/stm32h7xx_hal_cortex.o
LOAD ./Drivers/STM32H7xx_HAL_Driver/Src/stm32h7xx_hal_dma.o
LOAD ./Drivers/STM32H7xx_HAL_Driver/Src/stm32h7xx_hal_dma_ex.o
LOAD ./Drivers/STM32H7xx_HAL_Driver/Src/stm32h7xx_hal_exti.o
LOAD ./Drivers/STM32H7xx_HAL_Driver/Src/stm32h7xx_hal_flash.o
LOAD ./Drivers/STM32H7xx_HAL_Driver/Src/stm32h7xx_hal_flash_ex.o
LOAD ./Drivers/STM32H7xx_HAL_Driver/Src/stm32h7xx_hal_gpio.o
LOAD ./Drivers/STM32H7xx_HAL_Driver/Src/stm32h7xx_hal_hsem.o
LOAD ./Drivers/STM32H7xx_HAL_Driver/Src/stm32h7xx_hal_i2c.o
LOAD ./Drivers/STM32H7xx_HAL_Driver/Src/stm32h7xx_hal_i2c_ex.o
LOAD ./Drivers/STM32H7xx_HAL_Driver/Src/stm32h7xx_hal_mdma.o
LOAD ./Drivers/STM32H7xx_HAL_Driver/Src/stm32h7xx_hal_pwr.o
LOAD ./Drivers/STM32H7xx_HAL_Driver/Src/stm32h7xx_hal_pwr_ex.o
LOAD ./Drivers/STM32H7xx_HAL_Driver/Src/stm32h7xx_hal_rcc.o
LOAD ./Drivers/STM32H7xx_HAL_Driver/Src/stm32h7xx_hal_rcc_ex.o
LOAD ./Drivers/STM32H7xx_HAL_Driver/Src/stm32h7xx_hal_spi.o
LOAD ./Drivers/STM32H7xx_HAL_Driver/Src/stm32h7xx_hal_spi_ex.o
LOAD ./Drivers/STM32H7xx_HAL_Driver/Src/stm32h7xx_hal_tim.o
LOAD ./Drivers/STM32H7xx_HAL_Driver/Src/stm32h7xx_hal_tim_ex.o
LOAD ./Drivers/STM32H7xx_HAL_Driver/Src/stm32h7xx_hal_uart.o
LOAD ./Drivers/STM32H7xx_HAL_Driver/Src/stm32h7xx_hal_uart_ex.o
START GROUP
LOAD c:/st/stm32cubeide_1.9.0/stm32cubeide/plugins/com.st.stm32cube.ide.mcu.externaltools.gnu-tools-for-stm32.10.3-2021.10.win32_1.0.0.202111181127/tools/bin/../lib/gcc/arm-none-eabi/10.3.1/../../../../arm-none-eabi/lib/thumb/v7e-m+dp/hard\libc_nano.a
LOAD c:/st/stm32cubeide_1.9.0/stm32cubeide/plugins/com.st.stm32cube.ide.mcu.externaltools.gnu-tools-for-stm32.10.3-2021.10.win32_1.0.0.202111181127/tools/bin/../lib/gcc/arm-none-eabi/10.3.1/../../../../arm-none-eabi/lib/thumb/v7e-m+dp/hard\libm.a
END GROUP
START GROUP
LOAD c:/st/stm32cubeide_1.9.0/stm32cubeide/plugins/com.st.stm32cube.ide.mcu.externaltools.gnu-tools-for-stm32.10.3-2021.10.win32_1.0.0.202111181127/tools/bin/../lib/gcc/arm-none-eabi/10.3.1/thumb/v7e-m+dp/hard\libgcc.a
LOAD c:/st/stm32cubeide_1.9.0/stm32cubeide/plugins/com.st.stm32cube.ide.mcu.externaltools.gnu-tools-for-stm32.10.3-2021.10.win32_1.0.0.202111181127/tools/bin/../lib/gcc/arm-none-eabi/10.3.1/../../../../arm-none-eabi/lib/thumb/v7e-m+dp/hard\libc_nano.a
END GROUP
START GROUP
LOAD c:/st/stm32cubeide_1.9.0/stm32cubeide/plugins/com.st.stm32cube.ide.mcu.externaltools.gnu-tools-for-stm32.10.3-2021.10.win32_1.0.0.202111181127/tools/bin/../lib/gcc/arm-none-eabi/10.3.1/thumb/v7e-m+dp/hard\libgcc.a
LOAD c:/st/stm32cubeide_1.9.0/stm32cubeide/plugins/com.st.stm32cube.ide.mcu.externaltools.gnu-tools-for-stm32.10.3-2021.10.win32_1.0.0.202111181127/tools/bin/../lib/gcc/arm-none-eabi/10.3.1/../../../../arm-none-eabi/lib/thumb/v7e-m+dp/hard\libc_nano.a
LOAD c:/st/stm32cubeide_1.9.0/stm32cubeide/plugins/com.st.stm32cube.ide.mcu.externaltools.gnu-tools-for-stm32.10.3-2021.10.win32_1.0.0.202111181127/tools/bin/../lib/gcc/arm-none-eabi/10.3.1/../../../../arm-none-eabi/lib/thumb/v7e-m+dp/hard\libnosys.a
END GROUP
START GROUP
LOAD c:/st/stm32cubeide_1.9.0/stm32cubeide/plugins/com.st.stm32cube.ide.mcu.externaltools.gnu-tools-for-stm32.10.3-2021.10.win32_1.0.0.202111181127/tools/bin/../lib/gcc/arm-none-eabi/10.3.1/thumb/v7e-m+dp/hard\libgcc.a
LOAD c:/st/stm32cubeide_1.9.0/stm32cubeide/plugins/com.st.stm32cube.ide.mcu.externaltools.gnu-tools-for-stm32.10.3-2021.10.win32_1.0.0.202111181127/tools/bin/../lib/gcc/arm-none-eabi/10.3.1/../../../../arm-none-eabi/lib/thumb/v7e-m+dp/hard\libc_nano.a
LOAD c:/st/stm32cubeide_1.9.0/stm32cubeide/plugins/com.st.stm32cube.ide.mcu.externaltools.gnu-tools-for-stm32.10.3-2021.10.win32_1.0.0.202111181127/tools/bin/../lib/gcc/arm-none-eabi/10.3.1/../../../../arm-none-eabi/lib/thumb/v7e-m+dp/hard\libnosys.a
END GROUP
LOAD c:/st/stm32cubeide_1.9.0/stm32cubeide/plugins/com.st.stm32cube.ide.mcu.externaltools.gnu-tools-for-stm32.10.3-2021.10.win32_1.0.0.202111181127/tools/bin/../lib/gcc/arm-none-eabi/10.3.1/thumb/v7e-m+dp/hard/crtend.o
LOAD c:/st/stm32cubeide_1.9.0/stm32cubeide/plugins/com.st.stm32cube.ide.mcu.externaltools.gnu-tools-for-stm32.10.3-2021.10.win32_1.0.0.202111181127/tools/bin/../lib/gcc/arm-none-eabi/10.3.1/thumb/v7e-m+dp/hard/crtn.o
                0x0000000024080000                _estack = (ORIGIN (RAM_D1) + LENGTH (RAM_D1))
                0x0000000000000200                _Min_Heap_Size = 0x200
                0x0000000000000400                _Min_Stack_Size = 0x400

.isr_vector     0x0000000008000000      0x298
                0x0000000008000000                . = ALIGN (0x4)
 *(.isr_vector)
 .isr_vector    0x0000000008000000      0x298 ./Core/Startup/startup_stm32h743vitx.o
                0x0000000008000000                g_pfnVectors
                0x0000000008000298                . = ALIGN (0x4)

.text           0x0000000008000298     0x6164
                0x0000000008000298                . = ALIGN (0x4)
 *(.text)
 .text          0x0000000008000298       0x40 c:/st/stm32cubeide_1.9.0/stm32cubeide/plugins/com.st.stm32cube.ide.mcu.externaltools.gnu-tools-for-stm32.10.3-2021.10.win32_1.0.0.202111181127/tools/bin/../lib/gcc/arm-none-eabi/10.3.1/thumb/v7e-m+dp/hard/crtbegin.o
 .text          0x00000000080002d8       0x30 c:/st/stm32cubeide_1.9.0/stm32cubeide/plugins/com.st.stm32cube.ide.mcu.externaltools.gnu-tools-for-stm32.10.3-2021.10.win32_1.0.0.202111181127/tools/bin/../lib/gcc/arm-none-eabi/10.3.1/thumb/v7e-m+dp/hard\libgcc.a(_aeabi_uldivmod.o)
                0x00000000080002d8                __aeabi_uldivmod
 .text          0x0000000008000308      0x2d0 c:/st/stm32cubeide_1.9.0/stm32cubeide/plugins/com.st.stm32cube.ide.mcu.externaltools.gnu-tools-for-stm32.10.3-2021.10.win32_1.0.0.202111181127/tools/bin/../lib/gcc/arm-none-eabi/10.3.1/thumb/v7e-m+dp/hard\libgcc.a(_udivmoddi4.o)
                0x0000000008000308                __udivmoddi4
 .text          0x00000000080005d8        0x4 c:/st/stm32cubeide_1.9.0/stm32cubeide/plugins/com.st.stm32cube.ide.mcu.externaltools.gnu-tools-for-stm32.10.3-2021.10.win32_1.0.0.202111181127/tools/bin/../lib/gcc/arm-none-eabi/10.3.1/thumb/v7e-m+dp/hard\libgcc.a(_dvmd_tls.o)
                0x00000000080005d8                __aeabi_idiv0
                0x00000000080005d8                __aeabi_ldiv0
 *(.text*)
 .text.FT801cmdWrite
                0x00000000080005dc       0x4c ./Core/Src/Lcd/FT801.o
                0x00000000080005dc                FT801cmdWrite
 .text.FT801memWrite8
                0x0000000008000628       0x64 ./Core/Src/Lcd/FT801.o
                0x0000000008000628                FT801memWrite8
 .text.FT801memWrite16
                0x000000000800068c       0x6c ./Core/Src/Lcd/FT801.o
                0x000000000800068c                FT801memWrite16
 .text.FT801memWrite32
                0x00000000080006f8       0x7c ./Core/Src/Lcd/FT801.o
                0x00000000080006f8                FT801memWrite32
 .text.FT801memWriteRAM32
                0x0000000008000774      0x23c ./Core/Src/Lcd/FT801.o
                0x0000000008000774                FT801memWriteRAM32
 .text.FT801memRead8
                0x00000000080009b0       0x6c ./Core/Src/Lcd/FT801.o
                0x00000000080009b0                FT801memRead8
 .text.FT801memRead32
                0x0000000008000a1c       0x80 ./Core/Src/Lcd/FT801.o
                0x0000000008000a1c                FT801memRead32
 .text.LCD_Init
                0x0000000008000a9c       0xac ./Core/Src/Lcd/lcd.o
                0x0000000008000a9c                LCD_Init
 .text.LCD_reset
                0x0000000008000b48       0x54 ./Core/Src/Lcd/lcd.o
                0x0000000008000b48                LCD_reset
 .text.LCD_wakeup
                0x0000000008000b9c       0x46 ./Core/Src/Lcd/lcd.o
                0x0000000008000b9c                LCD_wakeup
 *fill*         0x0000000008000be2        0x2 
 .text.LCD_displayInit
                0x0000000008000be4      0x170 ./Core/Src/Lcd/lcd.o
                0x0000000008000be4                LCD_displayInit
 .text.LCD_touchInit
                0x0000000008000d54       0x48 ./Core/Src/Lcd/lcd.o
                0x0000000008000d54                LCD_touchInit
 .text.LCD_audioInit
                0x0000000008000d9c       0x48 ./Core/Src/Lcd/lcd.o
                0x0000000008000d9c                LCD_audioInit
 .text.LCD_readTouch
                0x0000000008000de4       0x80 ./Core/Src/Lcd/lcd.o
                0x0000000008000de4                LCD_readTouch
 .text.LCD_displayLogo
                0x0000000008000e64      0x12c ./Core/Src/Lcd/lcd.o
                0x0000000008000e64                LCD_displayLogo
 .text.LCD_startFrame
                0x0000000008000f90       0x7c ./Core/Src/Lcd/lcd.o
                0x0000000008000f90                LCD_startFrame
 .text.LCD_endFrame
                0x000000000800100c       0x90 ./Core/Src/Lcd/lcd.o
                0x000000000800100c                LCD_endFrame
 .text.main     0x000000000800109c       0x2c ./Core/Src/main.o
                0x000000000800109c                main
 .text.SystemClock_Config
                0x00000000080010c8       0xfc ./Core/Src/main.o
                0x00000000080010c8                SystemClock_Config
 .text.MX_SPI2_Init
                0x00000000080011c4       0xb0 ./Core/Src/main.o
 .text.MX_UART7_Init
                0x0000000008001274       0x98 ./Core/Src/main.o
 .text.MX_GPIO_Init
                0x000000000800130c      0x124 ./Core/Src/main.o
 .text.HAL_GPIO_EXTI_Callback
                0x0000000008001430       0x1e ./Core/Src/main.o
                0x0000000008001430                HAL_GPIO_EXTI_Callback
 .text.Error_Handler
                0x000000000800144e        0xa ./Core/Src/main.o
                0x000000000800144e                Error_Handler
 .text.MODE_init
                0x0000000008001458       0x28 ./Core/Src/mode.o
                0x0000000008001458                MODE_init
 .text.MODE_touchInterrupt
                0x0000000008001480       0x14 ./Core/Src/mode.o
                0x0000000008001480                MODE_touchInterrupt
 .text.HAL_MspInit
                0x0000000008001494       0x34 ./Core/Src/stm32h7xx_hal_msp.o
                0x0000000008001494                HAL_MspInit
 .text.HAL_SPI_MspInit
                0x00000000080014c8      0x118 ./Core/Src/stm32h7xx_hal_msp.o
                0x00000000080014c8                HAL_SPI_MspInit
 .text.HAL_UART_MspInit
                0x00000000080015e0       0xcc ./Core/Src/stm32h7xx_hal_msp.o
                0x00000000080015e0                HAL_UART_MspInit
 .text.NMI_Handler
                0x00000000080016ac        0x6 ./Core/Src/stm32h7xx_it.o
                0x00000000080016ac                NMI_Handler
 .text.HardFault_Handler
                0x00000000080016b2        0x6 ./Core/Src/stm32h7xx_it.o
                0x00000000080016b2                HardFault_Handler
 .text.MemManage_Handler
                0x00000000080016b8        0x6 ./Core/Src/stm32h7xx_it.o
                0x00000000080016b8                MemManage_Handler
 .text.BusFault_Handler
                0x00000000080016be        0x6 ./Core/Src/stm32h7xx_it.o
                0x00000000080016be                BusFault_Handler
 .text.UsageFault_Handler
                0x00000000080016c4        0x6 ./Core/Src/stm32h7xx_it.o
                0x00000000080016c4                UsageFault_Handler
 .text.SVC_Handler
                0x00000000080016ca        0xe ./Core/Src/stm32h7xx_it.o
                0x00000000080016ca                SVC_Handler
 .text.DebugMon_Handler
                0x00000000080016d8        0xe ./Core/Src/stm32h7xx_it.o
                0x00000000080016d8                DebugMon_Handler
 .text.PendSV_Handler
                0x00000000080016e6        0xe ./Core/Src/stm32h7xx_it.o
                0x00000000080016e6                PendSV_Handler
 .text.SysTick_Handler
                0x00000000080016f4        0xc ./Core/Src/stm32h7xx_it.o
                0x00000000080016f4                SysTick_Handler
 .text.EXTI15_10_IRQHandler
                0x0000000008001700       0x10 ./Core/Src/stm32h7xx_it.o
                0x0000000008001700                EXTI15_10_IRQHandler
 .text.SystemInit
                0x0000000008001710      0x110 ./Core/Src/system_stm32h7xx.o
                0x0000000008001710                SystemInit
 .text.Reset_Handler
                0x0000000008001820       0x50 ./Core/Startup/startup_stm32h743vitx.o
                0x0000000008001820                Reset_Handler
 .text.Default_Handler
                0x0000000008001870        0x2 ./Core/Startup/startup_stm32h743vitx.o
                0x0000000008001870                RTC_Alarm_IRQHandler
                0x0000000008001870                EXTI2_IRQHandler
                0x0000000008001870                TIM8_CC_IRQHandler
                0x0000000008001870                HRTIM1_Master_IRQHandler
                0x0000000008001870                UART8_IRQHandler
                0x0000000008001870                SPI4_IRQHandler
                0x0000000008001870                TIM1_CC_IRQHandler
                0x0000000008001870                BDMA_Channel6_IRQHandler
                0x0000000008001870                DMA2_Stream5_IRQHandler
                0x0000000008001870                HRTIM1_FLT_IRQHandler
                0x0000000008001870                JPEG_IRQHandler
                0x0000000008001870                DMA1_Stream5_IRQHandler
                0x0000000008001870                BDMA_Channel1_IRQHandler
                0x0000000008001870                HRTIM1_TIMD_IRQHandler
                0x0000000008001870                TAMP_STAMP_IRQHandler
                0x0000000008001870                EXTI3_IRQHandler
                0x0000000008001870                LPTIM4_IRQHandler
                0x0000000008001870                TIM8_TRG_COM_TIM14_IRQHandler
                0x0000000008001870                LPTIM2_IRQHandler
                0x0000000008001870                DFSDM1_FLT1_IRQHandler
                0x0000000008001870                DMAMUX2_OVR_IRQHandler
                0x0000000008001870                TIM8_UP_TIM13_IRQHandler
                0x0000000008001870                I2C3_ER_IRQHandler
                0x0000000008001870                DFSDM1_FLT2_IRQHandler
                0x0000000008001870                MDMA_IRQHandler
                0x0000000008001870                LPTIM3_IRQHandler
                0x0000000008001870                HSEM1_IRQHandler
                0x0000000008001870                EXTI0_IRQHandler
                0x0000000008001870                I2C2_EV_IRQHandler
                0x0000000008001870                DMA1_Stream2_IRQHandler
                0x0000000008001870                FPU_IRQHandler
                0x0000000008001870                OTG_HS_WKUP_IRQHandler
                0x0000000008001870                FDCAN1_IT1_IRQHandler
                0x0000000008001870                LTDC_ER_IRQHandler
                0x0000000008001870                DMA2_Stream2_IRQHandler
                0x0000000008001870                HRTIM1_TIME_IRQHandler
                0x0000000008001870                SPI1_IRQHandler
                0x0000000008001870                TIM6_DAC_IRQHandler
                0x0000000008001870                DCMI_IRQHandler
                0x0000000008001870                HRTIM1_TIMC_IRQHandler
                0x0000000008001870                DMA2_Stream3_IRQHandler
                0x0000000008001870                SAI2_IRQHandler
                0x0000000008001870                DFSDM1_FLT3_IRQHandler
                0x0000000008001870                USART6_IRQHandler
                0x0000000008001870                TIM17_IRQHandler
                0x0000000008001870                USART3_IRQHandler
                0x0000000008001870                BDMA_Channel7_IRQHandler
                0x0000000008001870                LPTIM5_IRQHandler
                0x0000000008001870                UART5_IRQHandler
                0x0000000008001870                ADC3_IRQHandler
                0x0000000008001870                DMA2_Stream0_IRQHandler
                0x0000000008001870                TIM4_IRQHandler
                0x0000000008001870                BDMA_Channel2_IRQHandler
                0x0000000008001870                QUADSPI_IRQHandler
                0x0000000008001870                I2C1_EV_IRQHandler
                0x0000000008001870                DMA1_Stream6_IRQHandler
                0x0000000008001870                DMAMUX1_OVR_IRQHandler
                0x0000000008001870                DMA1_Stream1_IRQHandler
                0x0000000008001870                TIM16_IRQHandler
                0x0000000008001870                UART4_IRQHandler
                0x0000000008001870                BDMA_Channel5_IRQHandler
                0x0000000008001870                TIM3_IRQHandler
                0x0000000008001870                RCC_IRQHandler
                0x0000000008001870                TIM8_BRK_TIM12_IRQHandler
                0x0000000008001870                TIM1_TRG_COM_IRQHandler
                0x0000000008001870                Default_Handler
                0x0000000008001870                ECC_IRQHandler
                0x0000000008001870                CEC_IRQHandler
                0x0000000008001870                BDMA_Channel0_IRQHandler
                0x0000000008001870                ADC_IRQHandler
                0x0000000008001870                DMA1_Stream7_IRQHandler
                0x0000000008001870                HRTIM1_TIMA_IRQHandler
                0x0000000008001870                SPI5_IRQHandler
                0x0000000008001870                TIM7_IRQHandler
                0x0000000008001870                SDMMC1_IRQHandler
                0x0000000008001870                TIM5_IRQHandler
                0x0000000008001870                DMA2_Stream7_IRQHandler
                0x0000000008001870                TIM15_IRQHandler
                0x0000000008001870                PVD_AVD_IRQHandler
                0x0000000008001870                I2C3_EV_IRQHandler
                0x0000000008001870                EXTI9_5_IRQHandler
                0x0000000008001870                RTC_WKUP_IRQHandler
                0x0000000008001870                LTDC_IRQHandler
                0x0000000008001870                SAI3_IRQHandler
                0x0000000008001870                ETH_WKUP_IRQHandler
                0x0000000008001870                SPDIF_RX_IRQHandler
                0x0000000008001870                SPI2_IRQHandler
                0x0000000008001870                OTG_HS_EP1_IN_IRQHandler
                0x0000000008001870                DMA1_Stream0_IRQHandler
                0x0000000008001870                CRS_IRQHandler
                0x0000000008001870                EXTI4_IRQHandler
                0x0000000008001870                RNG_IRQHandler
                0x0000000008001870                HRTIM1_TIMB_IRQHandler
                0x0000000008001870                FDCAN2_IT1_IRQHandler
                0x0000000008001870                ETH_IRQHandler
                0x0000000008001870                TIM1_UP_IRQHandler
                0x0000000008001870                BDMA_Channel4_IRQHandler
                0x0000000008001870                OTG_HS_EP1_OUT_IRQHandler
                0x0000000008001870                WWDG_IRQHandler
                0x0000000008001870                SPI6_IRQHandler
                0x0000000008001870                MDIOS_IRQHandler
                0x0000000008001870                I2C4_EV_IRQHandler
                0x0000000008001870                FDCAN2_IT0_IRQHandler
                0x0000000008001870                LPUART1_IRQHandler
                0x0000000008001870                FDCAN1_IT0_IRQHandler
                0x0000000008001870                TIM2_IRQHandler
                0x0000000008001870                OTG_FS_WKUP_IRQHandler
                0x0000000008001870                OTG_HS_IRQHandler
                0x0000000008001870                DMA2D_IRQHandler
                0x0000000008001870                TIM1_BRK_IRQHandler
                0x0000000008001870                EXTI1_IRQHandler
                0x0000000008001870                SDMMC2_IRQHandler
                0x0000000008001870                OTG_FS_EP1_OUT_IRQHandler
                0x0000000008001870                BDMA_Channel3_IRQHandler
                0x0000000008001870                UART7_IRQHandler
                0x0000000008001870                MDIOS_WKUP_IRQHandler
                0x0000000008001870                USART2_IRQHandler
                0x0000000008001870                DFSDM1_FLT0_IRQHandler
                0x0000000008001870                SAI4_IRQHandler
                0x0000000008001870                I2C2_ER_IRQHandler
                0x0000000008001870                DMA2_Stream1_IRQHandler
                0x0000000008001870                FLASH_IRQHandler
                0x0000000008001870                DMA2_Stream4_IRQHandler
                0x0000000008001870                USART1_IRQHandler
                0x0000000008001870                OTG_FS_IRQHandler
                0x0000000008001870                SPI3_IRQHandler
                0x0000000008001870                WAKEUP_PIN_IRQHandler
                0x0000000008001870                DMA1_Stream4_IRQHandler
                0x0000000008001870                OTG_FS_EP1_IN_IRQHandler
                0x0000000008001870                I2C1_ER_IRQHandler
                0x0000000008001870                FMC_IRQHandler
                0x0000000008001870                FDCAN_CAL_IRQHandler
                0x0000000008001870                SWPMI1_IRQHandler
                0x0000000008001870                COMP1_IRQHandler
                0x0000000008001870                LPTIM1_IRQHandler
                0x0000000008001870                I2C4_ER_IRQHandler
                0x0000000008001870                DMA2_Stream6_IRQHandler
                0x0000000008001870                SAI1_IRQHandler
                0x0000000008001870                DMA1_Stream3_IRQHandler
 *fill*         0x0000000008001872        0x2 
 .text.HAL_Init
                0x0000000008001874       0x78 ./Drivers/STM32H7xx_HAL_Driver/Src/stm32h7xx_hal.o
                0x0000000008001874                HAL_Init
 .text.HAL_InitTick
                0x00000000080018ec       0x6c ./Drivers/STM32H7xx_HAL_Driver/Src/stm32h7xx_hal.o
                0x00000000080018ec                HAL_InitTick
 .text.HAL_IncTick
                0x0000000008001958       0x28 ./Drivers/STM32H7xx_HAL_Driver/Src/stm32h7xx_hal.o
                0x0000000008001958                HAL_IncTick
 .text.HAL_GetTick
                0x0000000008001980       0x18 ./Drivers/STM32H7xx_HAL_Driver/Src/stm32h7xx_hal.o
                0x0000000008001980                HAL_GetTick
 .text.HAL_Delay
                0x0000000008001998       0x48 ./Drivers/STM32H7xx_HAL_Driver/Src/stm32h7xx_hal.o
                0x0000000008001998                HAL_Delay
 .text.HAL_GetREVID
                0x00000000080019e0       0x18 ./Drivers/STM32H7xx_HAL_Driver/Src/stm32h7xx_hal.o
                0x00000000080019e0                HAL_GetREVID
 .text.__NVIC_SetPriorityGrouping
                0x00000000080019f8       0x48 ./Drivers/STM32H7xx_HAL_Driver/Src/stm32h7xx_hal_cortex.o
 .text.__NVIC_GetPriorityGrouping
                0x0000000008001a40       0x1c ./Drivers/STM32H7xx_HAL_Driver/Src/stm32h7xx_hal_cortex.o
 .text.__NVIC_EnableIRQ
                0x0000000008001a5c       0x3c ./Drivers/STM32H7xx_HAL_Driver/Src/stm32h7xx_hal_cortex.o
 .text.__NVIC_SetPriority
                0x0000000008001a98       0x54 ./Drivers/STM32H7xx_HAL_Driver/Src/stm32h7xx_hal_cortex.o
 .text.NVIC_EncodePriority
                0x0000000008001aec       0x66 ./Drivers/STM32H7xx_HAL_Driver/Src/stm32h7xx_hal_cortex.o
 *fill*         0x0000000008001b52        0x2 
 .text.SysTick_Config
                0x0000000008001b54       0x44 ./Drivers/STM32H7xx_HAL_Driver/Src/stm32h7xx_hal_cortex.o
 .text.HAL_NVIC_SetPriorityGrouping
                0x0000000008001b98       0x16 ./Drivers/STM32H7xx_HAL_Driver/Src/stm32h7xx_hal_cortex.o
                0x0000000008001b98                HAL_NVIC_SetPriorityGrouping
 .text.HAL_NVIC_SetPriority
                0x0000000008001bae       0x34 ./Drivers/STM32H7xx_HAL_Driver/Src/stm32h7xx_hal_cortex.o
                0x0000000008001bae                HAL_NVIC_SetPriority
 .text.HAL_NVIC_EnableIRQ
                0x0000000008001be2       0x1c ./Drivers/STM32H7xx_HAL_Driver/Src/stm32h7xx_hal_cortex.o
                0x0000000008001be2                HAL_NVIC_EnableIRQ
 .text.HAL_SYSTICK_Config
                0x0000000008001bfe       0x18 ./Drivers/STM32H7xx_HAL_Driver/Src/stm32h7xx_hal_cortex.o
                0x0000000008001bfe                HAL_SYSTICK_Config
 *fill*         0x0000000008001c16        0x2 
 .text.HAL_GPIO_Init
                0x0000000008001c18      0x360 ./Drivers/STM32H7xx_HAL_Driver/Src/stm32h7xx_hal_gpio.o
                0x0000000008001c18                HAL_GPIO_Init
 .text.HAL_GPIO_WritePin
                0x0000000008001f78       0x32 ./Drivers/STM32H7xx_HAL_Driver/Src/stm32h7xx_hal_gpio.o
                0x0000000008001f78                HAL_GPIO_WritePin
 .text.HAL_GPIO_EXTI_IRQHandler
                0x0000000008001faa       0x34 ./Drivers/STM32H7xx_HAL_Driver/Src/stm32h7xx_hal_gpio.o
                0x0000000008001faa                HAL_GPIO_EXTI_IRQHandler
 *fill*         0x0000000008001fde        0x2 
 .text.HAL_PWREx_ConfigSupply
                0x0000000008001fe0       0x74 ./Drivers/STM32H7xx_HAL_Driver/Src/stm32h7xx_hal_pwr_ex.o
                0x0000000008001fe0                HAL_PWREx_ConfigSupply
 .text.HAL_RCC_OscConfig
                0x0000000008002054      0x85c ./Drivers/STM32H7xx_HAL_Driver/Src/stm32h7xx_hal_rcc.o
                0x0000000008002054                HAL_RCC_OscConfig
 .text.HAL_RCC_ClockConfig
                0x00000000080028b0      0x36c ./Drivers/STM32H7xx_HAL_Driver/Src/stm32h7xx_hal_rcc.o
                0x00000000080028b0                HAL_RCC_ClockConfig
 .text.HAL_RCC_GetSysClockFreq
                0x0000000008002c1c      0x2f4 ./Drivers/STM32H7xx_HAL_Driver/Src/stm32h7xx_hal_rcc.o
                0x0000000008002c1c                HAL_RCC_GetSysClockFreq
 .text.HAL_RCC_GetHCLKFreq
                0x0000000008002f10       0x60 ./Drivers/STM32H7xx_HAL_Driver/Src/stm32h7xx_hal_rcc.o
                0x0000000008002f10                HAL_RCC_GetHCLKFreq
 .text.HAL_RCC_GetPCLK1Freq
                0x0000000008002f70       0x2c ./Drivers/STM32H7xx_HAL_Driver/Src/stm32h7xx_hal_rcc.o
                0x0000000008002f70                HAL_RCC_GetPCLK1Freq
 .text.HAL_RCC_GetPCLK2Freq
                0x0000000008002f9c       0x2c ./Drivers/STM32H7xx_HAL_Driver/Src/stm32h7xx_hal_rcc.o
                0x0000000008002f9c                HAL_RCC_GetPCLK2Freq
 .text.HAL_RCCEx_PeriphCLKConfig
                0x0000000008002fc8      0xe8c ./Drivers/STM32H7xx_HAL_Driver/Src/stm32h7xx_hal_rcc_ex.o
                0x0000000008002fc8                HAL_RCCEx_PeriphCLKConfig
 .text.HAL_RCCEx_GetD3PCLK1Freq
                0x0000000008003e54       0x2c ./Drivers/STM32H7xx_HAL_Driver/Src/stm32h7xx_hal_rcc_ex.o
                0x0000000008003e54                HAL_RCCEx_GetD3PCLK1Freq
 .text.HAL_RCCEx_GetPLL2ClockFreq
                0x0000000008003e80      0x2a8 ./Drivers/STM32H7xx_HAL_Driver/Src/stm32h7xx_hal_rcc_ex.o
                0x0000000008003e80                HAL_RCCEx_GetPLL2ClockFreq
 .text.HAL_RCCEx_GetPLL3ClockFreq
                0x0000000008004128      0x2a8 ./Drivers/STM32H7xx_HAL_Driver/Src/stm32h7xx_hal_rcc_ex.o
                0x0000000008004128                HAL_RCCEx_GetPLL3ClockFreq
 .text.RCCEx_PLL2_Config
                0x00000000080043d0      0x164 ./Drivers/STM32H7xx_HAL_Driver/Src/stm32h7xx_hal_rcc_ex.o
 .text.RCCEx_PLL3_Config
                0x0000000008004534      0x164 ./Drivers/STM32H7xx_HAL_Driver/Src/stm32h7xx_hal_rcc_ex.o
 .text.HAL_SPI_Init
                0x0000000008004698      0x20c ./Drivers/STM32H7xx_HAL_Driver/Src/stm32h7xx_hal_spi.o
                0x0000000008004698                HAL_SPI_Init
 .text.HAL_SPI_Transmit
                0x00000000080048a4      0x3e4 ./Drivers/STM32H7xx_HAL_Driver/Src/stm32h7xx_hal_spi.o
                0x00000000080048a4                HAL_SPI_Transmit
 .text.HAL_SPI_TransmitReceive
                0x0000000008004c88      0x450 ./Drivers/STM32H7xx_HAL_Driver/Src/stm32h7xx_hal_spi.o
                0x0000000008004c88                HAL_SPI_TransmitReceive
 .text.SPI_CloseTransfer
                0x00000000080050d8      0x140 ./Drivers/STM32H7xx_HAL_Driver/Src/stm32h7xx_hal_spi.o
 .text.SPI_WaitOnFlagUntilTimeout
                0x0000000008005218       0x5c ./Drivers/STM32H7xx_HAL_Driver/Src/stm32h7xx_hal_spi.o
 .text.SPI_GetPacketSize
                0x0000000008005274       0x36 ./Drivers/STM32H7xx_HAL_Driver/Src/stm32h7xx_hal_spi.o
 .text.HAL_UART_Init
                0x00000000080052aa       0xa0 ./Drivers/STM32H7xx_HAL_Driver/Src/stm32h7xx_hal_uart.o
                0x00000000080052aa                HAL_UART_Init
 *fill*         0x000000000800534a        0x2 
 .text.UART_SetConfig
                0x000000000800534c      0xad0 ./Drivers/STM32H7xx_HAL_Driver/Src/stm32h7xx_hal_uart.o
                0x000000000800534c                UART_SetConfig
 .text.UART_AdvFeatureConfig
                0x0000000008005e1c      0x144 ./Drivers/STM32H7xx_HAL_Driver/Src/stm32h7xx_hal_uart.o
                0x0000000008005e1c                UART_AdvFeatureConfig
 .text.UART_CheckIdleState
                0x0000000008005f60       0x96 ./Drivers/STM32H7xx_HAL_Driver/Src/stm32h7xx_hal_uart.o
                0x0000000008005f60                UART_CheckIdleState
 .text.UART_WaitOnFlagUntilTimeout
                0x0000000008005ff6      0x190 ./Drivers/STM32H7xx_HAL_Driver/Src/stm32h7xx_hal_uart.o
                0x0000000008005ff6                UART_WaitOnFlagUntilTimeout
 .text.HAL_UARTEx_DisableFifoMode
                0x0000000008006186       0x72 ./Drivers/STM32H7xx_HAL_Driver/Src/stm32h7xx_hal_uart_ex.o
                0x0000000008006186                HAL_UARTEx_DisableFifoMode
 .text.HAL_UARTEx_SetTxFifoThreshold
                0x00000000080061f8       0x7c ./Drivers/STM32H7xx_HAL_Driver/Src/stm32h7xx_hal_uart_ex.o
                0x00000000080061f8                HAL_UARTEx_SetTxFifoThreshold
 .text.HAL_UARTEx_SetRxFifoThreshold
                0x0000000008006274       0x7c ./Drivers/STM32H7xx_HAL_Driver/Src/stm32h7xx_hal_uart_ex.o
                0x0000000008006274                HAL_UARTEx_SetRxFifoThreshold
 .text.UARTEx_SetNbDataToProcess
                0x00000000080062f0       0x9c ./Drivers/STM32H7xx_HAL_Driver/Src/stm32h7xx_hal_uart_ex.o
 .text.__libc_init_array
                0x000000000800638c       0x48 c:/st/stm32cubeide_1.9.0/stm32cubeide/plugins/com.st.stm32cube.ide.mcu.externaltools.gnu-tools-for-stm32.10.3-2021.10.win32_1.0.0.202111181127/tools/bin/../lib/gcc/arm-none-eabi/10.3.1/../../../../arm-none-eabi/lib/thumb/v7e-m+dp/hard\libc_nano.a(lib_a-init.o)
                0x000000000800638c                __libc_init_array
 .text.memset   0x00000000080063d4       0x10 c:/st/stm32cubeide_1.9.0/stm32cubeide/plugins/com.st.stm32cube.ide.mcu.externaltools.gnu-tools-for-stm32.10.3-2021.10.win32_1.0.0.202111181127/tools/bin/../lib/gcc/arm-none-eabi/10.3.1/../../../../arm-none-eabi/lib/thumb/v7e-m+dp/hard\libc_nano.a(lib_a-memset.o)
                0x00000000080063d4                memset
 *(.glue_7)
 .glue_7        0x00000000080063e4        0x0 linker stubs
 *(.glue_7t)
 .glue_7t       0x00000000080063e4        0x0 linker stubs
 *(.eh_frame)
 .eh_frame      0x00000000080063e4        0x0 c:/st/stm32cubeide_1.9.0/stm32cubeide/plugins/com.st.stm32cube.ide.mcu.externaltools.gnu-tools-for-stm32.10.3-2021.10.win32_1.0.0.202111181127/tools/bin/../lib/gcc/arm-none-eabi/10.3.1/thumb/v7e-m+dp/hard/crtbegin.o
 *(.init)
 .init          0x00000000080063e4        0x4 c:/st/stm32cubeide_1.9.0/stm32cubeide/plugins/com.st.stm32cube.ide.mcu.externaltools.gnu-tools-for-stm32.10.3-2021.10.win32_1.0.0.202111181127/tools/bin/../lib/gcc/arm-none-eabi/10.3.1/thumb/v7e-m+dp/hard/crti.o
                0x00000000080063e4                _init
 .init          0x00000000080063e8        0x8 c:/st/stm32cubeide_1.9.0/stm32cubeide/plugins/com.st.stm32cube.ide.mcu.externaltools.gnu-tools-for-stm32.10.3-2021.10.win32_1.0.0.202111181127/tools/bin/../lib/gcc/arm-none-eabi/10.3.1/thumb/v7e-m+dp/hard/crtn.o
 *(.fini)
 .fini          0x00000000080063f0        0x4 c:/st/stm32cubeide_1.9.0/stm32cubeide/plugins/com.st.stm32cube.ide.mcu.externaltools.gnu-tools-for-stm32.10.3-2021.10.win32_1.0.0.202111181127/tools/bin/../lib/gcc/arm-none-eabi/10.3.1/thumb/v7e-m+dp/hard/crti.o
                0x00000000080063f0                _fini
 .fini          0x00000000080063f4        0x8 c:/st/stm32cubeide_1.9.0/stm32cubeide/plugins/com.st.stm32cube.ide.mcu.externaltools.gnu-tools-for-stm32.10.3-2021.10.win32_1.0.0.202111181127/tools/bin/../lib/gcc/arm-none-eabi/10.3.1/thumb/v7e-m+dp/hard/crtn.o
                0x00000000080063fc                . = ALIGN (0x4)
                0x00000000080063fc                _etext = .

.vfp11_veneer   0x00000000080063fc        0x0
 .vfp11_veneer  0x00000000080063fc        0x0 linker stubs

.v4_bx          0x00000000080063fc        0x0
 .v4_bx         0x00000000080063fc        0x0 linker stubs

.iplt           0x00000000080063fc        0x0
 .iplt          0x00000000080063fc        0x0 c:/st/stm32cubeide_1.9.0/stm32cubeide/plugins/com.st.stm32cube.ide.mcu.externaltools.gnu-tools-for-stm32.10.3-2021.10.win32_1.0.0.202111181127/tools/bin/../lib/gcc/arm-none-eabi/10.3.1/thumb/v7e-m+dp/hard/crtbegin.o

.rodata         0x00000000080063fc       0x38
                0x00000000080063fc                . = ALIGN (0x4)
 *(.rodata)
 *(.rodata*)
 .rodata.D1CorePrescTable
                0x00000000080063fc       0x10 ./Core/Src/system_stm32h7xx.o
                0x00000000080063fc                D1CorePrescTable
 .rodata.UARTPrescTable
                0x000000000800640c       0x18 ./Drivers/STM32H7xx_HAL_Driver/Src/stm32h7xx_hal_uart.o
                0x000000000800640c                UARTPrescTable
 .rodata.numerator.1
                0x0000000008006424        0x8 ./Drivers/STM32H7xx_HAL_Driver/Src/stm32h7xx_hal_uart_ex.o
 .rodata.denominator.0
                0x000000000800642c        0x8 ./Drivers/STM32H7xx_HAL_Driver/Src/stm32h7xx_hal_uart_ex.o
                0x0000000008006434                . = ALIGN (0x4)

.ARM.extab
 *(.ARM.extab* .gnu.linkonce.armextab.*)

.ARM            0x0000000008006434        0x8
                0x0000000008006434                __exidx_start = .
 *(.ARM.exidx*)
 .ARM.exidx     0x0000000008006434        0x8 c:/st/stm32cubeide_1.9.0/stm32cubeide/plugins/com.st.stm32cube.ide.mcu.externaltools.gnu-tools-for-stm32.10.3-2021.10.win32_1.0.0.202111181127/tools/bin/../lib/gcc/arm-none-eabi/10.3.1/thumb/v7e-m+dp/hard\libgcc.a(_udivmoddi4.o)
                0x000000000800643c                __exidx_end = .

.rel.dyn        0x000000000800643c        0x0
 .rel.iplt      0x000000000800643c        0x0 c:/st/stm32cubeide_1.9.0/stm32cubeide/plugins/com.st.stm32cube.ide.mcu.externaltools.gnu-tools-for-stm32.10.3-2021.10.win32_1.0.0.202111181127/tools/bin/../lib/gcc/arm-none-eabi/10.3.1/thumb/v7e-m+dp/hard/crtbegin.o

.preinit_array  0x000000000800643c        0x0
                0x000000000800643c                PROVIDE (__preinit_array_start = .)
 *(.preinit_array*)
                0x000000000800643c                PROVIDE (__preinit_array_end = .)

.init_array     0x000000000800643c        0x4
                0x000000000800643c                PROVIDE (__init_array_start = .)
 *(SORT_BY_NAME(.init_array.*))
 *(.init_array*)
 .init_array    0x000000000800643c        0x4 c:/st/stm32cubeide_1.9.0/stm32cubeide/plugins/com.st.stm32cube.ide.mcu.externaltools.gnu-tools-for-stm32.10.3-2021.10.win32_1.0.0.202111181127/tools/bin/../lib/gcc/arm-none-eabi/10.3.1/thumb/v7e-m+dp/hard/crtbegin.o
                0x0000000008006440                PROVIDE (__init_array_end = .)

.fini_array     0x0000000008006440        0x4
                [!provide]                        PROVIDE (__fini_array_start = .)
 *(SORT_BY_NAME(.fini_array.*))
 *(.fini_array*)
 .fini_array    0x0000000008006440        0x4 c:/st/stm32cubeide_1.9.0/stm32cubeide/plugins/com.st.stm32cube.ide.mcu.externaltools.gnu-tools-for-stm32.10.3-2021.10.win32_1.0.0.202111181127/tools/bin/../lib/gcc/arm-none-eabi/10.3.1/thumb/v7e-m+dp/hard/crtbegin.o
                [!provide]                        PROVIDE (__fini_array_end = .)
                0x0000000008006444                _sidata = LOADADDR (.data)

.data           0x0000000024000000    0x25814 load address 0x0000000008006444
                0x0000000024000000                . = ALIGN (0x4)
                0x0000000024000000                _sdata = .
 *(.data)
 *(.data*)
 .data.logo     0x0000000024000000    0x25800 ./Core/Src/Lcd/lcd.o
 .data.switch_display
                0x0000000024025800        0x4 ./Core/Src/Lcd/lcd.o
                0x0000000024025800                switch_display
 .data.SystemCoreClock
                0x0000000024025804        0x4 ./Core/Src/system_stm32h7xx.o
                0x0000000024025804                SystemCoreClock
 .data.SystemD2Clock
                0x0000000024025808        0x4 ./Core/Src/system_stm32h7xx.o
                0x0000000024025808                SystemD2Clock
 .data.uwTickPrio
                0x000000002402580c        0x4 ./Drivers/STM32H7xx_HAL_Driver/Src/stm32h7xx_hal.o
                0x000000002402580c                uwTickPrio
 .data.uwTickFreq
                0x0000000024025810        0x1 ./Drivers/STM32H7xx_HAL_Driver/Src/stm32h7xx_hal.o
                0x0000000024025810                uwTickFreq
 *(.RamFunc)
 *(.RamFunc*)
                0x0000000024025814                . = ALIGN (0x4)
 *fill*         0x0000000024025811        0x3 
                0x0000000024025814                _edata = .

.igot.plt       0x0000000024025814        0x0 load address 0x000000000802bc58
 .igot.plt      0x0000000024025814        0x0 c:/st/stm32cubeide_1.9.0/stm32cubeide/plugins/com.st.stm32cube.ide.mcu.externaltools.gnu-tools-for-stm32.10.3-2021.10.win32_1.0.0.202111181127/tools/bin/../lib/gcc/arm-none-eabi/10.3.1/thumb/v7e-m+dp/hard/crtbegin.o
                0x0000000024025814                . = ALIGN (0x4)

.bss            0x0000000024025814      0x160 load address 0x000000000802bc58
                0x0000000024025814                _sbss = .
                0x0000000024025814                __bss_start__ = _sbss
 *(.bss)
 .bss           0x0000000024025814       0x1c c:/st/stm32cubeide_1.9.0/stm32cubeide/plugins/com.st.stm32cube.ide.mcu.externaltools.gnu-tools-for-stm32.10.3-2021.10.win32_1.0.0.202111181127/tools/bin/../lib/gcc/arm-none-eabi/10.3.1/thumb/v7e-m+dp/hard/crtbegin.o
 *(.bss*)
 .bss.hspi2     0x0000000024025830       0x88 ./Core/Src/main.o
                0x0000000024025830                hspi2
 .bss.huart7    0x00000000240258b8       0x90 ./Core/Src/main.o
                0x00000000240258b8                huart7
 .bss.lcd       0x0000000024025948       0x28 ./Core/Src/mode.o
                0x0000000024025948                lcd
 .bss.uwTick    0x0000000024025970        0x4 ./Drivers/STM32H7xx_HAL_Driver/Src/stm32h7xx_hal.o
                0x0000000024025970                uwTick
 *(COMMON)
                0x0000000024025974                . = ALIGN (0x4)
                0x0000000024025974                _ebss = .
                0x0000000024025974                __bss_end__ = _ebss

._user_heap_stack
                0x0000000024025974      0x604 load address 0x000000000802bc58
                0x0000000024025978                . = ALIGN (0x8)
 *fill*         0x0000000024025974        0x4 
                [!provide]                        PROVIDE (end = .)
                0x0000000024025978                PROVIDE (_end = .)
                0x0000000024025b78                . = (. + _Min_Heap_Size)
 *fill*         0x0000000024025978      0x200 
                0x0000000024025f78                . = (. + _Min_Stack_Size)
 *fill*         0x0000000024025b78      0x400 
                0x0000000024025f78                . = ALIGN (0x8)

/DISCARD/
 libc.a(*)
 libm.a(*)
 libgcc.a(*)

.ARM.attributes
                0x0000000000000000       0x2e
 *(.ARM.attributes)
 .ARM.attributes
                0x0000000000000000       0x1e c:/st/stm32cubeide_1.9.0/stm32cubeide/plugins/com.st.stm32cube.ide.mcu.externaltools.gnu-tools-for-stm32.10.3-2021.10.win32_1.0.0.202111181127/tools/bin/../lib/gcc/arm-none-eabi/10.3.1/thumb/v7e-m+dp/hard/crti.o
 .ARM.attributes
                0x000000000000001e       0x32 c:/st/stm32cubeide_1.9.0/stm32cubeide/plugins/com.st.stm32cube.ide.mcu.externaltools.gnu-tools-for-stm32.10.3-2021.10.win32_1.0.0.202111181127/tools/bin/../lib/gcc/arm-none-eabi/10.3.1/thumb/v7e-m+dp/hard/crtbegin.o
 .ARM.attributes
                0x0000000000000050       0x32 ./Core/Src/Lcd/FT801.o
 .ARM.attributes
                0x0000000000000082       0x32 ./Core/Src/Lcd/lcd.o
 .ARM.attributes
                0x00000000000000b4       0x32 ./Core/Src/main.o
 .ARM.attributes
                0x00000000000000e6       0x32 ./Core/Src/mode.o
 .ARM.attributes
                0x0000000000000118       0x32 ./Core/Src/stm32h7xx_hal_msp.o
 .ARM.attributes
                0x000000000000014a       0x32 ./Core/Src/stm32h7xx_it.o
 .ARM.attributes
                0x000000000000017c       0x32 ./Core/Src/system_stm32h7xx.o
 .ARM.attributes
                0x00000000000001ae       0x21 ./Core/Startup/startup_stm32h743vitx.o
 .ARM.attributes
                0x00000000000001cf       0x32 ./Drivers/STM32H7xx_HAL_Driver/Src/stm32h7xx_hal.o
 .ARM.attributes
                0x0000000000000201       0x32 ./Drivers/STM32H7xx_HAL_Driver/Src/stm32h7xx_hal_cortex.o
 .ARM.attributes
                0x0000000000000233       0x32 ./Drivers/STM32H7xx_HAL_Driver/Src/stm32h7xx_hal_gpio.o
 .ARM.attributes
                0x0000000000000265       0x32 ./Drivers/STM32H7xx_HAL_Driver/Src/stm32h7xx_hal_pwr_ex.o
 .ARM.attributes
                0x0000000000000297       0x32 ./Drivers/STM32H7xx_HAL_Driver/Src/stm32h7xx_hal_rcc.o
 .ARM.attributes
                0x00000000000002c9       0x32 ./Drivers/STM32H7xx_HAL_Driver/Src/stm32h7xx_hal_rcc_ex.o
 .ARM.attributes
                0x00000000000002fb       0x32 ./Drivers/STM32H7xx_HAL_Driver/Src/stm32h7xx_hal_spi.o
 .ARM.attributes
                0x000000000000032d       0x32 ./Drivers/STM32H7xx_HAL_Driver/Src/stm32h7xx_hal_uart.o
 .ARM.attributes
                0x000000000000035f       0x32 ./Drivers/STM32H7xx_HAL_Driver/Src/stm32h7xx_hal_uart_ex.o
 .ARM.attributes
                0x0000000000000391       0x32 c:/st/stm32cubeide_1.9.0/stm32cubeide/plugins/com.st.stm32cube.ide.mcu.externaltools.gnu-tools-for-stm32.10.3-2021.10.win32_1.0.0.202111181127/tools/bin/../lib/gcc/arm-none-eabi/10.3.1/../../../../arm-none-eabi/lib/thumb/v7e-m+dp/hard\libc_nano.a(lib_a-init.o)
 .ARM.attributes
                0x00000000000003c3       0x32 c:/st/stm32cubeide_1.9.0/stm32cubeide/plugins/com.st.stm32cube.ide.mcu.externaltools.gnu-tools-for-stm32.10.3-2021.10.win32_1.0.0.202111181127/tools/bin/../lib/gcc/arm-none-eabi/10.3.1/../../../../arm-none-eabi/lib/thumb/v7e-m+dp/hard\libc_nano.a(lib_a-memset.o)
 .ARM.attributes
                0x00000000000003f5       0x1e c:/st/stm32cubeide_1.9.0/stm32cubeide/plugins/com.st.stm32cube.ide.mcu.externaltools.gnu-tools-for-stm32.10.3-2021.10.win32_1.0.0.202111181127/tools/bin/../lib/gcc/arm-none-eabi/10.3.1/thumb/v7e-m+dp/hard\libgcc.a(_aeabi_uldivmod.o)
 .ARM.attributes
                0x0000000000000413       0x32 c:/st/stm32cubeide_1.9.0/stm32cubeide/plugins/com.st.stm32cube.ide.mcu.externaltools.gnu-tools-for-stm32.10.3-2021.10.win32_1.0.0.202111181127/tools/bin/../lib/gcc/arm-none-eabi/10.3.1/thumb/v7e-m+dp/hard\libgcc.a(_udivmoddi4.o)
 .ARM.attributes
                0x0000000000000445       0x1e c:/st/stm32cubeide_1.9.0/stm32cubeide/plugins/com.st.stm32cube.ide.mcu.externaltools.gnu-tools-for-stm32.10.3-2021.10.win32_1.0.0.202111181127/tools/bin/../lib/gcc/arm-none-eabi/10.3.1/thumb/v7e-m+dp/hard\libgcc.a(_dvmd_tls.o)
 .ARM.attributes
                0x0000000000000463       0x1e c:/st/stm32cubeide_1.9.0/stm32cubeide/plugins/com.st.stm32cube.ide.mcu.externaltools.gnu-tools-for-stm32.10.3-2021.10.win32_1.0.0.202111181127/tools/bin/../lib/gcc/arm-none-eabi/10.3.1/thumb/v7e-m+dp/hard/crtn.o
OUTPUT(STM32H743VIT6-SCREEN.elf elf32-littlearm)
LOAD linker stubs
LOAD c:/st/stm32cubeide_1.9.0/stm32cubeide/plugins/com.st.stm32cube.ide.mcu.externaltools.gnu-tools-for-stm32.10.3-2021.10.win32_1.0.0.202111181127/tools/bin/../lib/gcc/arm-none-eabi/10.3.1/../../../../arm-none-eabi/lib/thumb/v7e-m+dp/hard\libc.a
LOAD c:/st/stm32cubeide_1.9.0/stm32cubeide/plugins/com.st.stm32cube.ide.mcu.externaltools.gnu-tools-for-stm32.10.3-2021.10.win32_1.0.0.202111181127/tools/bin/../lib/gcc/arm-none-eabi/10.3.1/../../../../arm-none-eabi/lib/thumb/v7e-m+dp/hard\libm.a
LOAD c:/st/stm32cubeide_1.9.0/stm32cubeide/plugins/com.st.stm32cube.ide.mcu.externaltools.gnu-tools-for-stm32.10.3-2021.10.win32_1.0.0.202111181127/tools/bin/../lib/gcc/arm-none-eabi/10.3.1/thumb/v7e-m+dp/hard\libgcc.a

.debug_info     0x0000000000000000    0x14263
 .debug_info    0x0000000000000000      0xd73 ./Core/Src/Lcd/FT801.o
 .debug_info    0x0000000000000d73      0xf56 ./Core/Src/Lcd/lcd.o
 .debug_info    0x0000000000001cc9     0x1b9e ./Core/Src/main.o
 .debug_info    0x0000000000003867      0xd1e ./Core/Src/mode.o
 .debug_info    0x0000000000004585     0x14fa ./Core/Src/stm32h7xx_hal_msp.o
 .debug_info    0x0000000000005a7f      0x199 ./Core/Src/stm32h7xx_it.o
 .debug_info    0x0000000000005c18      0xd07 ./Core/Src/system_stm32h7xx.o
 .debug_info    0x000000000000691f       0x22 ./Core/Startup/startup_stm32h743vitx.o
 .debug_info    0x0000000000006941     0x15d7 ./Drivers/STM32H7xx_HAL_Driver/Src/stm32h7xx_hal.o
 .debug_info    0x0000000000007f18     0x116d ./Drivers/STM32H7xx_HAL_Driver/Src/stm32h7xx_hal_cortex.o
 .debug_info    0x0000000000009085      0xd28 ./Drivers/STM32H7xx_HAL_Driver/Src/stm32h7xx_hal_gpio.o
 .debug_info    0x0000000000009dad     0x109d ./Drivers/STM32H7xx_HAL_Driver/Src/stm32h7xx_hal_pwr_ex.o
 .debug_info    0x000000000000ae4a      0xf4a ./Drivers/STM32H7xx_HAL_Driver/Src/stm32h7xx_hal_rcc.o
 .debug_info    0x000000000000bd94     0x12b4 ./Drivers/STM32H7xx_HAL_Driver/Src/stm32h7xx_hal_rcc_ex.o
 .debug_info    0x000000000000d048     0x15ce ./Drivers/STM32H7xx_HAL_Driver/Src/stm32h7xx_hal_spi.o
 .debug_info    0x000000000000e616     0x4c42 ./Drivers/STM32H7xx_HAL_Driver/Src/stm32h7xx_hal_uart.o
 .debug_info    0x0000000000013258     0x100b ./Drivers/STM32H7xx_HAL_Driver/Src/stm32h7xx_hal_uart_ex.o

.debug_abbrev   0x0000000000000000     0x2515
 .debug_abbrev  0x0000000000000000      0x1d0 ./Core/Src/Lcd/FT801.o
 .debug_abbrev  0x00000000000001d0      0x290 ./Core/Src/Lcd/lcd.o
 .debug_abbrev  0x0000000000000460      0x2fb ./Core/Src/main.o
 .debug_abbrev  0x000000000000075b      0x1de ./Core/Src/mode.o
 .debug_abbrev  0x0000000000000939      0x203 ./Core/Src/stm32h7xx_hal_msp.o
 .debug_abbrev  0x0000000000000b3c       0xc2 ./Core/Src/stm32h7xx_it.o
 .debug_abbrev  0x0000000000000bfe      0x147 ./Core/Src/system_stm32h7xx.o
 .debug_abbrev  0x0000000000000d45       0x12 ./Core/Startup/startup_stm32h743vitx.o
 .debug_abbrev  0x0000000000000d57      0x289 ./Drivers/STM32H7xx_HAL_Driver/Src/stm32h7xx_hal.o
 .debug_abbrev  0x0000000000000fe0      0x329 ./Drivers/STM32H7xx_HAL_Driver/Src/stm32h7xx_hal_cortex.o
 .debug_abbrev  0x0000000000001309      0x1ec ./Drivers/STM32H7xx_HAL_Driver/Src/stm32h7xx_hal_gpio.o
 .debug_abbrev  0x00000000000014f5      0x28f ./Drivers/STM32H7xx_HAL_Driver/Src/stm32h7xx_hal_pwr_ex.o
 .debug_abbrev  0x0000000000001784      0x2b8 ./Drivers/STM32H7xx_HAL_Driver/Src/stm32h7xx_hal_rcc.o
 .debug_abbrev  0x0000000000001a3c      0x25c ./Drivers/STM32H7xx_HAL_Driver/Src/stm32h7xx_hal_rcc_ex.o
 .debug_abbrev  0x0000000000001c98      0x29b ./Drivers/STM32H7xx_HAL_Driver/Src/stm32h7xx_hal_spi.o
 .debug_abbrev  0x0000000000001f33      0x325 ./Drivers/STM32H7xx_HAL_Driver/Src/stm32h7xx_hal_uart.o
 .debug_abbrev  0x0000000000002258      0x2bd ./Drivers/STM32H7xx_HAL_Driver/Src/stm32h7xx_hal_uart_ex.o

.debug_aranges  0x0000000000000000      0xce0
 .debug_aranges
                0x0000000000000000       0x60 ./Core/Src/Lcd/FT801.o
 .debug_aranges
                0x0000000000000060       0xa0 ./Core/Src/Lcd/lcd.o
 .debug_aranges
                0x0000000000000100       0x50 ./Core/Src/main.o
 .debug_aranges
                0x0000000000000150       0x28 ./Core/Src/mode.o
 .debug_aranges
                0x0000000000000178       0x40 ./Core/Src/stm32h7xx_hal_msp.o
 .debug_aranges
                0x00000000000001b8       0x68 ./Core/Src/stm32h7xx_it.o
 .debug_aranges
                0x0000000000000220       0x28 ./Core/Src/system_stm32h7xx.o
 .debug_aranges
                0x0000000000000248       0x28 ./Core/Startup/startup_stm32h743vitx.o
 .debug_aranges
                0x0000000000000270      0x198 ./Drivers/STM32H7xx_HAL_Driver/Src/stm32h7xx_hal.o
 .debug_aranges
                0x0000000000000408      0x120 ./Drivers/STM32H7xx_HAL_Driver/Src/stm32h7xx_hal_cortex.o
 .debug_aranges
                0x0000000000000528       0x58 ./Drivers/STM32H7xx_HAL_Driver/Src/stm32h7xx_hal_gpio.o
 .debug_aranges
                0x0000000000000580      0x158 ./Drivers/STM32H7xx_HAL_Driver/Src/stm32h7xx_hal_pwr_ex.o
 .debug_aranges
                0x00000000000006d8       0x88 ./Drivers/STM32H7xx_HAL_Driver/Src/stm32h7xx_hal_rcc.o
 .debug_aranges
                0x0000000000000760       0xf8 ./Drivers/STM32H7xx_HAL_Driver/Src/stm32h7xx_hal_rcc_ex.o
 .debug_aranges
                0x0000000000000858      0x1a0 ./Drivers/STM32H7xx_HAL_Driver/Src/stm32h7xx_hal_spi.o
 .debug_aranges
                0x00000000000009f8      0x248 ./Drivers/STM32H7xx_HAL_Driver/Src/stm32h7xx_hal_uart.o
 .debug_aranges
                0x0000000000000c40       0xa0 ./Drivers/STM32H7xx_HAL_Driver/Src/stm32h7xx_hal_uart_ex.o

.debug_ranges   0x0000000000000000      0xc08
 .debug_ranges  0x0000000000000000       0x50 ./Core/Src/Lcd/FT801.o
 .debug_ranges  0x0000000000000050       0x90 ./Core/Src/Lcd/lcd.o
 .debug_ranges  0x00000000000000e0       0x40 ./Core/Src/main.o
 .debug_ranges  0x0000000000000120       0x18 ./Core/Src/mode.o
 .debug_ranges  0x0000000000000138       0x30 ./Core/Src/stm32h7xx_hal_msp.o
 .debug_ranges  0x0000000000000168       0x58 ./Core/Src/stm32h7xx_it.o
 .debug_ranges  0x00000000000001c0       0x18 ./Core/Src/system_stm32h7xx.o
 .debug_ranges  0x00000000000001d8       0x20 ./Core/Startup/startup_stm32h743vitx.o
 .debug_ranges  0x00000000000001f8      0x188 ./Drivers/STM32H7xx_HAL_Driver/Src/stm32h7xx_hal.o
 .debug_ranges  0x0000000000000380      0x110 ./Drivers/STM32H7xx_HAL_Driver/Src/stm32h7xx_hal_cortex.o
 .debug_ranges  0x0000000000000490       0x48 ./Drivers/STM32H7xx_HAL_Driver/Src/stm32h7xx_hal_gpio.o
 .debug_ranges  0x00000000000004d8      0x148 ./Drivers/STM32H7xx_HAL_Driver/Src/stm32h7xx_hal_pwr_ex.o
 .debug_ranges  0x0000000000000620       0x78 ./Drivers/STM32H7xx_HAL_Driver/Src/stm32h7xx_hal_rcc.o
 .debug_ranges  0x0000000000000698       0xe8 ./Drivers/STM32H7xx_HAL_Driver/Src/stm32h7xx_hal_rcc_ex.o
 .debug_ranges  0x0000000000000780      0x190 ./Drivers/STM32H7xx_HAL_Driver/Src/stm32h7xx_hal_spi.o
 .debug_ranges  0x0000000000000910      0x268 ./Drivers/STM32H7xx_HAL_Driver/Src/stm32h7xx_hal_uart.o
 .debug_ranges  0x0000000000000b78       0x90 ./Drivers/STM32H7xx_HAL_Driver/Src/stm32h7xx_hal_uart_ex.o

.debug_macro    0x0000000000000000    0x38927
 .debug_macro   0x0000000000000000      0x2bc ./Core/Src/Lcd/FT801.o
 .debug_macro   0x00000000000002bc      0xa90 ./Core/Src/Lcd/FT801.o
 .debug_macro   0x0000000000000d4c      0x238 ./Core/Src/Lcd/FT801.o
 .debug_macro   0x0000000000000f84       0x2e ./Core/Src/Lcd/FT801.o
 .debug_macro   0x0000000000000fb2       0x3b ./Core/Src/Lcd/FT801.o
 .debug_macro   0x0000000000000fed       0x22 ./Core/Src/Lcd/FT801.o
 .debug_macro   0x000000000000100f       0x8e ./Core/Src/Lcd/FT801.o
 .debug_macro   0x000000000000109d       0x51 ./Core/Src/Lcd/FT801.o
 .debug_macro   0x00000000000010ee      0x103 ./Core/Src/Lcd/FT801.o
 .debug_macro   0x00000000000011f1       0x6a ./Core/Src/Lcd/FT801.o
 .debug_macro   0x000000000000125b      0x1df ./Core/Src/Lcd/FT801.o
 .debug_macro   0x000000000000143a       0x1c ./Core/Src/Lcd/FT801.o
 .debug_macro   0x0000000000001456       0x22 ./Core/Src/Lcd/FT801.o
 .debug_macro   0x0000000000001478       0xfb ./Core/Src/Lcd/FT801.o
 .debug_macro   0x0000000000001573     0x1305 ./Core/Src/Lcd/FT801.o
 .debug_macro   0x0000000000002878      0x11f ./Core/Src/Lcd/FT801.o
 .debug_macro   0x0000000000002997       0x27 ./Core/Src/Lcd/FT801.o
 .debug_macro   0x00000000000029be    0x2587a ./Core/Src/Lcd/FT801.o
 .debug_macro   0x0000000000028238       0x6d ./Core/Src/Lcd/FT801.o
 .debug_macro   0x00000000000282a5     0x3d22 ./Core/Src/Lcd/FT801.o
 .debug_macro   0x000000000002bfc7      0x174 ./Core/Src/Lcd/FT801.o
 .debug_macro   0x000000000002c13b       0x52 ./Core/Src/Lcd/FT801.o
 .debug_macro   0x000000000002c18d       0x1d ./Core/Src/Lcd/FT801.o
 .debug_macro   0x000000000002c1aa       0x3c ./Core/Src/Lcd/FT801.o
 .debug_macro   0x000000000002c1e6       0x34 ./Core/Src/Lcd/FT801.o
 .debug_macro   0x000000000002c21a       0x16 ./Core/Src/Lcd/FT801.o
 .debug_macro   0x000000000002c230       0x43 ./Core/Src/Lcd/FT801.o
 .debug_macro   0x000000000002c273       0x34 ./Core/Src/Lcd/FT801.o
 .debug_macro   0x000000000002c2a7       0x10 ./Core/Src/Lcd/FT801.o
 .debug_macro   0x000000000002c2b7       0x58 ./Core/Src/Lcd/FT801.o
 .debug_macro   0x000000000002c30f       0x71 ./Core/Src/Lcd/FT801.o
 .debug_macro   0x000000000002c380       0x1c ./Core/Src/Lcd/FT801.o
 .debug_macro   0x000000000002c39c      0x12a ./Core/Src/Lcd/FT801.o
 .debug_macro   0x000000000002c4c6      0x341 ./Core/Src/Lcd/FT801.o
 .debug_macro   0x000000000002c807      0x19b ./Core/Src/Lcd/FT801.o
 .debug_macro   0x000000000002c9a2       0x5d ./Core/Src/Lcd/FT801.o
 .debug_macro   0x000000000002c9ff     0x2382 ./Core/Src/Lcd/FT801.o
 .debug_macro   0x000000000002ed81     0x1002 ./Core/Src/Lcd/FT801.o
 .debug_macro   0x000000000002fd83      0x14d ./Core/Src/Lcd/FT801.o
 .debug_macro   0x000000000002fed0      0x114 ./Core/Src/Lcd/FT801.o
 .debug_macro   0x000000000002ffe4      0x3b2 ./Core/Src/Lcd/FT801.o
 .debug_macro   0x0000000000030396       0xac ./Core/Src/Lcd/FT801.o
 .debug_macro   0x0000000000030442      0x72d ./Core/Src/Lcd/FT801.o
 .debug_macro   0x0000000000030b6f      0x228 ./Core/Src/Lcd/FT801.o
 .debug_macro   0x0000000000030d97       0x66 ./Core/Src/Lcd/FT801.o
 .debug_macro   0x0000000000030dfd      0x3bb ./Core/Src/Lcd/FT801.o
 .debug_macro   0x00000000000311b8      0x3e4 ./Core/Src/Lcd/FT801.o
 .debug_macro   0x000000000003159c      0x275 ./Core/Src/Lcd/FT801.o
 .debug_macro   0x0000000000031811      0x3ca ./Core/Src/Lcd/FT801.o
 .debug_macro   0x0000000000031bdb      0x408 ./Core/Src/Lcd/FT801.o
 .debug_macro   0x0000000000031fe3       0x51 ./Core/Src/Lcd/FT801.o
 .debug_macro   0x0000000000032034       0x4a ./Core/Src/Lcd/FT801.o
 .debug_macro   0x000000000003207e      0x22c ./Core/Src/Lcd/FT801.o
 .debug_macro   0x00000000000322aa       0x67 ./Core/Src/Lcd/FT801.o
 .debug_macro   0x0000000000032311       0xa5 ./Core/Src/Lcd/FT801.o
 .debug_macro   0x00000000000323b6      0x1c4 ./Core/Src/Lcd/FT801.o
 .debug_macro   0x000000000003257a      0x25e ./Core/Src/Lcd/FT801.o
 .debug_macro   0x00000000000327d8       0x35 ./Core/Src/Lcd/FT801.o
 .debug_macro   0x000000000003280d      0x5e4 ./Core/Src/Lcd/FT801.o
 .debug_macro   0x0000000000032df1       0x9e ./Core/Src/Lcd/FT801.o
 .debug_macro   0x0000000000032e8f      0x67e ./Core/Src/Lcd/FT801.o
 .debug_macro   0x000000000003350d       0xa6 ./Core/Src/Lcd/FT801.o
 .debug_macro   0x00000000000335b3      0x5a0 ./Core/Src/Lcd/FT801.o
 .debug_macro   0x0000000000033b53      0xf52 ./Core/Src/Lcd/FT801.o
 .debug_macro   0x0000000000034aa5      0x312 ./Core/Src/Lcd/lcd.o
 .debug_macro   0x0000000000034db7       0xa0 ./Core/Src/Lcd/lcd.o
 .debug_macro   0x0000000000034e57      0x100 ./Core/Src/Lcd/lcd.o
 .debug_macro   0x0000000000034f57       0x70 ./Core/Src/Lcd/lcd.o
 .debug_macro   0x0000000000034fc7       0xd0 ./Core/Src/Lcd/lcd.o
 .debug_macro   0x0000000000035097      0x14e ./Core/Src/Lcd/lcd.o
 .debug_macro   0x00000000000351e5       0xbe ./Core/Src/Lcd/lcd.o
 .debug_macro   0x00000000000352a3      0x2de ./Core/Src/main.o
 .debug_macro   0x0000000000035581      0xf58 ./Core/Src/main.o
 .debug_macro   0x00000000000364d9      0x2d4 ./Core/Src/mode.o
 .debug_macro   0x00000000000367ad      0x2de ./Core/Src/stm32h7xx_hal_msp.o
 .debug_macro   0x0000000000036a8b      0x2e8 ./Core/Src/stm32h7xx_it.o
 .debug_macro   0x0000000000036d73      0x2ad ./Core/Src/system_stm32h7xx.o
 .debug_macro   0x0000000000037020      0x2d7 ./Drivers/STM32H7xx_HAL_Driver/Src/stm32h7xx_hal.o
 .debug_macro   0x00000000000372f7      0x2ad ./Drivers/STM32H7xx_HAL_Driver/Src/stm32h7xx_hal_cortex.o
 .debug_macro   0x00000000000375a4      0x2b4 ./Drivers/STM32H7xx_HAL_Driver/Src/stm32h7xx_hal_gpio.o
 .debug_macro   0x0000000000037858      0x2e6 ./Drivers/STM32H7xx_HAL_Driver/Src/stm32h7xx_hal_pwr_ex.o
 .debug_macro   0x0000000000037b3e      0x2d1 ./Drivers/STM32H7xx_HAL_Driver/Src/stm32h7xx_hal_rcc.o
 .debug_macro   0x0000000000037e0f      0x2cb ./Drivers/STM32H7xx_HAL_Driver/Src/stm32h7xx_hal_rcc_ex.o
 .debug_macro   0x00000000000380da      0x2bc ./Drivers/STM32H7xx_HAL_Driver/Src/stm32h7xx_hal_spi.o
 .debug_macro   0x0000000000038396      0x2d8 ./Drivers/STM32H7xx_HAL_Driver/Src/stm32h7xx_hal_uart.o
 .debug_macro   0x000000000003866e      0x2b9 ./Drivers/STM32H7xx_HAL_Driver/Src/stm32h7xx_hal_uart_ex.o

.debug_line     0x0000000000000000    0x11d52
 .debug_line    0x0000000000000000      0xc1a ./Core/Src/Lcd/FT801.o
 .debug_line    0x0000000000000c1a      0xe52 ./Core/Src/Lcd/lcd.o
 .debug_line    0x0000000000001a6c      0xa2e ./Core/Src/main.o
 .debug_line    0x000000000000249a      0x87e ./Core/Src/mode.o
 .debug_line    0x0000000000002d18      0x94f ./Core/Src/stm32h7xx_hal_msp.o
 .debug_line    0x0000000000003667      0x959 ./Core/Src/stm32h7xx_it.o
 .debug_line    0x0000000000003fc0      0x9f6 ./Core/Src/system_stm32h7xx.o
 .debug_line    0x00000000000049b6       0x88 ./Core/Startup/startup_stm32h743vitx.o
 .debug_line    0x0000000000004a3e      0xdf4 ./Drivers/STM32H7xx_HAL_Driver/Src/stm32h7xx_hal.o
 .debug_line    0x0000000000005832      0xdfa ./Drivers/STM32H7xx_HAL_Driver/Src/stm32h7xx_hal_cortex.o
 .debug_line    0x000000000000662c      0xcb7 ./Drivers/STM32H7xx_HAL_Driver/Src/stm32h7xx_hal_gpio.o
 .debug_line    0x00000000000072e3      0xf0e ./Drivers/STM32H7xx_HAL_Driver/Src/stm32h7xx_hal_pwr_ex.o
 .debug_line    0x00000000000081f1     0x1362 ./Drivers/STM32H7xx_HAL_Driver/Src/stm32h7xx_hal_rcc.o
 .debug_line    0x0000000000009553     0x1b1c ./Drivers/STM32H7xx_HAL_Driver/Src/stm32h7xx_hal_rcc_ex.o
 .debug_line    0x000000000000b06f     0x1fc4 ./Drivers/STM32H7xx_HAL_Driver/Src/stm32h7xx_hal_spi.o
 .debug_line    0x000000000000d033     0x3e4d ./Drivers/STM32H7xx_HAL_Driver/Src/stm32h7xx_hal_uart.o
 .debug_line    0x0000000000010e80      0xed2 ./Drivers/STM32H7xx_HAL_Driver/Src/stm32h7xx_hal_uart_ex.o

.debug_str      0x0000000000000000   0x15e939
 .debug_str     0x0000000000000000   0x158853 ./Core/Src/Lcd/FT801.o
                                     0x158d0a (size before relaxing)
 .debug_str     0x0000000000158853     0x1ccd ./Core/Src/Lcd/lcd.o
                                     0x15a8f0 (size before relaxing)
 .debug_str     0x000000000015a520      0xf7c ./Core/Src/main.o
                                     0x159c18 (size before relaxing)
 .debug_str     0x000000000015b49c       0x26 ./Core/Src/mode.o
                                     0x158e51 (size before relaxing)
 .debug_str     0x000000000015b4c2      0x39d ./Core/Src/stm32h7xx_hal_msp.o
                                     0x1593f8 (size before relaxing)
 .debug_str     0x000000000015b85f       0xf7 ./Core/Src/stm32h7xx_it.o
                                     0x158640 (size before relaxing)
 .debug_str     0x000000000015b956      0x344 ./Core/Src/system_stm32h7xx.o
                                     0x155322 (size before relaxing)
 .debug_str     0x000000000015bc9a       0x36 ./Core/Startup/startup_stm32h743vitx.o
                                         0x7c (size before relaxing)
 .debug_str     0x000000000015bcd0      0x7ef ./Drivers/STM32H7xx_HAL_Driver/Src/stm32h7xx_hal.o
                                     0x156238 (size before relaxing)
 .debug_str     0x000000000015c4bf      0x347 ./Drivers/STM32H7xx_HAL_Driver/Src/stm32h7xx_hal_cortex.o
                                     0x155c3b (size before relaxing)
 .debug_str     0x000000000015c806       0xb3 ./Drivers/STM32H7xx_HAL_Driver/Src/stm32h7xx_hal_gpio.o
                                     0x1552d9 (size before relaxing)
 .debug_str     0x000000000015c8b9      0x642 ./Drivers/STM32H7xx_HAL_Driver/Src/stm32h7xx_hal_pwr_ex.o
                                     0x15579a (size before relaxing)
 .debug_str     0x000000000015cefb      0x22e ./Drivers/STM32H7xx_HAL_Driver/Src/stm32h7xx_hal_rcc.o
                                     0x1556bd (size before relaxing)
 .debug_str     0x000000000015d129      0x64b ./Drivers/STM32H7xx_HAL_Driver/Src/stm32h7xx_hal_rcc_ex.o
                                     0x155b75 (size before relaxing)
 .debug_str     0x000000000015d774      0x552 ./Drivers/STM32H7xx_HAL_Driver/Src/stm32h7xx_hal_spi.o
                                     0x1559d3 (size before relaxing)
 .debug_str     0x000000000015dcc6      0xa20 ./Drivers/STM32H7xx_HAL_Driver/Src/stm32h7xx_hal_uart.o
                                     0x1561d6 (size before relaxing)
 .debug_str     0x000000000015e6e6      0x253 ./Drivers/STM32H7xx_HAL_Driver/Src/stm32h7xx_hal_uart_ex.o
                                     0x15577c (size before relaxing)

.comment        0x0000000000000000       0x50
 .comment       0x0000000000000000       0x50 ./Core/Src/Lcd/FT801.o
                                         0x51 (size before relaxing)
 .comment       0x0000000000000050       0x51 ./Core/Src/Lcd/lcd.o
 .comment       0x0000000000000050       0x51 ./Core/Src/main.o
 .comment       0x0000000000000050       0x51 ./Core/Src/mode.o
 .comment       0x0000000000000050       0x51 ./Core/Src/stm32h7xx_hal_msp.o
 .comment       0x0000000000000050       0x51 ./Core/Src/stm32h7xx_it.o
 .comment       0x0000000000000050       0x51 ./Core/Src/system_stm32h7xx.o
 .comment       0x0000000000000050       0x51 ./Drivers/STM32H7xx_HAL_Driver/Src/stm32h7xx_hal.o
 .comment       0x0000000000000050       0x51 ./Drivers/STM32H7xx_HAL_Driver/Src/stm32h7xx_hal_cortex.o
 .comment       0x0000000000000050       0x51 ./Drivers/STM32H7xx_HAL_Driver/Src/stm32h7xx_hal_gpio.o
 .comment       0x0000000000000050       0x51 ./Drivers/STM32H7xx_HAL_Driver/Src/stm32h7xx_hal_pwr_ex.o
 .comment       0x0000000000000050       0x51 ./Drivers/STM32H7xx_HAL_Driver/Src/stm32h7xx_hal_rcc.o
 .comment       0x0000000000000050       0x51 ./Drivers/STM32H7xx_HAL_Driver/Src/stm32h7xx_hal_rcc_ex.o
 .comment       0x0000000000000050       0x51 ./Drivers/STM32H7xx_HAL_Driver/Src/stm32h7xx_hal_spi.o
 .comment       0x0000000000000050       0x51 ./Drivers/STM32H7xx_HAL_Driver/Src/stm32h7xx_hal_uart.o
 .comment       0x0000000000000050       0x51 ./Drivers/STM32H7xx_HAL_Driver/Src/stm32h7xx_hal_uart_ex.o

.debug_frame    0x0000000000000000     0x34b0
 .debug_frame   0x0000000000000000      0x16c ./Core/Src/Lcd/FT801.o
 .debug_frame   0x000000000000016c      0x270 ./Core/Src/Lcd/lcd.o
 .debug_frame   0x00000000000003dc       0xe8 ./Core/Src/main.o
 .debug_frame   0x00000000000004c4       0x50 ./Core/Src/mode.o
 .debug_frame   0x0000000000000514       0xd0 ./Core/Src/stm32h7xx_hal_msp.o
 .debug_frame   0x00000000000005e4      0x120 ./Core/Src/stm32h7xx_it.o
 .debug_frame   0x0000000000000704       0x58 ./Core/Src/system_stm32h7xx.o
 .debug_frame   0x000000000000075c      0x690 ./Drivers/STM32H7xx_HAL_Driver/Src/stm32h7xx_hal.o
 .debug_frame   0x0000000000000dec      0x4b8 ./Drivers/STM32H7xx_HAL_Driver/Src/stm32h7xx_hal_cortex.o
 .debug_frame   0x00000000000012a4      0x14c ./Drivers/STM32H7xx_HAL_Driver/Src/stm32h7xx_hal_gpio.o
 .debug_frame   0x00000000000013f0      0x580 ./Drivers/STM32H7xx_HAL_Driver/Src/stm32h7xx_hal_pwr_ex.o
 .debug_frame   0x0000000000001970      0x1f8 ./Drivers/STM32H7xx_HAL_Driver/Src/stm32h7xx_hal_rcc.o
 .debug_frame   0x0000000000001b68      0x3f4 ./Drivers/STM32H7xx_HAL_Driver/Src/stm32h7xx_hal_rcc_ex.o
 .debug_frame   0x0000000000001f5c      0x778 ./Drivers/STM32H7xx_HAL_Driver/Src/stm32h7xx_hal_spi.o
 .debug_frame   0x00000000000026d4      0xa94 ./Drivers/STM32H7xx_HAL_Driver/Src/stm32h7xx_hal_uart.o
 .debug_frame   0x0000000000003168      0x29c ./Drivers/STM32H7xx_HAL_Driver/Src/stm32h7xx_hal_uart_ex.o
 .debug_frame   0x0000000000003404       0x2c c:/st/stm32cubeide_1.9.0/stm32cubeide/plugins/com.st.stm32cube.ide.mcu.externaltools.gnu-tools-for-stm32.10.3-2021.10.win32_1.0.0.202111181127/tools/bin/../lib/gcc/arm-none-eabi/10.3.1/../../../../arm-none-eabi/lib/thumb/v7e-m+dp/hard\libc_nano.a(lib_a-init.o)
 .debug_frame   0x0000000000003430       0x20 c:/st/stm32cubeide_1.9.0/stm32cubeide/plugins/com.st.stm32cube.ide.mcu.externaltools.gnu-tools-for-stm32.10.3-2021.10.win32_1.0.0.202111181127/tools/bin/../lib/gcc/arm-none-eabi/10.3.1/../../../../arm-none-eabi/lib/thumb/v7e-m+dp/hard\libc_nano.a(lib_a-memset.o)
 .debug_frame   0x0000000000003450       0x2c c:/st/stm32cubeide_1.9.0/stm32cubeide/plugins/com.st.stm32cube.ide.mcu.externaltools.gnu-tools-for-stm32.10.3-2021.10.win32_1.0.0.202111181127/tools/bin/../lib/gcc/arm-none-eabi/10.3.1/thumb/v7e-m+dp/hard\libgcc.a(_aeabi_uldivmod.o)
 .debug_frame   0x000000000000347c       0x34 c:/st/stm32cubeide_1.9.0/stm32cubeide/plugins/com.st.stm32cube.ide.mcu.externaltools.gnu-tools-for-stm32.10.3-2021.10.win32_1.0.0.202111181127/tools/bin/../lib/gcc/arm-none-eabi/10.3.1/thumb/v7e-m+dp/hard\libgcc.a(_udivmoddi4.o)
