../Core/Src/Lcd/lcd.c:5:6:LCD_Init	16	static
../Core/Src/Lcd/lcd.c:32:6:LCD_reset	8	static
../Core/Src/Lcd/lcd.c:42:6:LCD_wakeup	16	static
../Core/Src/Lcd/lcd.c:51:6:LCD_displayInit	16	static
../Core/Src/Lcd/lcd.c:103:6:LCD_touchInit	16	static
../Core/Src/Lcd/lcd.c:108:6:LCD_audioInit	16	static
../Core/Src/Lcd/lcd.c:114:10:LCD_readTouch	24	static
../Core/Src/Lcd/lcd.c:130:6:LCD_displayLogo	16	static
../Core/Src/Lcd/lcd.c:150:6:LCD_number	24	static
../Core/Src/Lcd/lcd.c:172:6:LCD_text	32	static
../Core/Src/Lcd/lcd.c:192:6:LCD_cross	24	static
../Core/Src/Lcd/lcd.c:216:6:LCD_startFrame	16	static
../Core/Src/Lcd/lcd.c:228:6:LCD_displayIR	16	static
../Core/Src/Lcd/lcd.c:251:6:LCD_gradient	24	static
../Core/Src/Lcd/lcd.c:272:6:LCD_endFrame	16	static
../Core/Src/Lcd/lcd.c:284:6:LCD_calibration	24	static
../Core/Src/Lcd/lcd.c:295:6:LCD_button	24	static
